ARM Linker, 4.1 [Build 894] [Standard]

==============================================================================

Section Cross References

    stm32f10x_it.o(.text) refers to utility.o(.text) for delay_ms
    stm32f10x_it.o(.text) refers to stm32f10x_gpio.o(.text) for GPIO_ReadInputDataBit
    stm32f10x_it.o(.text) refers to ra8875.o(.text) for PWM1_duty_cycle
    stm32f10x_it.o(.text) refers to stm32f10x_exti.o(.text) for EXTI_ClearITPendingBit
    stm32f10x_it.o(.text) refers to os_core.o(.text) for OSIntEnter
    stm32f10x_it.o(.text) refers to os_task.o(.text) for OSTaskResume
    stm32f10x_it.o(.text) refers to stm32f10x_usart.o(.text) for USART_GetITStatus
    stm32f10x_it.o(.text) refers to bp_config.o(.data) for KeyYesPressed
    stm32f10x_it.o(.text) refers to main.o(.data) for pput
    stm32f10x_it.o(.text) refers to main.o(.bss) for USART1_BUF
    stm32f10x_it.o(.text) refers to stm32f10x_it.o(.data) for lastget
    main.o(.text) refers to interface.o(.text) for BP_UCGUI_Task
    main.o(.text) refers to _printf_percent.o(.ARM.Collect$$_printf_percent$$00000000) for _printf_percent
    main.o(.text) refers to _printf_d.o(.ARM.Collect$$_printf_percent$$00000009) for _printf_d
    main.o(.text) refers to _printf_dec.o(.text) for _printf_int_dec
    main.o(.text) refers to wm.o(.text) for WM_Exec
    main.o(.text) refers to gui_x_ucos.o(.text) for GUI_X_ExecIdle
    main.o(.text) refers to os_time.o(.text) for OSTimeDly
    main.o(.text) refers to stm32f10x_adc.o(.text) for ADC_SoftwareStartConvCmd
    main.o(.text) refers to daad.o(.text) for AD_filter
    main.o(.text) refers to os_task.o(.text) for OSTaskResume
    main.o(.text) refers to tft.o(.text) for tft_gettouchpoint
    main.o(.text) refers to gui_touch_driveranalog.o(.text) for GUI_TOUCH_Exec
    main.o(.text) refers to ra8875.o(.text) for clear_TP_interrupt
    main.o(.text) refers to __2printf.o(.text) for __2printf
    main.o(.text) refers to os_cpu_c.o(.text) for OS_CPU_SysTickInit
    main.o(.text) refers to bp_config.o(.text) for bpboard_init
    main.o(.text) refers to guicore.o(.text) for GUI_Init
    main.o(.text) refers to os_core.o(.text) for OSInit
    main.o(.text) refers to gui_setcolor.o(.text) for GUI_SetBkColor
    main.o(.text) refers to gui_fillrect.o(.text) for GUI_FillRect
    main.o(.text) refers to led.o(.text) for beep_run
    main.o(.text) refers to bp_config.o(.data) for After_filter
    main.o(.text) refers to main.o(.data) for pput
    main.o(.text) refers to main.o(.bss) for USART1_BUF
    main.o(.text) refers to bp_externs.o(.data) for sup_state
    bp_config.o(.text) refers to _printf_pad.o(.text) for _printf_pre_padding
    bp_config.o(.text) refers to _printf_percent.o(.ARM.Collect$$_printf_percent$$00000000) for _printf_percent
    bp_config.o(.text) refers to _printf_f.o(.ARM.Collect$$_printf_percent$$00000003) for _printf_f
    bp_config.o(.text) refers to printf1.o(x$fpl$printf1) for _printf_fp_dec
    bp_config.o(.text) refers to stm32f10x_rcc.o(.text) for RCC_APB2PeriphClockCmd
    bp_config.o(.text) refers to misc.o(.text) for NVIC_PriorityGroupConfig
    bp_config.o(.text) refers to stm32f10x_gpio.o(.text) for GPIO_EXTILineConfig
    bp_config.o(.text) refers to stm32f10x_exti.o(.text) for EXTI_Init
    bp_config.o(.text) refers to daad.o(.text) for BP_ADC_INIT
    bp_config.o(.text) refers to stm32f10x_dma.o(.text) for DMA_Cmd
    bp_config.o(.text) refers to led.o(.text) for led_init
    bp_config.o(.text) refers to key.o(.text) for key_init
    bp_config.o(.text) refers to usart.o(.text) for usart_init
    bp_config.o(.text) refers to iic.o(.text) for iic_init
    bp_config.o(.text) refers to spiflash.o(.text) for spiflash_init
    bp_config.o(.text) refers to tft.o(.text) for tft_init
    bp_config.o(.text) refers to ra8875.o(.text) for LcdClear
    bp_config.o(.text) refers to __2printf.o(.text) for __2printf
    bp_config.o(.text) refers to bp_externs.o(.data) for sup_state
    bp_config.o(.text) refers to bp_config.o(.data) for backlight
    bp_config.o(.text) refers to bp_config.o(.constdata) for .constdata
    bp_config.o(.text) refers to tfcard.o(.text) for tfcard_init
    bp_config.o(.text) refers to utility.o(.text) for delay_ms
    bp_config.o(.text) refers to tapdev.o(.text) for tapdev_init
    bp_config.o(.text) refers to bptimer.o(.text) for TIM6_Int_Init
    bp_config.o(.text) refers to uip.o(.text) for uip_init
    bp_config.o(.text) refers to tcp_demo.o(.text) for uip_polling
    bp_config.o(.text) refers to uip.o(.data) for uip_hostaddr
    bp_config.o(.text) refers to fflt_clz.o(x$fpl$fflt) for __aeabi_i2f
    bp_config.o(.text) refers to fdiv.o(x$fpl$fdiv) for __aeabi_fdiv
    bp_config.o(.text) refers to f2d.o(x$fpl$f2d) for __aeabi_f2d
    bp_config.o(.text) refers to rand.o(.emb_text) for rand
    bp_config.o(.text) refers to fmul.o(x$fpl$fmul) for __aeabi_fmul
[...]
    acFont24B_ASCII_0048                     0x08024d28   Data          48  f24b_ascii.o(.constdata)
    acFont24B_ASCII_0049                     0x08024d58   Data          24  f24b_ascii.o(.constdata)
    acFont24B_ASCII_004A                     0x08024d70   Data          48  f24b_ascii.o(.constdata)
    acFont24B_ASCII_004B                     0x08024da0   Data          48  f24b_ascii.o(.constdata)
    acFont24B_ASCII_004C                     0x08024dd0   Data          48  f24b_ascii.o(.constdata)
    acFont24B_ASCII_004D                     0x08024e00   Data          72  f24b_ascii.o(.constdata)
    acFont24B_ASCII_004E                     0x08024e48   Data          48  f24b_ascii.o(.constdata)
    acFont24B_ASCII_004F                     0x08024e78   Data          48  f24b_ascii.o(.constdata)
    acFont24B_ASCII_0050                     0x08024ea8   Data          48  f24b_ascii.o(.constdata)
    acFont24B_ASCII_0051                     0x08024ed8   Data          48  f24b_ascii.o(.constdata)
    acFont24B_ASCII_0052                     0x08024f08   Data          48  f24b_ascii.o(.constdata)
    acFont24B_ASCII_0053                     0x08024f38   Data          48  f24b_ascii.o(.constdata)
    acFont24B_ASCII_0054                     0x08024f68   Data          48  f24b_ascii.o(.constdata)
    acFont24B_ASCII_0055                     0x08024f98   Data          48  f24b_ascii.o(.constdata)
    acFont24B_ASCII_0056                     0x08024fc8   Data          48  f24b_ascii.o(.constdata)
    acFont24B_ASCII_0057                     0x08024ff8   Data          72  f24b_ascii.o(.constdata)
    acFont24B_ASCII_0058                     0x08025040   Data          48  f24b_ascii.o(.constdata)
    acFont24B_ASCII_0059                     0x08025070   Data          48  f24b_ascii.o(.constdata)
    acFont24B_ASCII_005A                     0x080250a0   Data          48  f24b_ascii.o(.constdata)
    acFont24B_ASCII_005B                     0x080250d0   Data          24  f24b_ascii.o(.constdata)
    acFont24B_ASCII_005C                     0x080250e8   Data          24  f24b_ascii.o(.constdata)
    acFont24B_ASCII_005D                     0x08025100   Data          24  f24b_ascii.o(.constdata)
    acFont24B_ASCII_005E                     0x08025118   Data          48  f24b_ascii.o(.constdata)
    acFont24B_ASCII_005F                     0x08025148   Data          48  f24b_ascii.o(.constdata)
    acFont24B_ASCII_0060                     0x08025178   Data          24  f24b_ascii.o(.constdata)
    acFont24B_ASCII_0061                     0x08025190   Data          48  f24b_ascii.o(.constdata)
    acFont24B_ASCII_0062                     0x080251c0   Data          48  f24b_ascii.o(.constdata)
    acFont24B_ASCII_0063                     0x080251f0   Data          48  f24b_ascii.o(.constdata)
    acFont24B_ASCII_0064                     0x08025220   Data          48  f24b_ascii.o(.constdata)
    acFont24B_ASCII_0065                     0x08025250   Data          48  f24b_ascii.o(.constdata)
    acFont24B_ASCII_0066                     0x08025280   Data          24  f24b_ascii.o(.constdata)
    acFont24B_ASCII_0067                     0x08025298   Data          48  f24b_ascii.o(.constdata)
    acFont24B_ASCII_0068                     0x080252c8   Data          48  f24b_ascii.o(.constdata)
    acFont24B_ASCII_0069                     0x080252f8   Data          24  f24b_ascii.o(.constdata)
    acFont24B_ASCII_006A                     0x08025310   Data          24  f24b_ascii.o(.constdata)
    acFont24B_ASCII_006B                     0x08025328   Data          48  f24b_ascii.o(.constdata)
    acFont24B_ASCII_006C                     0x08025358   Data          24  f24b_ascii.o(.constdata)
    acFont24B_ASCII_006D                     0x08025370   Data          72  f24b_ascii.o(.constdata)
    acFont24B_ASCII_006E                     0x080253b8   Data          48  f24b_ascii.o(.constdata)
    acFont24B_ASCII_006F                     0x080253e8   Data          48  f24b_ascii.o(.constdata)
    acFont24B_ASCII_0070                     0x08025418   Data          48  f24b_ascii.o(.constdata)
    acFont24B_ASCII_0071                     0x08025448   Data          48  f24b_ascii.o(.constdata)
    acFont24B_ASCII_0072                     0x08025478   Data          24  f24b_ascii.o(.constdata)
    acFont24B_ASCII_0073                     0x08025490   Data          48  f24b_ascii.o(.constdata)
    acFont24B_ASCII_0074                     0x080254c0   Data          24  f24b_ascii.o(.constdata)
    acFont24B_ASCII_0075                     0x080254d8   Data          48  f24b_ascii.o(.constdata)
    acFont24B_ASCII_0076                     0x08025508   Data          48  f24b_ascii.o(.constdata)
    acFont24B_ASCII_0077                     0x08025538   Data          48  f24b_ascii.o(.constdata)
    acFont24B_ASCII_0078                     0x08025568   Data          48  f24b_ascii.o(.constdata)
    acFont24B_ASCII_0079                     0x08025598   Data          48  f24b_ascii.o(.constdata)
    acFont24B_ASCII_007A                     0x080255c8   Data          48  f24b_ascii.o(.constdata)
    acFont24B_ASCII_007B                     0x080255f8   Data          24  f24b_ascii.o(.constdata)
    acFont24B_ASCII_007C                     0x08025610   Data          24  f24b_ascii.o(.constdata)
    acFont24B_ASCII_007D                     0x08025628   Data          24  f24b_ascii.o(.constdata)
    acFont24B_ASCII_007E                     0x08025640   Data          48  f24b_ascii.o(.constdata)
    GUI_Font24B_ASCII_CharInfo               0x08025670   Data         760  f24b_ascii.o(.constdata)
    GUI_Font24B_ASCII_Prop1                  0x08025968   Data          12  f24b_ascii.o(.constdata)
    GUI_Font24B_ASCII                        0x08025974   Data          32  f24b_ascii.o(.constdata)
    Region$$Table$$Base                      0x08025b64   Number         0  anon$$obj.o(Region$$Table)
    Region$$Table$$Limit                     0x08025b84   Number         0  anon$$obj.o(Region$$Table)
    __ctype                                  0x08025bad   Data           0  lc_ctype_c.o(locale$$data)
    lastget                                  0x20000000   Data           1  stm32f10x_it.o(.data)
    uip_timer                                0x20000004   Data           4  stm32f10x_it.o(.data)
    DMARECE                                  0x20000008   Data           1  main.o(.data)
    BUFEXCEED                                0x2000000c   Data           4  main.o(.data)
    pput                                     0x20000010   Data           4  main.o(.data)
    pget                                     0x20000014   Data           4  main.o(.data)
    TYPE                                     0x20000018   Data           1  main.o(.data)
    TouchX                                   0x2000001c   Data           4  main.o(.data)
    TouchY                                   0x20000020   Data           4  main.o(.data)
    MyEventSem                               0x20000024   Data           4  main.o(.data)
    buf_sig                                  0x20000028   Data           1  bp_config.o(.data)
    control_sta                              0x20000029   Data           1  bp_config.o(.data)
    backlight                                0x2000002a   Data           1  bp_config.o(.data)
    After_filter                             0x2000002c   Data           2  bp_config.o(.data)
    KeyPressed                               0x2000002e   Data           1  bp_config.o(.data)
    KeyYesPressed                            0x2000002f   Data           1  bp_config.o(.data)
    KeyNoPressed                             0x20000030   Data           1  bp_config.o(.data)
    _hDialogMain                             0x20000040   Data           2  interface.o(.data)
    _hDialogControl                          0x20000042   Data           2  interface.o(.data)
    _hDialogPower                            0x20000044   Data           2  interface.o(.data)
    sup_state                                0x20000046   Data           1  bp_externs.o(.data)
    __stdout                                 0x2000004c   Data           4  regtarge.o(.data)
    __stdin                                  0x20000050   Data           4  regtarge.o(.data)
    GPIO_InitStructure                       0x20000054   Data           4  daad.o(.data)
    SystemCoreClock                          0x20000074   Data           4  system_stm32f10x.o(.data)
    AHBPrescTable                            0x20000078   Data          16  system_stm32f10x.o(.data)
    LPORT                                    0x20000088   Data           2  uip.o(.data)
    uip_ethaddr                              0x2000008a   Data           6  uip.o(.data)
    udp_send_flag                            0x20000090   Data           1  uip.o(.data)
    uip_hostaddr                             0x20000092   Data           4  uip.o(.data)
    uip_draddr                               0x20000096   Data           4  uip.o(.data)
    uip_netmask                              0x2000009a   Data           4  uip.o(.data)
    uip_appdata                              0x200000a0   Data           4  uip.o(.data)
    uip_sappdata                             0x200000a4   Data           4  uip.o(.data)
    uip_len                                  0x200000a8   Data           2  uip.o(.data)
    uip_slen                                 0x200000aa   Data           2  uip.o(.data)
    uip_flags                                0x200000ac   Data           1  uip.o(.data)
    uip_conn                                 0x200000b0   Data           4  uip.o(.data)
    uip_listenports                          0x200000b4   Data           2  uip.o(.data)
    uip_udp_conn                             0x200000b8   Data           4  uip.o(.data)
    uip_acc32                                0x200000c4   Data           4  uip.o(.data)
    OSCtxSwCtr                               0x200000e8   Data           4  os_core.o(.data)
    OSEventFreeList                          0x200000ec   Data           4  os_core.o(.data)
    OSFlagFreeList                           0x200000f0   Data           4  os_core.o(.data)
    OSIntNesting                             0x200000f4   Data           1  os_core.o(.data)
    OSLockNesting                            0x200000f5   Data           1  os_core.o(.data)
    OSPrioCur                                0x200000f6   Data           1  os_core.o(.data)
    OSPrioHighRdy                            0x200000f7   Data           1  os_core.o(.data)
    OSRdyGrp                                 0x200000f8   Data           1  os_core.o(.data)
    OSRdyTbl                                 0x200000f9   Data           8  os_core.o(.data)
    OSRunning                                0x20000101   Data           1  os_core.o(.data)
    OSTaskCtr                                0x20000102   Data           1  os_core.o(.data)
    OSIdleCtr                                0x20000104   Data           4  os_core.o(.data)
    OSTCBCur                                 0x20000108   Data           4  os_core.o(.data)
    OSTCBFreeList                            0x2000010c   Data           4  os_core.o(.data)
    OSTCBHighRdy                             0x20000110   Data           4  os_core.o(.data)
    OSTCBList                                0x20000114   Data           4  os_core.o(.data)
    OSTickStepState                          0x20000118   Data           1  os_core.o(.data)
    OSMemFreeList                            0x2000011c   Data           4  os_core.o(.data)
    OSQFreeList                              0x20000120   Data           4  os_core.o(.data)
    OSTime                                   0x20000124   Data           4  os_core.o(.data)
    OSTmrFree                                0x20000128   Data           2  os_core.o(.data)
    OSTmrUsed                                0x2000012a   Data           2  os_core.o(.data)
    OSTmrTime                                0x2000012c   Data           4  os_core.o(.data)
    OSTmrSem                                 0x20000130   Data           4  os_core.o(.data)
    OSTmrSemSignal                           0x20000134   Data           4  os_core.o(.data)
    OSTmrFreeList                            0x20000138   Data           4  os_core.o(.data)
    OS_CPU_ExceptStkBase                     0x2000013c   Data           4  os_cpu_c.o(.data)
    GUI_pfKeyMsgHook                         0x20000158   Data           4  gui_onkey.o(.data)
    GUI_DecChar                              0x2000019c   Data           1  guicore.o(.data)
    GUI_pfTimerExec                          0x200001a0   Data           4  guicore.o(.data)
    WM_pfHandlePID                           0x200001a4   Data           4  guicore.o(.data)
    GUI_pfDispCharStyle                      0x200001a8   Data           4  guicore.o(.data)
    GUI_pLCD_APIList                         0x200001ac   Data           4  guicore.o(.data)
    GUI_CURSOR_pfTempHide                    0x200001b0   Data           4  guicore.o(.data)
    GUI_CURSOR_pfTempUnhide                  0x200001b4   Data           4  guicore.o(.data)
    LCD_aAPI                                 0x200001f4   Data           4  lcd_api.o(.data)
    WM__CHWinModal                           0x200001f8   Data           8  wmtouch.o(.data)
    WM__CHWinLast                            0x20000200   Data           8  wmtouch.o(.data)
    WM__NumWindows                           0x2000020a   Data           2  wm.o(.data)
    WM__NumInvalidWindows                    0x2000020c   Data           2  wm.o(.data)
    WM__FirstWin                             0x2000020e   Data           2  wm.o(.data)
    WM__pFirstCriticalHandle                 0x20000210   Data           4  wm.o(.data)
    WM__ahDesktopWin                         0x20000214   Data           2  wm.o(.data)
    WM__aBkColor                             0x20000218   Data           4  wm.o(.data)
    WM_IsActive                              0x2000021c   Data           1  wm.o(.data)
    WM__CreateFlags                          0x2000021e   Data           2  wm.o(.data)
    WM__hCapture                             0x20000220   Data           2  wm.o(.data)
    WM__hWinFocus                            0x20000222   Data           2  wm.o(.data)
    WM__CaptureReleaseAuto                   0x20000224   Data           1  wm.o(.data)
    WM_pfPollPID                             0x20000228   Data           4  wm.o(.data)
    WM__PaintCallbackCnt                     0x2000022c   Data           1  wm.o(.data)
    WM__TransWindowCnt                       0x20000230   Data           4  wm.o(.data)
    WM__hATransWindow                        0x20000234   Data           2  wm.o(.data)
    BUTTON__DefaultProps                     0x20000240   Data          32  button.o(.data)
    CHECKBOX__DefaultProps                   0x20000260   Data          40  checkbox.o(.data)
    EDIT__DefaultProps                       0x2000028c   Data          28  edit.o(.data)
    FRAMEWIN__DefaultProps                   0x200002a8   Data          32  framewin.o(.data)
    _pEffectDefault                          0x200002d4   Data           4  widget.o(.data)
    WINDOW__DefaultBkColor                   0x200002d8   Data           4  window.o(.data)
    spiflashbuf                              0x200002f0   Data        4096  spiflash.o(.bss)
    uip_buf                                  0x200012f0   Data        1502  uip.o(.bss)
    uip_conns                                0x200018ce   Data          28  uip.o(.bss)
    uip_udp_conns                            0x200018ea   Data          10  uip.o(.bss)
    uip_stat                                 0x200018f4   Data          52  uip.o(.bss)
    OS_CPU_ExceptStk                         0x20001988   Data         512  os_cpu_c.o(.bss)
    GUI_Context                              0x20001bc4   Data          88  guicore.o(.bss)
    LCD__aConvTable                          0x20001d8c   Data         512  lcdcolor.o(.bss)
    WM_PID__StateLast                        0x20001f8c   Data          12  wm.o(.bss)
    AdDataBuff1                              0x20002000   Data        1024  bp_config.o(.ARM.__AT_0x20002000)
    AdDataBuff2                              0x20002400   Data        1024  bp_config.o(.ARM.__AT_0x20002400)
    AD_Value                                 0x20002800   Data          20  bp_config.o(.ARM.__AT_0x20002800)
    USART1_BUF                               0x20005818   Data         100  main.o(.bss)
    CJDY                                     0x2000587c   Data          16  main.o(.bss)
    OSEventTbl                               0x2000588c   Data         240  os_core.o(.bss)
    OSFlagTbl                                0x2000597c   Data          80  os_core.o(.bss)
    OSTaskIdleStk                            0x200059cc   Data         512  os_core.o(.bss)
    OSTCBPrioTbl                             0x20005bcc   Data         256  os_core.o(.bss)
    OSTCBTbl                                 0x20005ccc   Data        1848  os_core.o(.bss)
    OSMemTbl                                 0x20006404   Data         120  os_core.o(.bss)
    OSQTbl                                   0x2000647c   Data          96  os_core.o(.bss)
    OSTmrTbl                                 0x200064dc   Data         640  os_core.o(.bss)
    OSTmrTaskStk                             0x2000675c   Data         512  os_core.o(.bss)
    OSTmrWheelTbl                            0x2000695c   Data          64  os_core.o(.bss)
    GUI_Heap                                 0x2000699c   Data        9216  guialloc.o(.bss)
    GUI_ALLOC                                0x200096ac   Data          20  guialloc.o(.bss)
    _random_number_data                      0x200096c0   Data         228  rand.o(.bss)
    __libspace_start                         0x200097a4   Data          96  libspace.o(.bss)
    __temporary_stack_top$libspace           0x20009804   Data           0  libspace.o(.bss)



==============================================================================

Memory Map of the image

  Image Entry point : 0x08000131

  Load Region LR_IROM1 (Base: 0x08000000, Size: 0x00025fa0, Max: 0x00080000, ABSOLUTE, COMPRESSED[0x00025d44])

    Execution Region ER_IROM1 (Base: 0x08000000, Size: 0x00025cb0, Max: 0x00080000, ABSOLUTE)

    Base Addr    Size         Type   Attr      Idx    E Section Name        Object

    0x08000000   0x00000130   Data   RO          420    RESET               startup_stm32f10x_hd.o
    0x08000130   0x00000008   Code   RO         9123  * !!!main             c_w.l(__main.o)
    0x08000138   0x00000034   Code   RO         9544    !!!scatter          c_w.l(__scatter.o)
    0x0800016c   0x0000005a   Code   RO         9542    !!dczerorl2         c_w.l(__dczerorl2.o)
    0x080001c6   0x00000002   PAD
    0x080001c8   0x0000001c   Code   RO         9546    !!handler_zi        c_w.l(__scatter_zi.o)
    0x080001e4   0x00000000   Code   RO         9093    .ARM.Collect$$_printf_percent$$00000000  c_w.l(_printf_percent.o)
    0x080001e4   0x00000006   Code   RO         9273    .ARM.Collect$$_printf_percent$$00000001  c_w.l(_printf_n.o)
    0x080001ea   0x00000006   Code   RO         9275    .ARM.Collect$$_printf_percent$$00000002  c_w.l(_printf_p.o)
    0x080001f0   0x00000006   Code   RO         9092    .ARM.Collect$$_printf_percent$$00000003  c_w.l(_printf_f.o)
    0x080001f6   0x00000006   Code   RO         9279    .ARM.Collect$$_printf_percent$$00000004  c_w.l(_printf_e.o)
    0x080001fc   0x00000006   Code   RO         9280    .ARM.Collect$$_printf_percent$$00000005  c_w.l(_printf_g.o)
    0x08000202   0x00000006   Code   RO         9281    .ARM.Collect$$_printf_percent$$00000006  c_w.l(_printf_a.o)
    0x08000208   0x0000000a   Code   RO         9286    .ARM.Collect$$_printf_percent$$00000007  c_w.l(_printf_ll.o)
    0x08000212   0x00000006   Code   RO         9277    .ARM.Collect$$_printf_percent$$00000008  c_w.l(_printf_i.o)
    0x08000218   0x00000006   Code   RO         9091    .ARM.Collect$$_printf_percent$$00000009  c_w.l(_printf_d.o)
    0x0800021e   0x00000006   Code   RO         9278    .ARM.Collect$$_printf_percent$$0000000A  c_w.l(_printf_u.o)
    0x08000224   0x00000006   Code   RO         9276    .ARM.Collect$$_printf_percent$$0000000B  c_w.l(_printf_o.o)
    0x0800022a   0x00000006   Code   RO         9274    .ARM.Collect$$_printf_percent$$0000000C  c_w.l(_printf_x.o)
    0x08000230   0x00000006   Code   RO         9283    .ARM.Collect$$_printf_percent$$0000000D  c_w.l(_printf_lli.o)
    0x08000236   0x00000006   Code   RO         9284    .ARM.Collect$$_printf_percent$$0000000E  c_w.l(_printf_lld.o)
    0x0800023c   0x00000006   Code   RO         9285    .ARM.Collect$$_printf_percent$$0000000F  c_w.l(_printf_llu.o)
    0x08000242   0x00000006   Code   RO         9290    .ARM.Collect$$_printf_percent$$00000010  c_w.l(_printf_llo.o)
    0x08000248   0x00000006   Code   RO         9291    .ARM.Collect$$_printf_percent$$00000011  c_w.l(_printf_llx.o)
    0x0800024e   0x0000000a   Code   RO         9287    .ARM.Collect$$_printf_percent$$00000012  c_w.l(_printf_l.o)
    0x08000258   0x00000006   Code   RO         9272    .ARM.Collect$$_printf_percent$$00000013  c_w.l(_printf_c.o)
    0x0800025e   0x00000006   Code   RO         9090    .ARM.Collect$$_printf_percent$$00000014  c_w.l(_printf_s.o)
    0x08000264   0x00000006   Code   RO         9288    .ARM.Collect$$_printf_percent$$00000015  c_w.l(_printf_lc.o)
    0x0800026a   0x00000006   Code   RO         9289    .ARM.Collect$$_printf_percent$$00000016  c_w.l(_printf_ls.o)
    0x08000270   0x00000004   Code   RO         9282    .ARM.Collect$$_printf_percent$$00000017  c_w.l(_printf_percent_end.o)
    0x08000274   0x00000006   Code   RO         9461    .ARM.Collect$$libinit$$00000000  c_w.l(libinit.o)
    0x0800027a   0x00000000   Code   RO         9296    .ARM.Collect$$libinit$$00000006  c_w.l(libinit2.o)
    0x0800027a   0x00000000   Code   RO         9298    .ARM.Collect$$libinit$$00000008  c_w.l(libinit2.o)
    0x0800027a   0x00000004   Code   RO         9299    .ARM.Collect$$libinit$$00000009  c_w.l(libinit2.o)
    0x0800027e   0x00000000   Code   RO         9300    .ARM.Collect$$libinit$$0000000A  c_w.l(libinit2.o)
    0x0800027e   0x00000006   Code   RO         9301    .ARM.Collect$$libinit$$0000000B  c_w.l(libinit2.o)
    0x08000284   0x00000000   Code   RO         9303    .ARM.Collect$$libinit$$0000000D  c_w.l(libinit2.o)
    0x08000284   0x0000000c   Code   RO         9304    .ARM.Collect$$libinit$$0000000E  c_w.l(libinit2.o)
    0x08000290   0x00000000   Code   RO         9305    .ARM.Collect$$libinit$$0000000F  c_w.l(libinit2.o)
    0x08000290   0x00000000   Code   RO         9307    .ARM.Collect$$libinit$$00000011  c_w.l(libinit2.o)
    0x08000290   0x0000000a   Code   RO         9308    .ARM.Collect$$libinit$$00000012  c_w.l(libinit2.o)
    0x0800029a   0x00000000   Code   RO         9309    .ARM.Collect$$libinit$$00000013  c_w.l(libinit2.o)
    0x0800029a   0x00000000   Code   RO         9311    .ARM.Collect$$libinit$$00000015  c_w.l(libinit2.o)
    0x0800029a   0x00000000   Code   RO         9313    .ARM.Collect$$libinit$$00000017  c_w.l(libinit2.o)
    0x0800029a   0x00000000   Code   RO         9315    .ARM.Collect$$libinit$$00000019  c_w.l(libinit2.o)
    0x0800029a   0x00000000   Code   RO         9317    .ARM.Collect$$libinit$$0000001B  c_w.l(libinit2.o)
    0x0800029a   0x00000000   Code   RO         9319    .ARM.Collect$$libinit$$0000001D  c_w.l(libinit2.o)
    0x0800029a   0x00000000   Code   RO         9321    .ARM.Collect$$libinit$$0000001F  c_w.l(libinit2.o)
    0x0800029a   0x00000000   Code   RO         9323    .ARM.Collect$$libinit$$00000021  c_w.l(libinit2.o)
    0x0800029a   0x00000000   Code   RO         9327    .ARM.Collect$$libinit$$00000028  c_w.l(libinit2.o)
    0x0800029a   0x00000000   Code   RO         9329    .ARM.Collect$$libinit$$0000002A  c_w.l(libinit2.o)
    0x0800029a   0x00000000   Code   RO         9331    .ARM.Collect$$libinit$$0000002C  c_w.l(libinit2.o)
    0x0800029a   0x00000000   Code   RO         9333    .ARM.Collect$$libinit$$0000002E  c_w.l(libinit2.o)
    0x0800029a   0x00000002   Code   RO         9334    .ARM.Collect$$libinit$$0000002F  c_w.l(libinit2.o)
    0x0800029c   0x00000002   Code   RO         9506    .ARM.Collect$$libshutdown$$00000000  c_w.l(libshutdown.o)
    0x0800029e   0x00000000   Code   RO         9511    .ARM.Collect$$libshutdown$$00000003  c_w.l(libshutdown2.o)
    0x0800029e   0x00000000   Code   RO         9514    .ARM.Collect$$libshutdown$$00000006  c_w.l(libshutdown2.o)
    0x0800029e   0x00000000   Code   RO         9517    .ARM.Collect$$libshutdown$$00000009  c_w.l(libshutdown2.o)
    0x0800029e   0x00000000   Code   RO         9519    .ARM.Collect$$libshutdown$$0000000B  c_w.l(libshutdown2.o)
    0x0800029e   0x00000000   Code   RO         9522    .ARM.Collect$$libshutdown$$0000000E  c_w.l(libshutdown2.o)
    0x0800029e   0x00000002   Code   RO         9523    .ARM.Collect$$libshutdown$$0000000F  c_w.l(libshutdown2.o)
    0x080002a0   0x00000000   Code   RO         9221    .ARM.Collect$$rtentry$$00000000  c_w.l(rtentry.o)
    0x080002a0   0x00000000   Code   RO         9367    .ARM.Collect$$rtentry$$00000002  c_w.l(rtentry2.o)
    0x080002a0   0x00000006   Code   RO         9379    .ARM.Collect$$rtentry$$00000004  c_w.l(rtentry4.o)
    0x080002a6   0x00000000   Code   RO         9369    .ARM.Collect$$rtentry$$00000009  c_w.l(rtentry2.o)
    0x080002a6   0x00000004   Code   RO         9370    .ARM.Collect$$rtentry$$0000000A  c_w.l(rtentry2.o)
    0x080002aa   0x00000000   Code   RO         9372    .ARM.Collect$$rtentry$$0000000C  c_w.l(rtentry2.o)
    0x080002aa   0x00000008   Code   RO         9373    .ARM.Collect$$rtentry$$0000000D  c_w.l(rtentry2.o)
    0x080002b2   0x00000002   Code   RO         9466    .ARM.Collect$$rtexit$$00000000  c_w.l(rtexit.o)
    0x080002b4   0x00000000   Code   RO         9483    .ARM.Collect$$rtexit$$00000002  c_w.l(rtexit2.o)
    0x080002b4   0x00000004   Code   RO         9484    .ARM.Collect$$rtexit$$00000003  c_w.l(rtexit2.o)
    0x080002b8   0x00000006   Code   RO         9485    .ARM.Collect$$rtexit$$00000004  c_w.l(rtexit2.o)
    0x080002be   0x00000002   PAD
    0x080002c0   0x00000034   Code   RO         9094    .emb_text           c_w.l(rand.o)
    0x080002f4   0x000001c4   Code   RO            1    .text               stm32f10x_it.o
    0x080004b8   0x000003a0   Code   RO          259    .text               main.o
    0x08000858   0x000014f0   Code   RO          349    .text               bp_config.o
    0x08001d48   0x00000f70   Code   RO          373    .text               interface.o
    0x08002cb8   0x00000040   Code   RO          421    .text               startup_stm32f10x_hd.o
    0x08002cf8   0x000000a2   Code   RO          435    .text               utility.o
    0x08002d9a   0x00000002   PAD
    0x08002d9c   0x00000118   Code   RO          447    .text               led.o
    0x08002eb4   0x00000044   Code   RO          464    .text               key.o
    0x08002ef8   0x00000940   Code   RO          479    .text               tft.o
    0x08003838   0x00002ea0   Code   RO          501    .text               ra8875.o
    0x080066d8   0x00000378   Code   RO          520    .text               iic.o
    0x08006a50   0x0000022c   Code   RO          536    .text               usart.o
    0x08006c7c   0x00000036   Code   RO          552    .text               regtarge.o
    0x08006cb2   0x00000002   PAD
    0x08006cb4   0x00000250   Code   RO          574    .text               spi.o
    0x08006f04   0x000003a0   Code   RO          590    .text               spiflash.o
    0x080072a4   0x000001cc   Code   RO          609    .text               bptimer.o
    0x08007470   0x000002dc   Code   RO          625    .text               daad.o
    0x0800774c   0x000004dc   Code   RO          644    .text               enc28j60.o
    0x08007c28   0x00000450   Code   RO          661    .text               tfcard.o
    0x08008078   0x0000057c   Code   RO          699    .text               lcddummy.o
    0x080085f4   0x000000dc   Code   RO          733    .text               misc.o
    0x080086d0   0x0000043c   Code   RO          745    .text               stm32f10x_adc.o
    0x08008b0c   0x00000168   Code   RO          805    .text               stm32f10x_dac.o
    0x08008c74   0x00000250   Code   RO          829    .text               stm32f10x_dma.o
    0x08008ec4   0x0000011c   Code   RO          841    .text               stm32f10x_exti.o
    0x08008fe0   0x00000618   Code   RO          865    .text               stm32f10x_fsmc.o
    0x080095f8   0x00000358   Code   RO          877    .text               stm32f10x_gpio.o
    0x08009950   0x000003a0   Code   RO          925    .text               stm32f10x_rcc.o
    0x08009cf0   0x00000310   Code   RO          963    .text               stm32f10x_spi.o
    0x0800a000   0x00000dae   Code   RO          975    .text               stm32f10x_tim.o
    0x0800adae   0x00000002   PAD
    0x0800adb0   0x0000040c   Code   RO          987    .text               stm32f10x_usart.o
    0x0800b1bc   0x000001c8   Code   RO         1009    .text               system_stm32f10x.o
    0x0800b384   0x00000040   Code   RO         1027    .text               timer.o
    0x0800b3c4   0x000015f0   Code   RO         1039    .text               uip.o
    0x0800c9b4   0x0000040c   Code   RO         1073    .text               uip_arp.o
    0x0800cdc0   0x0000005c   Code   RO         1089    .text               tapdev.o
    0x0800ce1c   0x0000000c   Code   RO         1133    .text               clock-arch.o
    0x0800ce28   0x00000170   Code   RO         1149    .text               tcp_demo.o
    0x0800cf98   0x000006e0   Code   RO         1215    .text               os_tmr.o
    0x0800d678   0x00000c58   Code   RO         1235    .text               os_core.o
    0x0800e2d0   0x000008b4   Code   RO         1255    .text               os_flag.o
    0x0800eb84   0x0000042c   Code   RO         1267    .text               os_mbox.o
    0x0800efb0   0x00000258   Code   RO         1279    .text               os_mem.o
    0x0800f208   0x00000654   Code   RO         1303    .text               os_q.o
    0x0800f85c   0x000003e0   Code   RO         1315    .text               os_sem.o
    0x0800fc3c   0x00000940   Code   RO         1327    .text               os_task.o
    0x0801057c   0x000001e4   Code   RO         1339    .text               os_time.o
    0x08010760   0x00000174   Code   RO         1360    .text               os_cpu_c.o
    0x080108d4   0x000000a4   Code   RO         1390    .text               os_cpu_a.o
    0x08010978   0x00000808   Code   RO         1416    .text               gui2dlib.o
    0x08011180   0x000000c4   Code   RO         1443    .text               gui__calctextrect.o
    0x08011244   0x00000014   Code   RO         1482    .text               gui__getfontsizey.o
    0x08011258   0x0000001a   Code   RO         1494    .text               gui__getnumchars.o
    0x08011272   0x00000018   Code   RO         1510    .text               gui__handleeoline.o
    0x0801128a   0x00000042   Code   RO         1522    .text               gui__intersectrect.o
    0x080112cc   0x00000088   Code   RO         1534    .text               gui__intersectrects.o
    0x08011354   0x0000004e   Code   RO         1546    .text               gui__memset16.o
    0x080113a2   0x00000054   Code   RO         1558    .text               gui__memset.o
    0x080113f6   0x00000022   Code   RO         1582    .text               gui__reducerect.o
    0x08011418   0x00000050   Code   RO         1594    .text               gui__settext.o
    0x08011468   0x00000050   Code   RO         1609    .text               gui__strcmp.o
    0x080114b8   0x00000016   Code   RO         1621    .text               gui__strlen.o
    0x080114ce   0x0000002a   Code   RO         1738    .text               gui_alloc_alloczero.o
    0x080114f8   0x0000001a   Code   RO         1786    .text               gui_clearrectex.o
    0x08011512   0x00000002   PAD
    0x08011514   0x00000148   Code   RO         2225    .text               gui_dispstring.o
    0x0801165c   0x00000028   Code   RO         2237    .text               gui_dispstringat.o
    0x08011684   0x00000034   Code   RO         2261    .text               gui_dispstringhcenter.o
    0x080116b8   0x000001e0   Code   RO         2273    .text               gui_dispstringinrect.o
    0x08011898   0x00000104   Code   RO         2322    .text               gui_drawbitmap.o
    0x0801199c   0x000000c4   Code   RO         2370    .text               gui_drawfocusrect.o
    0x08011a60   0x0000005c   Code   RO         2394    .text               gui_drawhline.o
    0x08011abc   0x0000005c   Code   RO         2454    .text               gui_drawvline.o
    0x08011b18   0x00000038   Code   RO         2482    .text               gui_exec.o
    0x08011b50   0x00000330   Code   RO         2494    .text               gui_fillpolygon.o
    0x08011e80   0x0000006c   Code   RO         2509    .text               gui_fillrect.o
    0x08011eec   0x0000001a   Code   RO         2521    .text               gui_fillrectex.o
    0x08011f06   0x000000aa   Code   RO         2545    .text               gui_getbitmappixelindex.o
    0x08011fb0   0x00000012   Code   RO         2557    .text               gui_getclientrect.o
    0x08011fc2   0x0000005c   Code   RO         2569    .text               gui_getcolor.o
    0x0801201e   0x00000014   Code   RO         2617    .text               gui_getfontsizey.o
    0x08012032   0x00000016   Code   RO         2641    .text               gui_getstringdistx.o
    0x08012048   0x00000014   Code   RO         2703    .text               gui_getysizeoffont.o
    0x0801205c   0x00000070   Code   RO         2715    .text               gui_goto.o
    0x080120cc   0x00000078   Code   RO         2739    .text               gui_invertrect.o
    0x08012144   0x00000082   Code   RO         2775    .text               gui_mergerect.o
    0x080121c6   0x00000024   Code   RO         2815    .text               gui_moverect.o
    0x080121ea   0x00000002   PAD
    0x080121ec   0x00000098   Code   RO         2827    .text               gui_onkey.o
    0x08012284   0x00000054   Code   RO         2850    .text               gui_pen.o
    0x080122d8   0x00000048   Code   RO         2862    .text               gui_pid.o
    0x08012320   0x0000003a   Code   RO         2876    .text               gui_rectsintersect.o
    0x0801235a   0x00000002   PAD
    0x0801235c   0x00000024   Code   RO         2888    .text               gui_savecontext.o
    0x08012380   0x00000018   Code   RO         2912    .text               gui_selectlcd.o
    0x08012398   0x00000028   Code   RO         2924    .text               gui_setcolor.o
    0x080123c0   0x0000003c   Code   RO         2936    .text               gui_setcolorindex.o
    0x080123fc   0x0000004c   Code   RO         2960    .text               gui_setdefault.o
    0x08012448   0x00000018   Code   RO         2972    .text               gui_setdrawmode.o
    0x08012460   0x00000020   Code   RO         2984    .text               gui_setfont.o
    0x08012480   0x0000001c   Code   RO         3008    .text               gui_setlinestyle.o
    0x0801249c   0x00000020   Code   RO         3082    .text               gui_settextalign.o
    0x080124bc   0x00000020   Code   RO         3094    .text               gui_settextmode.o
    0x080124dc   0x0000003c   Code   RO         3156    .text               gui_touch.o
    0x08012518   0x0000023c   Code   RO         3170    .text               gui_touch_driveranalog.o
    0x08012754   0x00000030   Code   RO         3187    .text               gui_touch_storestate.o
    0x08012784   0x00000058   Code   RO         3200    .text               gui_touch_storeunstable.o
    0x080127dc   0x000000e8   Code   RO         3214    .text               gui_uc.o
    0x080128c4   0x00000038   Code   RO         3238    .text               gui_uc_encodenone.o
    0x080128fc   0x000003cc   Code   RO         3307    .text               guialloc.o
    0x08012cc8   0x000000dc   Code   RO         3339    .text               guichar.o
    0x08012da4   0x000001ac   Code   RO         3351    .text               guicharline.o
    0x08012f50   0x00000180   Code   RO         3375    .text               guicharp.o
    0x080130d0   0x0000040c   Code   RO         3387    .text               guicirc.o
    0x080134dc   0x00000118   Code   RO         3411    .text               guicore.o
    0x080135f4   0x0000063c   Code   RO         3431    .text               guicurs.o
    0x08013c30   0x000000b0   Code   RO         3445    .text               guiencjs.o
    0x08013ce0   0x00000058   Code   RO         3519    .text               guirealloc.o
    0x08013d38   0x00000148   Code   RO         3543    .text               guitask.o
    0x08013e80   0x00000468   Code   RO         3621    .text               lcd.o
    0x080142e8   0x0000025c   Code   RO         3647    .text               lcd_drawbitmap_565.o
    0x08014544   0x0000005c   Code   RO         3691    .text               lcd_drawvline.o
    0x080145a0   0x00000010   Code   RO         3703    .text               lcd_getcolorindex.o
    0x080145b0   0x000000c0   Code   RO         3715    .text               lcd_getex.o
    0x08014670   0x00000038   Code   RO         3763    .text               lcd_l0_generic.o
    0x080146a8   0x00000024   Code   RO         3922    .text               lcd_selectlcd.o
    0x080146cc   0x00000020   Code   RO         3946    .text               lcd_setcliprectex.o
    0x080146ec   0x00000024   Code   RO         3958    .text               lcd_updatecolorindices.o
    0x08014710   0x00000054   Code   RO         3982    .text               lcdcolor.o
    0x08014764   0x00000030   Code   RO         4013    .text               lcdinfo0.o
    0x08014794   0x00000038   Code   RO         4096    .text               lcdp565_index2color.o
    0x080147cc   0x00000228   Code   RO         4142    .text               wmtouch.o
    0x080149f4   0x000010b4   Code   RO         4161    .text               wm.o
    0x08015aa8   0x0000003c   Code   RO         4184    .text               wm__foreachdesc.o
    0x08015ae4   0x0000001e   Code   RO         4196    .text               wm__getfirstsibling.o
    0x08015b02   0x00000002   PAD
    0x08015b04   0x00000024   Code   RO         4208    .text               wm__getfocussedchild.o
    0x08015b28   0x00000036   Code   RO         4244    .text               wm__getprevsibling.o
    0x08015b5e   0x0000004e   Code   RO         4256    .text               wm__isancestor.o
    0x08015bac   0x00000028   Code   RO         4268    .text               wm__ischild.o
    0x08015bd4   0x0000001a   Code   RO         4280    .text               wm__isenabled.o
    0x08015bee   0x00000024   Code   RO         4316    .text               wm__sendmessage.o
    0x08015c12   0x00000018   Code   RO         4328    .text               wm__sendmessageifenabled.o
    0x08015c2a   0x00000028   Code   RO         4340    .text               wm__sendmessagenopara.o
    0x08015c52   0x00000186   Code   RO         4352    .text               wm__updatechildpositions.o
    0x08015dd8   0x00000050   Code   RO         4376    .text               wm_bringtobottom.o
    0x08015e28   0x00000090   Code   RO         4388    .text               wm_bringtotop.o
    0x08015eb8   0x00000050   Code   RO         4424    .text               wm_criticalhandle.o
    0x08015f08   0x0000005a   Code   RO         4448    .text               wm_enablewindow.o
    0x08015f62   0x0000001c   Code   RO         4460    .text               wm_foreachdesc.o
    0x08015f7e   0x0000001c   Code   RO         4472    .text               wm_getbkcolor.o
    0x08015f9a   0x00000002   PAD
    0x08015f9c   0x00000058   Code   RO         4484    .text               wm_getclientrect.o
    0x08015ff4   0x0000001a   Code   RO         4496    .text               wm_getclientwindow.o
    0x0801600e   0x00000002   PAD
    0x08016010   0x0000000c   Code   RO         4508    .text               wm_getdesktopwindow.o
    0x0801601c   0x0000006a   Code   RO         4548    .text               wm_getdialogitem.o
    0x08016086   0x0000001c   Code   RO         4560    .text               wm_getfirstchild.o
    0x080160a2   0x00000014   Code   RO         4596    .text               wm_getid.o
    0x080160b6   0x0000001c   Code   RO         4668    .text               wm_getparent.o
    0x080160d2   0x00000002   PAD
    0x080160d4   0x00000068   Code   RO         4728    .text               wm_getwindowrect.o
    0x0801613c   0x00000080   Code   RO         4744    .text               wm_getwindowsize.o
    0x080161bc   0x00000018   Code   RO         4756    .text               wm_hascaptured.o
    0x080161d4   0x00000038   Code   RO         4780    .text               wm_hide.o
    0x0801620c   0x00000020   Code   RO         4816    .text               wm_isfocussable.o
    0x0801622c   0x00000018   Code   RO         4840    .text               wm_iswindow.o
    0x08016244   0x00000110   Code   RO         4864    .text               wm_move.o
    0x08016354   0x00000058   Code   RO         4876    .text               wm_movechildto.o
    0x080163ac   0x00000016   Code   RO         4888    .text               wm_notifyparent.o
    0x080163c2   0x00000002   PAD
    0x080163c4   0x00000040   Code   RO         4900    .text               wm_onkey.o
    0x08016404   0x000000f2   Code   RO         4936    .text               wm_resizewindow.o
    0x080164f6   0x00000002   PAD
    0x080164f8   0x000000dc   Code   RO         4948    .text               wm_screen2win.o
    0x080165d4   0x00000018   Code   RO         4960    .text               wm_sendmessagenopara.o
    0x080165ec   0x00000028   Code   RO         4972    .text               wm_sendtoparent.o
    0x08016614   0x00000060   Code   RO         5008    .text               wm_setcapture.o
    0x08016674   0x00000098   Code   RO         5020    .text               wm_setcapturemove.o
    0x0801670c   0x00000010   Code   RO         5034    .text               wm_setcreateflags.o
    0x0801671c   0x00000054   Code   RO         5046    .text               wm_setdesktopcolor.o
    0x08016770   0x000000b0   Code   RO         5058    .text               wm_setfocus.o
    0x08016820   0x00000098   Code   RO         5070    .text               wm_setfocusonnextchild.o
    0x080168b8   0x0000001c   Code   RO         5130    .text               wm_setscrollstate.o
    0x080168d4   0x0000004a   Code   RO         5142    .text               wm_setsize.o
    0x0801691e   0x00000002   PAD
    0x08016920   0x00000098   Code   RO         5154    .text               wm_settrans.o
    0x080169b8   0x00000062   Code   RO         5166    .text               wm_settransstate.o
    0x08016a1a   0x00000002   PAD
    0x08016a1c   0x00000020   Code   RO         5178    .text               wm_setusercliprect.o
    0x08016a3c   0x00000060   Code   RO         5214    .text               wm_show.o
    0x08016a9c   0x0000004a   Code   RO         5298    .text               wmmemdev.o
    0x08016ae6   0x00000002   PAD
    0x08016ae8   0x0000039c   Code   RO         5326    .text               button.o
    0x08016e84   0x00000050   Code   RO         5396    .text               button_createindirect.o
    0x08016ed4   0x00000390   Code   RO         5480    .text               checkbox.o
    0x08017264   0x00000048   Code   RO         5511    .text               checkbox_createindirect.o
    0x080172ac   0x00000042   Code   RO         5576    .text               checkbox_setbkcolor.o
    0x080172ee   0x0000002c   Code   RO         5650    .text               checkbox_setstate.o
    0x0801731a   0x0000002e   Code   RO         5662    .text               checkbox_settext.o
    0x08017348   0x00000138   Code   RO         5698    .text               dialog.o
    0x08017480   0x00000a08   Code   RO         5829    .text               edit.o
    0x08017e88   0x0000005c   Code   RO         5859    .text               edit_createindirect.o
    0x08017ee4   0x000007c4   Code   RO         6007    .text               framewin.o
    0x080186a8   0x0000004e   Code   RO         6119    .text               framewin_createindirect.o
    0x080186f6   0x000000cc   Code   RO         6191    .text               framewin_setcolors.o
    0x080187c2   0x000000b6   Code   RO         6242    .text               framewin_settitlevis.o
    0x08018878   0x0000005e   Code   RO         6302    .text               gui_draw.o
    0x080188d6   0x00000002   PAD
    0x080188d8   0x00000168   Code   RO         7743    .text               text.o
    0x08018a40   0x0000004e   Code   RO         7772    .text               text_createindirect.o
    0x08018a8e   0x00000038   Code   RO         7784    .text               text_setbkcolor.o
    0x08018ac6   0x00000024   Code   RO         7796    .text               text_setfont.o
    0x08018aea   0x0000002e   Code   RO         7808    .text               text_settext.o
    0x08018b18   0x000004a4   Code   RO         7844    .text               widget.o
    0x08018fbc   0x000001ac   Code   RO         7897    .text               widget_effect_3d.o
    0x08019168   0x00000114   Code   RO         7954    .text               widget_fillstringinrect.o
    0x0801927c   0x00000184   Code   RO         7990    .text               window.o
    0x08019400   0x00000440   Code   RO         8017    .text               guidev.o
    0x08019840   0x000008a2   Code   RO         8111    .text               guidev_16.o
    0x0801a0e2   0x00000116   Code   RO         8179    .text               guidev_banding.o
    0x0801a1f8   0x00000048   Code   RO         8191    .text               guidev_clear.o
    0x0801a240   0x0000002c   Code   RO         8263    .text               guidev_getysize.o
    0x0801a26c   0x00000038   Code   RO         8289    .text               guidev_reduceysize.o
    0x0801a2a4   0x0000006c   Code   RO         8301    .text               guidev_setorg.o
    0x0801a310   0x00000078   Code   RO         8313    .text               guidev_usage.o
    0x0801a388   0x00000230   Code   RO         8325    .text               guidev_usagebm.o
    0x0801a5b8   0x0000011c   Code   RO         8423    .text               gui_x_ucos.o
    0x0801a6d4   0x00000018   Code   RO         8444    .text               gui_x_touch.o
    0x0801a6ec   0x00000020   Code   RO         8727    .text               lcdp565.o
    0x0801a70c   0x00000002   Code   RO         9050    .text               c_w.l(use_no_semi.o)
    0x0801a70e   0x00000002   PAD
    0x0801a710   0x00000024   Code   RO         9052    .text               c_w.l(c89vsprintf.o)
    0x0801a734   0x00000018   Code   RO         9054    .text               c_w.l(__2printf.o)
    0x0801a74c   0x0000002c   Code   RO         9056    .text               c_w.l(__2sprintf.o)
    0x0801a778   0x00000052   Code   RO         9064    .text               c_w.l(_printf_pad.o)
    0x0801a7ca   0x00000052   Code   RO         9066    .text               c_w.l(_printf_str.o)
    0x0801a81c   0x00000078   Code   RO         9068    .text               c_w.l(_printf_dec.o)
    0x0801a894   0x0000018c   Code   RO         9087    .text               c_w.l(__printf_flags_ss_wp.o)
    0x0801aa20   0x0000003c   Code   RO         9095    .text               c_w.l(rand.o)
    0x0801aa5c   0x00000058   Code   RO         9099    .text               c_w.l(memcmp.o)
    0x0801aab4   0x00000048   Code   RO         9101    .text               c_w.l(strcpy.o)
    0x0801aafc   0x0000003e   Code   RO         9103    .text               c_w.l(strlen.o)
    0x0801ab3a   0x00000096   Code   RO         9105    .text               c_w.l(strncmp.o)
    0x0801abd0   0x0000008a   Code   RO         9107    .text               c_w.l(rt_memcpy_v6.o)
    0x0801ac5a   0x00000084   Code   RO         9109    .text               c_w.l(rt_memmove_v6.o)
    0x0801acde   0x00000064   Code   RO         9111    .text               c_w.l(rt_memcpy_w.o)
    0x0801ad42   0x00000010   Code   RO         9113    .text               c_w.l(aeabi_memset.o)
    0x0801ad52   0x00000044   Code   RO         9115    .text               c_w.l(rt_memclr.o)
    0x0801ad96   0x0000004e   Code   RO         9117    .text               c_w.l(rt_memclr_w.o)
    0x0801ade4   0x00000006   Code   RO         9121    .text               c_w.l(heapauxi.o)
    0x0801adea   0x00000024   Code   RO         9224    .text               c_w.l(_printf_truncate.o)
    0x0801ae0e   0x000000b8   Code   RO         9226    .text               c_w.l(_printf_intcommon.o)
    0x0801aec6   0x0000002a   Code   RO         9228    .text               c_w.l(_printf_charcount.o)
    0x0801aef0   0x00000420   Code   RO         9230    .text               c_w.l(_printf_fp_dec.o)
    0x0801b310   0x00000030   Code   RO         9232    .text               c_w.l(_printf_char_common.o)
    0x0801b340   0x0000000a   Code   RO         9234    .text               c_w.l(_sputc.o)
    0x0801b34a   0x0000002c   Code   RO         9236    .text               c_w.l(_printf_char.o)
    0x0801b376   0x00000002   PAD
    0x0801b378   0x00000024   Code   RO         9238    .text               c_w.l(_printf_char_file.o)
    0x0801b39c   0x000000bc   Code   RO         9240    .text               c_w.l(_printf_wctomb.o)
    0x0801b458   0x00000078   Code   RO         9243    .text               c_w.l(_printf_longlong_dec.o)
    0x0801b4d0   0x00000078   Code   RO         9249    .text               c_w.l(_printf_oct_int_ll.o)
    0x0801b548   0x0000009c   Code   RO         9269    .text               c_w.l(_printf_hex_int_ll_ptr.o)
    0x0801b5e4   0x0000007a   Code   RO         9292    .text               c_w.l(rt_memmove_w.o)
    0x0801b65e   0x00000002   PAD
    0x0801b660   0x00000008   Code   RO         9384    .text               c_w.l(rt_locale_intlibspace.o)
    0x0801b668   0x0000008a   Code   RO         9391    .text               c_w.l(lludiv10.o)
    0x0801b6f2   0x00000002   PAD
    0x0801b6f4   0x00000080   Code   RO         9393    .text               c_w.l(_printf_fp_infnan.o)
    0x0801b774   0x0000002c   Code   RO         9397    .text               c_w.l(_printf_wchar.o)
    0x0801b7a0   0x000000e4   Code   RO         9399    .text               c_w.l(bigflt0.o)
    0x0801b884   0x00000040   Code   RO         9424    .text               c_w.l(_wcrtomb.o)
    0x0801b8c4   0x00000008   Code   RO         9441    .text               c_w.l(libspace.o)
    0x0801b8cc   0x0000004a   Code   RO         9444    .text               c_w.l(sys_stackheap_outer.o)
    0x0801b916   0x00000002   PAD
    0x0801b918   0x00000010   Code   RO         9446    .text               c_w.l(rt_ctype_table.o)
    0x0801b928   0x0000000c   Code   RO         9448    .text               c_w.l(exit.o)
    0x0801b934   0x00000080   Code   RO         9450    .text               c_w.l(strcmpv7m.o)
    0x0801b9b4   0x00000008   Code   RO         9494    .text               c_w.l(rt_fp_status_addr_intlibspace.o)
    0x0801b9bc   0x0000003e   Code   RO         9402    CL$$btod_d2e        c_w.l(btod.o)
    0x0801b9fa   0x00000046   Code   RO         9404    CL$$btod_d2e_denorm_low  c_w.l(btod.o)
    0x0801ba40   0x00000060   Code   RO         9403    CL$$btod_d2e_norm_op1  c_w.l(btod.o)
    0x0801baa0   0x00000338   Code   RO         9412    CL$$btod_div_common  c_w.l(btod.o)
    0x0801bdd8   0x000000c6   Code   RO         9409    CL$$btod_e2e        c_w.l(btod.o)
    0x0801be9e   0x00000028   Code   RO         9406    CL$$btod_ediv       c_w.l(btod.o)
    0x0801bec6   0x00000028   Code   RO         9405    CL$$btod_emul       c_w.l(btod.o)
    0x0801beee   0x00000244   Code   RO         9411    CL$$btod_mult_common  c_w.l(btod.o)
    0x0801c132   0x00000028   Code   RO         9437    i.__ARM_fpclassify  m_ws.l(fpclassify.o)
    0x0801c15a   0x0000000e   Code   RO         9080    i._is_digit         c_w.l(__printf_wp.o)
    0x0801c168   0x0000002c   Code   RO         9427    locale$$code        c_w.l(lc_numeric_c.o)
    0x0801c194   0x0000002c   Code   RO         9471    locale$$code        c_w.l(lc_ctype_c.o)
    0x0801c1c0   0x00000062   Code   RO         9125    x$fpl$d2f           fz_ws.l(d2f.o)
    0x0801c222   0x00000018   Code   RO         9335    x$fpl$dcmpinf       fz_ws.l(dcmpi.o)
    0x0801c23a   0x00000002   PAD
    0x0801c23c   0x000002b0   Code   RO         9134    x$fpl$ddiv          fz_ws.l(ddiv.o)
    0x0801c4ec   0x00000026   Code   RO         9141    x$fpl$dfltu         fz_ws.l(dflt_clz.o)
    0x0801c512   0x00000002   PAD
    0x0801c514   0x00000078   Code   RO         9147    x$fpl$dleqf         fz_ws.l(dleqf.o)
    0x0801c58c   0x00000154   Code   RO         9149    x$fpl$dmul          fz_ws.l(dmul.o)
    0x0801c6e0   0x0000009c   Code   RO         9337    x$fpl$dnaninf       fz_ws.l(dnaninf.o)
    0x0801c77c   0x0000000c   Code   RO         9339    x$fpl$dretinf       fz_ws.l(dretinf.o)
    0x0801c788   0x0000006c   Code   RO         9151    x$fpl$drleqf        fz_ws.l(drleqf.o)
    0x0801c7f4   0x00000056   Code   RO         9153    x$fpl$f2d           fz_ws.l(f2d.o)
    0x0801c84a   0x00000018   Code   RO         9343    x$fpl$fcmpinf       fz_ws.l(fcmpi.o)
    0x0801c862   0x00000002   PAD
    0x0801c864   0x00000184   Code   RO         9162    x$fpl$fdiv          fz_ws.l(fdiv.o)
    0x0801c9e8   0x0000003e   Code   RO         9171    x$fpl$ffixu         fz_ws.l(ffixu.o)
    0x0801ca26   0x00000002   PAD
    0x0801ca28   0x00000030   Code   RO         9176    x$fpl$fflt          fz_ws.l(fflt_clz.o)
    0x0801ca58   0x00000026   Code   RO         9175    x$fpl$ffltu         fz_ws.l(fflt_clz.o)
    0x0801ca7e   0x00000002   PAD
    0x0801ca80   0x00000068   Code   RO         9181    x$fpl$fleqf         fz_ws.l(fleqf.o)
    0x0801cae8   0x00000102   Code   RO         9183    x$fpl$fmul          fz_ws.l(fmul.o)
    0x0801cbea   0x0000008c   Code   RO         9345    x$fpl$fnaninf       fz_ws.l(fnaninf.o)
    0x0801cc76   0x0000000e   Code   RO         9477    x$fpl$fpinit        fz_ws.l(fpinit.o)
    0x0801cc84   0x0000000a   Code   RO         9347    x$fpl$fretinf       fz_ws.l(fretinf.o)
    0x0801cc8e   0x00000004   Code   RO         9187    x$fpl$printf1       fz_ws.l(printf1.o)
    0x0801cc92   0x00000000   Code   RO         9351    x$fpl$usenofp       fz_ws.l(usenofp.o)
    0x0801cc92   0x00000002   PAD
    0x0801cc94   0x000000b8   Data   RO          353    .constdata          bp_config.o
    0x0801cd4c   0x00003610   Data   RO          374    .constdata          interface.o
    0x0802035c   0x00000008   Data   RO         1041    .constdata          uip.o
    0x08020364   0x0000000a   Data   RO         1075    .constdata          uip_arp.o
    0x0802036e   0x00000006   Data   RO         1090    .constdata          tapdev.o
    0x08020374   0x00000100   Data   RO         1237    .constdata          os_core.o
    0x08020474   0x00000044   Data   RO         1417    .constdata          gui2dlib.o
    0x080204b8   0x00000020   Data   RO         1857    .constdata          gui_cursorarrowm.o
    0x080204d8   0x0000003c   Data   RO         1891    .constdata          gui_cursorarrowmpx.o
    0x08020514   0x00000018   Data   RO         2139    .constdata          gui_cursorpal.o
    0x0802052c   0x00000010   Data   RO         3239    .constdata          gui_uc_encodenone.o
    0x0802053c   0x0000000c   Data   RO         3446    .constdata          guiencjs.o
    0x08020548   0x00000040   Data   RO         3633    .constdata          lcd_api.o
    0x08020588   0x00000008   Data   RO         3648    .constdata          lcd_drawbitmap_565.o
    0x08020590   0x00000100   Data   RO         3775    .constdata          lcd_mirror.o
    0x08020690   0x00000068   Data   RO         5551    .constdata          checkbox_image.o
    0x080206f8   0x00000018   Data   RO         7898    .constdata          widget_effect_3d.o
    0x08020710   0x00000060   Data   RO         8112    .constdata          guidev_16.o
    0x08020770   0x00000018   Data   RO         8326    .constdata          guidev_usagebm.o
    0x08020788   0x00000ed8   Data   RO         8487    .constdata          fd36x48.o
    0x08021660   0x00002288   Data   RO         8552    .constdata          fd80.o
    0x080238e8   0x00000db0   Data   RO         8565    .constdata          bp_15.o
    0x08024698   0x000012fc   Data   RO         8578    .constdata          f24b_ascii.o
    0x08025994   0x00000011   Data   RO         9088    .constdata          c_w.l(__printf_flags_ss_wp.o)
    0x080259a5   0x00000003   PAD
    0x080259a8   0x00000008   Data   RO         9241    .constdata          c_w.l(_printf_wctomb.o)
    0x080259b0   0x00000028   Data   RO         9270    .constdata          c_w.l(_printf_hex_int_ll_ptr.o)
    0x080259d8   0x00000094   Data   RO         9400    .constdata          c_w.l(bigflt0.o)
    0x08025a6c   0x000000f6   Data   RO          375    .conststring        interface.o
    0x08025b62   0x00000002   PAD
    0x08025b64   0x00000020   Data   RO         9540    Region$$Table       anon$$obj.o
    0x08025b84   0x0000001c   Data   RO         9426    locale$$data        c_w.l(lc_numeric_c.o)
    0x08025ba0   0x00000110   Data   RO         9470    locale$$data        c_w.l(lc_ctype_c.o)


    Execution Region RW_IRAM1 (Base: 0x20000000, Size: 0x00009e08, Max: 0x00010000, ABSOLUTE, COMPRESSED[0x00000094])

    Base Addr    Size         Type   Attr      Idx    E Section Name        Object

    0x20000000   0x00000008   Data   RW            2    .data               stm32f10x_it.o
    0x20000008   0x00000020   Data   RW          261    .data               main.o
    0x20000028   0x00000009   Data   RW          354    .data               bp_config.o
    0x20000031   0x00000003   PAD
    0x20000034   0x00000012   Data   RW          376    .data               interface.o
    0x20000046   0x00000001   Data   RW          426    .data               bp_externs.o
    0x20000047   0x00000001   PAD
    0x20000048   0x00000004   Data   RW          480    .data               tft.o
    0x2000004c   0x00000008   Data   RW          553    .data               regtarge.o
    0x20000054   0x00000004   Data   RW          626    .data               daad.o
    0x20000058   0x00000008   Data   RW          645    .data               enc28j60.o
    0x20000060   0x00000014   Data   RW          926    .data               stm32f10x_rcc.o
    0x20000074   0x00000014   Data   RW         1010    .data               system_stm32f10x.o
    0x20000088   0x00000044   Data   RW         1042    .data               uip.o
    0x200000cc   0x00000008   Data   RW         1076    .data               uip_arp.o
    0x200000d4   0x00000011   Data   RW         1150    .data               tcp_demo.o
    0x200000e5   0x00000003   PAD
    0x200000e8   0x00000054   Data   RW         1238    .data               os_core.o
    0x2000013c   0x00000006   Data   RW         1362    .data               os_cpu_c.o
    0x20000142   0x00000002   PAD
    0x20000144   0x00000004   Data   RW         2496    .data               gui_fillpolygon.o
    0x20000148   0x00000014   Data   RW         2828    .data               gui_onkey.o
    0x2000015c   0x00000034   Data   RW         3171    .data               gui_touch_driveranalog.o
    0x20000190   0x00000008   Data   RW         3201    .data               gui_touch_storeunstable.o
    0x20000198   0x00000001   Data   RW         3309    .data               guialloc.o
    0x20000199   0x00000003   PAD
    0x2000019c   0x0000001c   Data   RW         3413    .data               guicore.o
    0x200001b8   0x00000030   Data   RW         3432    .data               guicurs.o
    0x200001e8   0x0000000c   Data   RW         3545    .data               guitask.o
    0x200001f4   0x00000004   Data   RW         3634    .data               lcd_api.o
    0x200001f8   0x00000010   Data   RW         4143    .data               wmtouch.o
    0x20000208   0x00000031   Data   RW         4163    .data               wm.o
    0x20000239   0x00000001   PAD
    0x2000023a   0x00000004   Data   RW         5021    .data               wm_setcapturemove.o
    0x2000023e   0x00000002   PAD
    0x20000240   0x00000020   Data   RW         5327    .data               button.o
    0x20000260   0x00000028   Data   RW         5481    .data               checkbox.o
    0x20000288   0x00000004   Data   RW         5699    .data               dialog.o
    0x2000028c   0x0000001c   Data   RW         5830    .data               edit.o
    0x200002a8   0x00000022   Data   RW         6008    .data               framewin.o
    0x200002ca   0x00000002   PAD
    0x200002cc   0x00000008   Data   RW         7744    .data               text.o
    0x200002d4   0x00000004   Data   RW         7845    .data               widget.o
    0x200002d8   0x00000004   Data   RW         7991    .data               window.o
    0x200002dc   0x00000011   Data   RW         8424    .data               gui_x_ucos.o
    0x200002ed   0x00000003   PAD
    0x200002f0   0x00001000   Zero   RW          591    .bss                spiflash.o
    0x200012f0   0x00000638   Zero   RW         1040    .bss                uip.o
    0x20001928   0x00000060   Zero   RW         1074    .bss                uip_arp.o
    0x20001988   0x00000200   Zero   RW         1361    .bss                os_cpu_c.o
    0x20001b88   0x00000018   Zero   RW         2495    .bss                gui_fillpolygon.o
    0x20001ba0   0x0000000c   Zero   RW         2863    .bss                gui_pid.o
    0x20001bac   0x0000000c   Zero   RW         3157    .bss                gui_touch.o
    0x20001bb8   0x0000000c   Zero   RW         3188    .bss                gui_touch_storestate.o
    0x20001bc4   0x00000058   Zero   RW         3412    .bss                guicore.o
    0x20001c1c   0x00000170   Zero   RW         3544    .bss                guitask.o
    0x20001d8c   0x00000200   Zero   RW         3983    .bss                lcdcolor.o
    0x20001f8c   0x00000024   Zero   RW         4162    .bss                wm.o
    0x20001fb0   0x00000050   PAD
    0x20002000   0x00000400   Zero   RW          350    .ARM.__AT_0x20002000  bp_config.o
    0x20002400   0x00000400   Zero   RW          351    .ARM.__AT_0x20002400  bp_config.o
    0x20002800   0x00000014   Zero   RW          352    .ARM.__AT_0x20002800  bp_config.o
    0x20002814   0x00000004   PAD
    0x20002818   0x00003074   Zero   RW          260    .bss                main.o
    0x2000588c   0x00001110   Zero   RW         1236    .bss                os_core.o
    0x2000699c   0x00002d24   Zero   RW         3308    .bss                guialloc.o
    0x200096c0   0x000000e4   Zero   RW         9096    .bss                c_w.l(rand.o)
    0x200097a4   0x00000060   Zero   RW         9442    .bss                c_w.l(libspace.o)
    0x20009804   0x00000004   PAD
    0x20009808   0x00000200   Zero   RW          419    HEAP                startup_stm32f10x_hd.o
    0x20009a08   0x00000400   Zero   RW          418    STACK               startup_stm32f10x_hd.o


==============================================================================

Image component sizes


      Code (inc. data)   RO Data    RW Data    ZI Data      Debug   Object Name

         0          0       3504          0          0      10077   bp_15.o
      5360       1708        184          9       2068       4661   bp_config.o
         0          0          0          1          0        204   bp_externs.o
       460         16          0          0          0       1480   bptimer.o
       924          6          0         32          0       6480   button.o
        80          0          0          0          0        788   button_createindirect.o
       912          8          0         40          0       4750   checkbox.o
        72          0          0          0          0        790   checkbox_createindirect.o
         0          0          0          0          0        968   checkbox_default.o
         0          0        104          0          0        765   checkbox_image.o
        66          0          0          0          0        978   checkbox_setbkcolor.o
        44          0          0          0          0        972   checkbox_setstate.o
        46          0          0          0          0        959   checkbox_settext.o
        12          6          0          0          0        785   clock-arch.o
       732         36          0          4          0       2972   daad.o
       312          4          0          4          0       3370   dialog.o
      2568          8          0         28          0      12073   edit.o
        92          0          0          0          0        798   edit_createindirect.o
      1244         26          0          8          0       4557   enc28j60.o
         0          0       4860          0          0       7150   f24b_ascii.o
         0          0       3800          0          0        898   fd36x48.o
         0          0       8840          0          0       1018   fd80.o
      1988         20          0         34          0       8820   framewin.o
         0          0          0          0          0       1017   framewin__updatebuttons.o
        78          0          0          0          0        802   framewin_createindirect.o
       204          0          0          0          0       2097   framewin_setcolors.o
       182          0          0          0          0       1383   framewin_settitlevis.o
      2056         20         68          0          0       8852   gui2dlib.o
       196          0          0          0          0       1384   gui__calctextrect.o
        20          4          0          0          0        468   gui__getfontsizey.o
        26          0          0          0          0        555   gui__getnumchars.o
        24          0          0          0          0        640   gui__handleeoline.o
        66          0          0          0          0        869   gui__intersectrect.o
       136          0          0          0          0       1110   gui__intersectrects.o
        84          0          0          0          0        782   gui__memset.o
        78          0          0          0          0        796   gui__memset16.o
        34          0          0          0          0        874   gui__reducerect.o
        80          0          0          0          0        735   gui__settext.o
        80          4          0          0          0        869   gui__strcmp.o
        22          0          0          0          0        530   gui__strlen.o
        42          0          0          0          0        586   gui_alloc_alloczero.o
        26          0          0          0          0        814   gui_clearrectex.o
         0          0         32          0          0      15888   gui_cursorarrowm.o
         0          0         60          0          0        572   gui_cursorarrowmpx.o
         0          0         24          0          0        596   gui_cursorpal.o
       328          4          0          0          0        961   gui_dispstring.o
        40          6          0          0          0        627   gui_dispstringat.o
        52          6          0          0          0        662   gui_dispstringhcenter.o
       480          6          0          0          0       2285   gui_dispstringinrect.o
        94          0          0          0          0       1579   gui_draw.o
       260          6          0          0          0       1503   gui_drawbitmap.o
       196          4          0          0          0       1152   gui_drawfocusrect.o
        92          6          0          0          0        648   gui_drawhline.o
        92          6          0          0          0        648   gui_drawvline.o
        56          4          0          0          0        649   gui_exec.o
       816         12          0          4         24       4373   gui_fillpolygon.o
       108          6          0          0          0        703   gui_fillrect.o
        26          0          0          0          0        809   gui_fillrectex.o
       170          0          0          0          0       1166   gui_getbitmappixelindex.o
        18          0          0          0          0        908   gui_getclientrect.o
        92          0          0          0          0       1012   gui_getcolor.o
        20          0          0          0          0        507   gui_getfontsizey.o
        22          0          0          0          0        561   gui_getstringdistx.o
        20          0          0          0          0        700   gui_getysizeoffont.o
       112          6          0          0          0       1249   gui_goto.o
       120          4          0          0          0        729   gui_invertrect.o
       130          0          0          0          0       1012   gui_mergerect.o
        36          0          0          0          0        843   gui_moverect.o
       152         12          0         20          0      17423   gui_onkey.o
        84          4          0          0          0       1100   gui_pen.o
        72         12          0          0         12       1398   gui_pid.o
        58          0          0          0          0        957   gui_rectsintersect.o
        36          4          0          0          0       1025   gui_savecontext.o
        24          0          0          0          0        468   gui_selectlcd.o
        40          0          0          0          0        690   gui_setcolor.o
        60          4          0          0          0        728   gui_setcolorindex.o
        76          6          0          0          0        611   gui_setdefault.o
        24          0          0          0          0        562   gui_setdrawmode.o
        32          6          0          0          0        562   gui_setfont.o
        28          6          0          0          0        579   gui_setlinestyle.o
        32          4          0          0          0        563   gui_settextalign.o
        32          4          0          0          0        558   gui_settextmode.o
        60          4          0          0         12       1288   gui_touch.o
       572         54          0         52          0       4260   gui_touch_driveranalog.o
        48          6          0          0         12        619   gui_touch_storestate.o
        88          8          0          8          0       1120   gui_touch_storeunstable.o
       232          6          0          0          0       2136   gui_uc.o
        56          8         16          0          0       1716   gui_uc_encodenone.o
        24          8          0          0          0        860   gui_x_touch.o
       284         26          0         17          0       2987   gui_x_ucos.o
       972         16          0          1      11556       5684   guialloc.o
       220          8          0          0          0       1256   guichar.o
       428         12          0          0          0       2159   guicharline.o
       384          4          0          0          0       2041   guicharp.o
      1036          4          0          0          0       3806   guicirc.o
       280         22          0         28         88       5396   guicore.o
      1596         88          0         48          0       6053   guicurs.o
      1088         12          0          0          0       5913   guidev.o
      2210         16         96          0          0      36340   guidev_16.o
       278          0          0          0          0       1914   guidev_banding.o
        72          6          0          0          0       1043   guidev_clear.o
        44          4          0          0          0        970   guidev_getysize.o
        56          6          0          0          0       1045   guidev_reduceysize.o
       108          4          0          0          0       1144   guidev_setorg.o
       120          4          0          0          0       1477   guidev_usage.o
       560          6         24          0          0       3510   guidev_usagebm.o
       176          0         12          0          0       6526   guiencjs.o
        88          0          0          0          0        812   guirealloc.o
       328         20          0         12        368       1975   guitask.o
       888         34          0          0          0       3443   iic.o
      3952        206      14086         18          0       8141   interface.o
        68         10          0          0          0        479   key.o
      1128         12          0          0          0       4676   lcd.o
         0          0         64          4          0        630   lcd_api.o
       604         10          8          0          0       2731   lcd_drawbitmap_565.o
        92          4          0          0          0        628   lcd_drawvline.o
        16          4          0          0          0        600   lcd_getcolorindex.o
       192          0          0          0          0       3501   lcd_getex.o
        56          0          0          0          0       1131   lcd_l0_generic.o
         0          0        256          0          0        550   lcd_mirror.o
        36         10          0          0          0        460   lcd_selectlcd.o
        32          4          0          0          0        856   lcd_setcliprectex.o
        36          4          0          0          0        489   lcd_updatecolorindices.o
        84          4          0          0        512       1722   lcdcolor.o
      1404         16          0          0          0       6582   lcddummy.o
        48          0          0          0          0       1405   lcdinfo0.o
        32          0          0          0          0        783   lcdp565.o
        56          0          0          0          0        622   lcdp565_index2color.o
       280         12          0          0          0        830   led.o
       928        162          0         32      12404      19268   main.o
       220         20          0          0          0       1741   misc.o
      3160        208        256         84       4368      18323   os_core.o
       164         32          0          0          0        304   os_cpu_a.o
       372         36          0          6        512      26960   os_cpu_c.o
      2228         44          0          0          0       7184   os_flag.o
      1068         20          0          0          0       4402   os_mbox.o
       600         16          0          0          0       3456   os_mem.o
      1620         34          0          0          0       5965   os_q.o
       992         22          0          0          0       4114   os_sem.o
      2368         78          0          0          0       8345   os_task.o
       484         28          0          0          0       1886   os_time.o
      1760        132          0          0          0      15043   os_tmr.o
     11936         60          0          0          0      56280   ra8875.o
        54          0          0          8          0       2854   regtarge.o
       592         60          0          0          0       1690   spi.o
       928         16          0          0       4096       4170   spiflash.o
        64         26        304          0       1536        808   startup_stm32f10x_hd.o
      1084         26          0          0          0      10961   stm32f10x_adc.o
       360          6          0          0          0       3510   stm32f10x_dac.o
       592          8          0          0          0       4302   stm32f10x_dma.o
       284         10          0          0          0       2199   stm32f10x_exti.o
      1560         54          0          0          0       5311   stm32f10x_fsmc.o
       856         40          0          0          0       5673   stm32f10x_gpio.o
       452         56          0          8          0     337835   stm32f10x_it.o
       928         44          0         20          0       8820   stm32f10x_rcc.o
       784         12          0          0          0       6574   stm32f10x_spi.o
      3502         86          0          0          0      22840   stm32f10x_tim.o
      1036         20          0          0          0       8416   stm32f10x_usart.o
       456         36          0         20          0       1795   system_stm32f10x.o
        92         16          6          0          0       1434   tapdev.o
       368         78          0         17          0       1449   tcp_demo.o
       360         14          0          8          0       3129   text.o
        78          0          0          0          0        786   text_createindirect.o
        56          0          0          0          0        982   text_setbkcolor.o
        36          0          0          0          0        999   text_setfont.o
        46          0          0          0          0       1027   text_settext.o
      1104         10          0          0          0       5381   tfcard.o
      2368        510          0          4          0       4273   tft.o
        64          0          0          0          0       1452   timer.o
      5616        324          8         68       1592      16047   uip.o
      1036         60         10          8         96       3055   uip_arp.o
       556         20          0          0          0       2063   usart.o
       162          0          0          0          0       1771   utility.o
      1188          6          0          4          0       8041   widget.o
       428         18         24          0          0       3832   widget_effect_3d.o
       276          4          0          0          0       1395   widget_fillstringinrect.o
       388         10          0          4          0       2453   window.o
      4276        172          0         49         36      19638   wm.o
        60          0          0          0          0       1002   wm__foreachdesc.o
        30          0          0          0          0        578   wm__getfirstsibling.o
        36          6          0          0          0        575   wm__getfocussedchild.o
        54          0          0          0          0        905   wm__getprevsibling.o
        78          0          0          0          0       1270   wm__isancestor.o
        40          0          0          0          0        934   wm__ischild.o
        26          0          0          0          0        544   wm__isenabled.o
        36          0          0          0          0        926   wm__sendmessage.o
        24          0          0          0          0        591   wm__sendmessageifenabled.o
        40          0          0          0          0       1004   wm__sendmessagenopara.o
       390          0          0          0          0       1603   wm__updatechildpositions.o
        80          0          0          0          0        971   wm_bringtobottom.o
       144          6          0          0          0       1596   wm_bringtotop.o
        80          4          0          0          0        901   wm_criticalhandle.o
        90          0          0          0          0       1341   wm_enablewindow.o
        28          0          0          0          0        905   wm_foreachdesc.o
        28          0          0          0          0        584   wm_getbkcolor.o
        88          8          0          0          0       1114   wm_getclientrect.o
        26          0          0          0          0        565   wm_getclientwindow.o
        12          4          0          0          0        470   wm_getdesktopwindow.o
       106          0          0          0          0       1307   wm_getdialogitem.o
        28          0          0          0          0        543   wm_getfirstchild.o
        20          0          0          0          0        523   wm_getid.o
        28          0          0          0          0        527   wm_getparent.o
       104          8          0          0          0       1310   wm_getwindowrect.o
       128          0          0          0          0       1716   wm_getwindowsize.o
        24          4          0          0          0        533   wm_hascaptured.o
        56          0          0          0          0        884   wm_hide.o
        32          0          0          0          0        586   wm_isfocussable.o
        24          0          0          0          0        538   wm_iswindow.o
       272          0          0          0          0       2076   wm_move.o
        88          0          0          0          0       1061   wm_movechildto.o
        22          0          0          0          0        582   wm_notifyparent.o
        64          6          0          0          0        659   wm_onkey.o
       242          0          0          0          0       1218   wm_resizewindow.o
       220          6          0          0          0       2017   wm_screen2win.o
        24          0          0          0          0        583   wm_sendmessagenopara.o
        40          0          0          0          0        626   wm_sendtoparent.o
        96          8          0          0          0        866   wm_setcapture.o
       152          4          0          4          0       1308   wm_setcapturemove.o
        16          6          0          0          0        536   wm_setcreateflags.o
        84         10          0          0          0       1066   wm_setdesktopcolor.o
       176          4          0          0          0        718   wm_setfocus.o
       152          0          0          0          0       1585   wm_setfocusonnextchild.o
        28          0          0          0          0        896   wm_setscrollstate.o
        74          0          0          0          0       1041   wm_setsize.o
       152          6          0          0          0       1331   wm_settrans.o
        98          0          0          0          0        955   wm_settransstate.o
        32          6          0          0          0        877   wm_setusercliprect.o
        96          0          0          0          0       1205   wm_show.o
        74          0          0          0          0       1115   wmmemdev.o
       552         20          0         16          0       4344   wmtouch.o

    ----------------------------------------------------------------------
    107544       5436      36680        752      39376    1049098   Object Totals
         0          0         32          0          0          0   (incl. Generated)
        32          0          2         20         84          0   (incl. Padding)

    ----------------------------------------------------------------------

      Code (inc. data)   RO Data    RW Data    ZI Data      Debug   Library Member Name

        24          4          0          0          0         84   __2printf.o
        44          6          0          0          0         84   __2sprintf.o
        90          0          0          0          0          0   __dczerorl2.o
         8          0          0          0          0         68   __main.o
       396          6         17          0          0         92   __printf_flags_ss_wp.o
        14          0          0          0          0         68   __printf_wp.o
        52          8          0          0          0          0   __scatter.o
        28          0          0          0          0          0   __scatter_zi.o
         6          0          0          0          0          0   _printf_a.o
         6          0          0          0          0          0   _printf_c.o
        44          0          0          0          0        108   _printf_char.o
        48          6          0          0          0         96   _printf_char_common.o
        36          4          0          0          0         80   _printf_char_file.o
        42          0          0          0          0         68   _printf_charcount.o
         6          0          0          0          0          0   _printf_d.o
       120         18          0          0          0         92   _printf_dec.o
         6          0          0          0          0          0   _printf_e.o
         6          0          0          0          0          0   _printf_f.o
      1056          0          0          0          0        216   _printf_fp_dec.o
       128         16          0          0          0         84   _printf_fp_infnan.o
         6          0          0          0          0          0   _printf_g.o
       156          6         40          0          0        160   _printf_hex_int_ll_ptr.o
         6          0          0          0          0          0   _printf_i.o
       184          0          0          0          0         88   _printf_intcommon.o
        10          0          0          0          0          0   _printf_l.o
         6          0          0          0          0          0   _printf_lc.o
        10          0          0          0          0          0   _printf_ll.o
         6          0          0          0          0          0   _printf_lld.o
         6          0          0          0          0          0   _printf_lli.o
         6          0          0          0          0          0   _printf_llo.o
         6          0          0          0          0          0   _printf_llu.o
         6          0          0          0          0          0   _printf_llx.o
       120         16          0          0          0         92   _printf_longlong_dec.o
         6          0          0          0          0          0   _printf_ls.o
         6          0          0          0          0          0   _printf_n.o
         6          0          0          0          0          0   _printf_o.o
       120          8          0          0          0        124   _printf_oct_int_ll.o
         6          0          0          0          0          0   _printf_p.o
        82          0          0          0          0        108   _printf_pad.o
         0          0          0          0          0          0   _printf_percent.o
         4          0          0          0          0          0   _printf_percent_end.o
         6          0          0          0          0          0   _printf_s.o
        82          0          0          0          0         80   _printf_str.o
        36          0          0          0          0         84   _printf_truncate.o
         6          0          0          0          0          0   _printf_u.o
        44          0          0          0          0        108   _printf_wchar.o
       188          6          8          0          0         92   _printf_wctomb.o
         6          0          0          0          0          0   _printf_x.o
        10          0          0          0          0         68   _sputc.o
        64          0          0          0          0         92   _wcrtomb.o
        16          0          0          0          0         68   aeabi_memset.o
       228          6        148          0          0         96   bigflt0.o
      1910        128          0          0          0        672   btod.o
        36          4          0          0          0         76   c89vsprintf.o
        12          0          0          0          0         72   exit.o
         6          0          0          0          0        152   heapauxi.o
        44         10        272          0          0         76   lc_ctype_c.o
        44         10         28          0          0         76   lc_numeric_c.o
         6          0          0          0          0          0   libinit.o
        34          0          0          0          0          0   libinit2.o
         2          0          0          0          0          0   libshutdown.o
         2          0          0          0          0          0   libshutdown2.o
         8          4          0          0         96         68   libspace.o
       138          0          0          0          0         80   lludiv10.o
        88          0          0          0          0         76   memcmp.o
       112         18          0          0        228        160   rand.o
        16          4          0          0          0         76   rt_ctype_table.o
         8          4          0          0          0         68   rt_fp_status_addr_intlibspace.o
         8          4          0          0          0         68   rt_locale_intlibspace.o
        68          0          0          0          0         68   rt_memclr.o
        78          0          0          0          0         80   rt_memclr_w.o
       138          0          0          0          0         68   rt_memcpy_v6.o
       100          0          0          0          0         80   rt_memcpy_w.o
       132          0          0          0          0         68   rt_memmove_v6.o
       122          0          0          0          0         80   rt_memmove_w.o
         0          0          0          0          0          0   rtentry.o
        12          0          0          0          0          0   rtentry2.o
         6          0          0          0          0          0   rtentry4.o
         2          0          0          0          0          0   rtexit.o
        10          0          0          0          0          0   rtexit2.o
       128          0          0          0          0         68   strcmpv7m.o
        72          0          0          0          0         80   strcpy.o
        62          0          0          0          0         76   strlen.o
       150          0          0          0          0         80   strncmp.o
        74          0          0          0          0         80   sys_stackheap_outer.o
         2          0          0          0          0         68   use_no_semi.o
        98          4          0          0          0         92   d2f.o
        24          0          0          0          0         68   dcmpi.o
       688        140          0          0          0        212   ddiv.o
        38          0          0          0          0         68   dflt_clz.o
       120          4          0          0          0         92   dleqf.o
       340         12          0          0          0        104   dmul.o
       156          4          0          0          0         92   dnaninf.o
        12          0          0          0          0         68   dretinf.o
       108          0          0          0          0         80   drleqf.o
        86          4          0          0          0         84   f2d.o
        24          0          0          0          0         68   fcmpi.o
       388         76          0          0          0         96   fdiv.o
        62          4          0          0          0         84   ffixu.o
        86          0          0          0          0        136   fflt_clz.o
       104          4          0          0          0         84   fleqf.o
       258          4          0          0          0         84   fmul.o
       140          4          0          0          0         84   fnaninf.o
        14          0          0          0          0         76   fpinit.o
        10          0          0          0          0         68   fretinf.o
         4          0          0          0          0         68   printf1.o
         0          0          0          0          0          0   usenofp.o
        40          0          0          0          0         68   fpclassify.o

    ----------------------------------------------------------------------
     10060        556        516          0        328       6892   Library Totals
        26          0          3          0          4          0   (incl. Padding)

    ----------------------------------------------------------------------

      Code (inc. data)   RO Data    RW Data    ZI Data      Debug   Library Name

      7234        296        513          0        324       5016   c_w.l
      2760        260          0          0          0       1808   fz_ws.l
        40          0          0          0          0         68   m_ws.l

    ----------------------------------------------------------------------
     10060        556        516          0        328       6892   Library Totals

    ----------------------------------------------------------------------

==============================================================================


      Code (inc. data)   RO Data    RW Data    ZI Data      Debug   

    117604       5992      37196        752      39704    1036906   Grand Totals
    117604       5992      37196        148      39704    1036906   ELF Image Totals (compressed)
    117604       5992      37196        148          0          0   ROM Totals

==============================================================================

    Total RO  Size (Code + RO Data)               154800 ( 151.17kB)
    Total RW  Size (RW Data + ZI Data)             40456 (  39.51kB)
    Total ROM Size (Code + RO Data + RW Data)     154948 ( 151.32kB)

==============================================================================

