ARM Linker, 4.1 [Build 894] [Standard]

==============================================================================

Section Cross References

    stm32f10x_it.o(.text) refers to utility.o(.text) for delay_ms
    stm32f10x_it.o(.text) refers to stm32f10x_gpio.o(.text) for GPIO_ReadInputDataBit
    stm32f10x_it.o(.text) refers to ra8875.o(.text) for PWM1_duty_cycle
    stm32f10x_it.o(.text) refers to stm32f10x_exti.o(.text) for EXTI_ClearITPendingBit
    stm32f10x_it.o(.text) refers to os_core.o(.text) for OSIntEnter
    stm32f10x_it.o(.text) refers to os_task.o(.text) for OSTaskResume
    stm32f10x_it.o(.text) refers to stm32f10x_usart.o(.text) for USART_GetITStatus
    stm32f10x_it.o(.text) refers to bp_config.o(.data) for KeyYesPressed
    stm32f10x_it.o(.text) refers to main.o(.data) for pput
    stm32f10x_it.o(.text) refers to main.o(.bss) for USART1_BUF
    stm32f10x_it.o(.text) refers to stm32f10x_it.o(.data) for lastget
    main.o(.text) refers to _printf_percent.o(.ARM.Collect$$_printf_percent$$00000000) for _printf_percent
    main.o(.text) refers to _printf_d.o(.ARM.Collect$$_printf_percent$$00000009) for _printf_d
    main.o(.text) refers to _printf_dec.o(.text) for _printf_int_dec
    main.o(.text) refers to os_task.o(.text) for OSTaskSuspend
    main.o(.text) refers to __2printf.o(.text) for __2printf
    main.o(.text) refers to stm32f10x_gpio.o(.text) for GPIO_SetBits
    main.o(.text) refers to os_cpu_c.o(.text) for OS_CPU_SysTickInit
    main.o(.text) refers to bp_config.o(.text) for bpboard_init
    main.o(.text) refers to os_core.o(.text) for OSInit
    main.o(.text) refers to main.o(.data) for pput
    main.o(.text) refers to main.o(.bss) for CJDY
    startup_stm32f10x_hd.o(STACK) refers (Special) to heapauxi.o(.text) for __use_two_region_memory
    startup_stm32f10x_hd.o(HEAP) refers (Special) to heapauxi.o(.text) for __use_two_region_memory
    startup_stm32f10x_hd.o(RESET) refers (Special) to heapauxi.o(.text) for __use_two_region_memory
    startup_stm32f10x_hd.o(RESET) refers to startup_stm32f10x_hd.o(STACK) for __initial_sp
    startup_stm32f10x_hd.o(RESET) refers to startup_stm32f10x_hd.o(.text) for Reset_Handler
    startup_stm32f10x_hd.o(RESET) refers to stm32f10x_it.o(.text) for NMI_Handler
    startup_stm32f10x_hd.o(RESET) refers to os_cpu_a.o(.text) for OS_CPU_PendSVHandler
    startup_stm32f10x_hd.o(RESET) refers to os_cpu_c.o(.text) for OS_CPU_SysTickHandler
    startup_stm32f10x_hd.o(.text) refers (Special) to heapauxi.o(.text) for __use_two_region_memory
    startup_stm32f10x_hd.o(.text) refers to system_stm32f10x.o(.text) for SystemInit
    startup_stm32f10x_hd.o(.text) refers to __main.o(!!!main) for __main
    startup_stm32f10x_hd.o(.text) refers to startup_stm32f10x_hd.o(HEAP) for Heap_Mem
    startup_stm32f10x_hd.o(.text) refers to startup_stm32f10x_hd.o(STACK) for Stack_Mem
    bp_config.o(.text) refers to _printf_pad.o(.text) for _printf_pre_padding
    bp_config.o(.text) refers to _printf_percent.o(.ARM.Collect$$_printf_percent$$00000000) for _printf_percent
    bp_config.o(.text) refers to _printf_f.o(.ARM.Collect$$_printf_percent$$00000003) for _printf_f
    bp_config.o(.text) refers to printf1.o(x$fpl$printf1) for _printf_fp_dec
    bp_config.o(.text) refers to stm32f10x_rcc.o(.text) for RCC_APB2PeriphClockCmd
    bp_config.o(.text) refers to misc.o(.text) for NVIC_PriorityGroupConfig
    bp_config.o(.text) refers to stm32f10x_gpio.o(.text) for GPIO_EXTILineConfig
    bp_config.o(.text) refers to stm32f10x_exti.o(.text) for EXTI_Init
    bp_config.o(.text) refers to led.o(.text) for led_init
    bp_config.o(.text) refers to key.o(.text) for key_init
    bp_config.o(.text) refers to usart.o(.text) for usart_init
    bp_config.o(.text) refers to iic.o(.text) for iic_init
    bp_config.o(.text) refers to spiflash.o(.text) for spiflash_init
    bp_config.o(.text) refers to ra8875.o(.text) for LcdClear
    bp_config.o(.text) refers to __2printf.o(.text) for __2printf
    bp_config.o(.text) refers to tfcard.o(.text) for tfcard_init
    bp_config.o(.text) refers to bp_config.o(.data) for backlight
    bp_config.o(.text) refers to bp_config.o(.constdata) for .constdata
    bp_config.o(.text) refers to utility.o(.text) for delay_ms
    bp_config.o(.text) refers to tapdev.o(.text) for tapdev_init
    bp_config.o(.text) refers to bptimer.o(.text) for TIM6_Int_Init
    bp_config.o(.text) refers to uip.o(.text) for uip_init
    bp_config.o(.text) refers to tcp_demo.o(.text) for uip_polling
    bp_config.o(.text) refers to tft.o(.text) for touch_calibration
    bp_config.o(.text) refers to uip.o(.data) for uip_hostaddr
    bp_config.o(.text) refers to fflt_clz.o(x$fpl$fflt) for __aeabi_i2f
    bp_config.o(.text) refers to fdiv.o(x$fpl$fdiv) for __aeabi_fdiv
    bp_config.o(.text) refers to f2d.o(x$fpl$f2d) for __aeabi_f2d
    bp_config.o(.text) refers to rand.o(.emb_text) for rand
[...]
    ADC_ClearITPendingBit                    0x08007053   Thumb Code    10  stm32f10x_adc.o(.text)
    DAC_DeInit                               0x0800705d   Thumb Code    22  stm32f10x_dac.o(.text)
    DAC_Init                                 0x08007073   Thumb Code    46  stm32f10x_dac.o(.text)
    DAC_StructInit                           0x080070a1   Thumb Code    12  stm32f10x_dac.o(.text)
    DAC_Cmd                                  0x080070ad   Thumb Code    34  stm32f10x_dac.o(.text)
    DAC_DMACmd                               0x080070cf   Thumb Code    38  stm32f10x_dac.o(.text)
    DAC_SoftwareTriggerCmd                   0x080070f5   Thumb Code    48  stm32f10x_dac.o(.text)
    DAC_DualSoftwareTriggerCmd               0x08007125   Thumb Code    38  stm32f10x_dac.o(.text)
    DAC_WaveGenerationCmd                    0x0800714b   Thumb Code    36  stm32f10x_dac.o(.text)
    DAC_SetChannel1Data                      0x0800716f   Thumb Code    14  stm32f10x_dac.o(.text)
    DAC_SetChannel2Data                      0x0800717d   Thumb Code    14  stm32f10x_dac.o(.text)
    DAC_SetDualChannelData                   0x0800718b   Thumb Code    32  stm32f10x_dac.o(.text)
    DAC_GetDataOutputValue                   0x080071ab   Thumb Code    20  stm32f10x_dac.o(.text)
    DMA_DeInit                               0x080071c5   Thumb Code   324  stm32f10x_dma.o(.text)
    DMA_Init                                 0x08007309   Thumb Code    60  stm32f10x_dma.o(.text)
    DMA_StructInit                           0x08007345   Thumb Code    26  stm32f10x_dma.o(.text)
    DMA_Cmd                                  0x0800735f   Thumb Code    24  stm32f10x_dma.o(.text)
    DMA_ITConfig                             0x08007377   Thumb Code    18  stm32f10x_dma.o(.text)
    DMA_SetCurrDataCounter                   0x08007389   Thumb Code     4  stm32f10x_dma.o(.text)
    DMA_GetCurrDataCounter                   0x0800738d   Thumb Code     8  stm32f10x_dma.o(.text)
    DMA_GetFlagStatus                        0x08007395   Thumb Code    38  stm32f10x_dma.o(.text)
    DMA_ClearFlag                            0x080073bb   Thumb Code    22  stm32f10x_dma.o(.text)
    DMA_GetITStatus                          0x080073d1   Thumb Code    38  stm32f10x_dma.o(.text)
    DMA_ClearITPendingBit                    0x080073f7   Thumb Code    22  stm32f10x_dma.o(.text)
    EXTI_DeInit                              0x08007415   Thumb Code    28  stm32f10x_exti.o(.text)
    EXTI_Init                                0x08007431   Thumb Code   142  stm32f10x_exti.o(.text)
    EXTI_StructInit                          0x080074bf   Thumb Code    16  stm32f10x_exti.o(.text)
    EXTI_GenerateSWInterrupt                 0x080074cf   Thumb Code    16  stm32f10x_exti.o(.text)
    EXTI_GetFlagStatus                       0x080074df   Thumb Code    22  stm32f10x_exti.o(.text)
    EXTI_ClearFlag                           0x080074f5   Thumb Code     8  stm32f10x_exti.o(.text)
    EXTI_GetITStatus                         0x080074fd   Thumb Code    34  stm32f10x_exti.o(.text)
    EXTI_ClearITPendingBit                   0x0800751f   Thumb Code     8  stm32f10x_exti.o(.text)
    FSMC_NORSRAMDeInit                       0x08007531   Thumb Code    56  stm32f10x_fsmc.o(.text)
    FSMC_NANDDeInit                          0x08007569   Thumb Code    62  stm32f10x_fsmc.o(.text)
    FSMC_PCCARDDeInit                        0x080075a7   Thumb Code    40  stm32f10x_fsmc.o(.text)
    FSMC_NORSRAMInit                         0x080075cf   Thumb Code   224  stm32f10x_fsmc.o(.text)
    FSMC_NANDInit                            0x080076af   Thumb Code   130  stm32f10x_fsmc.o(.text)
    FSMC_PCCARDInit                          0x08007731   Thumb Code   124  stm32f10x_fsmc.o(.text)
    FSMC_NORSRAMStructInit                   0x080077ad   Thumb Code   114  stm32f10x_fsmc.o(.text)
    FSMC_NANDStructInit                      0x0800781f   Thumb Code    54  stm32f10x_fsmc.o(.text)
    FSMC_PCCARDStructInit                    0x08007855   Thumb Code    60  stm32f10x_fsmc.o(.text)
    FSMC_NORSRAMCmd                          0x08007891   Thumb Code    46  stm32f10x_fsmc.o(.text)
    FSMC_NANDCmd                             0x080078bf   Thumb Code    86  stm32f10x_fsmc.o(.text)
    FSMC_PCCARDCmd                           0x08007915   Thumb Code    40  stm32f10x_fsmc.o(.text)
    FSMC_NANDECCCmd                          0x0800793d   Thumb Code   118  stm32f10x_fsmc.o(.text)
    FSMC_GetECC                              0x080079b3   Thumb Code    22  stm32f10x_fsmc.o(.text)
    FSMC_ITConfig                            0x080079c9   Thumb Code   128  stm32f10x_fsmc.o(.text)
    FSMC_GetFlagStatus                       0x08007a49   Thumb Code    48  stm32f10x_fsmc.o(.text)
    FSMC_ClearFlag                           0x08007a79   Thumb Code    62  stm32f10x_fsmc.o(.text)
    FSMC_GetITStatus                         0x08007ab7   Thumb Code    60  stm32f10x_fsmc.o(.text)
    FSMC_ClearITPendingBit                   0x08007af3   Thumb Code    64  stm32f10x_fsmc.o(.text)
    GPIO_DeInit                              0x08007b49   Thumb Code   172  stm32f10x_gpio.o(.text)
    GPIO_AFIODeInit                          0x08007bf5   Thumb Code    20  stm32f10x_gpio.o(.text)
    GPIO_Init                                0x08007c09   Thumb Code   274  stm32f10x_gpio.o(.text)
    GPIO_StructInit                          0x08007d1b   Thumb Code    16  stm32f10x_gpio.o(.text)
    GPIO_ReadInputDataBit                    0x08007d2b   Thumb Code    18  stm32f10x_gpio.o(.text)
    GPIO_ReadInputData                       0x08007d3d   Thumb Code     8  stm32f10x_gpio.o(.text)
    GPIO_ReadOutputDataBit                   0x08007d45   Thumb Code    18  stm32f10x_gpio.o(.text)
    GPIO_ReadOutputData                      0x08007d57   Thumb Code     8  stm32f10x_gpio.o(.text)
    GPIO_SetBits                             0x08007d5f   Thumb Code     4  stm32f10x_gpio.o(.text)
    GPIO_ResetBits                           0x08007d63   Thumb Code     4  stm32f10x_gpio.o(.text)
    GPIO_WriteBit                            0x08007d67   Thumb Code    10  stm32f10x_gpio.o(.text)
    GPIO_Write                               0x08007d71   Thumb Code     4  stm32f10x_gpio.o(.text)
    GPIO_PinLockConfig                       0x08007d75   Thumb Code    18  stm32f10x_gpio.o(.text)
    GPIO_EventOutputConfig                   0x08007d87   Thumb Code    26  stm32f10x_gpio.o(.text)
    GPIO_EventOutputCmd                      0x08007da1   Thumb Code     6  stm32f10x_gpio.o(.text)
    GPIO_PinRemapConfig                      0x08007da7   Thumb Code   138  stm32f10x_gpio.o(.text)
    GPIO_EXTILineConfig                      0x08007e31   Thumb Code    66  stm32f10x_gpio.o(.text)
    GPIO_ETH_MediaInterfaceConfig            0x08007e73   Thumb Code     6  stm32f10x_gpio.o(.text)
    RCC_DeInit                               0x08007ea1   Thumb Code    64  stm32f10x_rcc.o(.text)
    RCC_HSEConfig                            0x08007ee1   Thumb Code    70  stm32f10x_rcc.o(.text)
    RCC_GetFlagStatus                        0x08007f27   Thumb Code    56  stm32f10x_rcc.o(.text)
    RCC_WaitForHSEStartUp                    0x08007f5f   Thumb Code    48  stm32f10x_rcc.o(.text)
    RCC_AdjustHSICalibrationValue            0x08007f8f   Thumb Code    20  stm32f10x_rcc.o(.text)
    RCC_HSICmd                               0x08007fa3   Thumb Code     6  stm32f10x_rcc.o(.text)
    RCC_PLLConfig                            0x08007fa9   Thumb Code    24  stm32f10x_rcc.o(.text)
    RCC_PLLCmd                               0x08007fc1   Thumb Code     6  stm32f10x_rcc.o(.text)
    RCC_SYSCLKConfig                         0x08007fc7   Thumb Code    18  stm32f10x_rcc.o(.text)
    RCC_GetSYSCLKSource                      0x08007fd9   Thumb Code    10  stm32f10x_rcc.o(.text)
    RCC_HCLKConfig                           0x08007fe3   Thumb Code    18  stm32f10x_rcc.o(.text)
    RCC_PCLK1Config                          0x08007ff5   Thumb Code    18  stm32f10x_rcc.o(.text)
    RCC_PCLK2Config                          0x08008007   Thumb Code    20  stm32f10x_rcc.o(.text)
    RCC_ITConfig                             0x0800801b   Thumb Code    30  stm32f10x_rcc.o(.text)
    RCC_USBCLKConfig                         0x08008039   Thumb Code     6  stm32f10x_rcc.o(.text)
    RCC_ADCCLKConfig                         0x0800803f   Thumb Code    18  stm32f10x_rcc.o(.text)
    RCC_LSEConfig                            0x08008051   Thumb Code    44  stm32f10x_rcc.o(.text)
    RCC_LSICmd                               0x0800807d   Thumb Code     6  stm32f10x_rcc.o(.text)
    RCC_RTCCLKConfig                         0x08008083   Thumb Code    12  stm32f10x_rcc.o(.text)
    RCC_RTCCLKCmd                            0x0800808f   Thumb Code     8  stm32f10x_rcc.o(.text)
    RCC_GetClocksFreq                        0x08008097   Thumb Code   192  stm32f10x_rcc.o(.text)
    RCC_AHBPeriphClockCmd                    0x08008157   Thumb Code    26  stm32f10x_rcc.o(.text)
    RCC_APB2PeriphClockCmd                   0x08008171   Thumb Code    26  stm32f10x_rcc.o(.text)
    RCC_APB1PeriphClockCmd                   0x0800818b   Thumb Code    26  stm32f10x_rcc.o(.text)
    RCC_APB2PeriphResetCmd                   0x080081a5   Thumb Code    26  stm32f10x_rcc.o(.text)
    RCC_APB1PeriphResetCmd                   0x080081bf   Thumb Code    26  stm32f10x_rcc.o(.text)
    RCC_BackupResetCmd                       0x080081d9   Thumb Code     8  stm32f10x_rcc.o(.text)
    RCC_ClockSecuritySystemCmd               0x080081e1   Thumb Code     6  stm32f10x_rcc.o(.text)
    RCC_MCOConfig                            0x080081e7   Thumb Code     6  stm32f10x_rcc.o(.text)
    RCC_ClearFlag                            0x080081ed   Thumb Code    14  stm32f10x_rcc.o(.text)
    RCC_GetITStatus                          0x080081fb   Thumb Code    20  stm32f10x_rcc.o(.text)
    RCC_ClearITPendingBit                    0x0800820f   Thumb Code     6  stm32f10x_rcc.o(.text)
    SPI_I2S_DeInit                           0x08008241   Thumb Code    76  stm32f10x_spi.o(.text)
    SPI_Init                                 0x0800828d   Thumb Code    60  stm32f10x_spi.o(.text)
    I2S_Init                                 0x080082c9   Thumb Code   222  stm32f10x_spi.o(.text)
    SPI_StructInit                           0x080083a7   Thumb Code    24  stm32f10x_spi.o(.text)
    I2S_StructInit                           0x080083bf   Thumb Code    20  stm32f10x_spi.o(.text)
    SPI_Cmd                                  0x080083d3   Thumb Code    24  stm32f10x_spi.o(.text)
    I2S_Cmd                                  0x080083eb   Thumb Code    24  stm32f10x_spi.o(.text)
    SPI_I2S_ITConfig                         0x08008403   Thumb Code    36  stm32f10x_spi.o(.text)
    SPI_I2S_DMACmd                           0x08008427   Thumb Code    24  stm32f10x_spi.o(.text)
    SPI_I2S_SendData                         0x0800843f   Thumb Code     4  stm32f10x_spi.o(.text)
    SPI_I2S_ReceiveData                      0x08008443   Thumb Code     6  stm32f10x_spi.o(.text)
    SPI_NSSInternalSoftwareConfig            0x08008449   Thumb Code    30  stm32f10x_spi.o(.text)
    SPI_SSOutputCmd                          0x08008467   Thumb Code    24  stm32f10x_spi.o(.text)
    SPI_DataSizeConfig                       0x0800847f   Thumb Code    18  stm32f10x_spi.o(.text)
    SPI_TransmitCRC                          0x08008491   Thumb Code    10  stm32f10x_spi.o(.text)
    SPI_CalculateCRC                         0x0800849b   Thumb Code    24  stm32f10x_spi.o(.text)
    SPI_GetCRC                               0x080084b3   Thumb Code    16  stm32f10x_spi.o(.text)
    SPI_GetCRCPolynomial                     0x080084c3   Thumb Code     6  stm32f10x_spi.o(.text)
    SPI_BiDirectionalLineConfig              0x080084c9   Thumb Code    28  stm32f10x_spi.o(.text)
    SPI_I2S_GetFlagStatus                    0x080084e5   Thumb Code    18  stm32f10x_spi.o(.text)
    SPI_I2S_ClearFlag                        0x080084f7   Thumb Code     6  stm32f10x_spi.o(.text)
    SPI_I2S_GetITStatus                      0x080084fd   Thumb Code    52  stm32f10x_spi.o(.text)
    SPI_I2S_ClearITPendingBit                0x08008531   Thumb Code    20  stm32f10x_spi.o(.text)
    TIM_DeInit                               0x08008551   Thumb Code   424  stm32f10x_tim.o(.text)
    TIM_TimeBaseInit                         0x080086f9   Thumb Code   122  stm32f10x_tim.o(.text)
    TIM_OC1Init                              0x08008773   Thumb Code   132  stm32f10x_tim.o(.text)
    TIM_OC2Init                              0x080087f7   Thumb Code   146  stm32f10x_tim.o(.text)
    TIM_OC3Init                              0x08008889   Thumb Code   142  stm32f10x_tim.o(.text)
    TIM_OC4Init                              0x08008917   Thumb Code   174  stm32f10x_tim.o(.text)
    TIM_SetIC4Prescaler                      0x080089c5   Thumb Code    22  stm32f10x_tim.o(.text)
    TIM_SetIC3Prescaler                      0x08008a51   Thumb Code    18  stm32f10x_tim.o(.text)
    TIM_SetIC2Prescaler                      0x08008ad5   Thumb Code    22  stm32f10x_tim.o(.text)
    TIM_SetIC1Prescaler                      0x08008b61   Thumb Code    18  stm32f10x_tim.o(.text)
    TIM_ICInit                               0x08008bdd   Thumb Code   150  stm32f10x_tim.o(.text)
    TIM_PWMIConfig                           0x08008c73   Thumb Code   124  stm32f10x_tim.o(.text)
    TIM_BDTRConfig                           0x08008cef   Thumb Code    32  stm32f10x_tim.o(.text)
    TIM_TimeBaseStructInit                   0x08008d0f   Thumb Code    18  stm32f10x_tim.o(.text)
    TIM_OCStructInit                         0x08008d21   Thumb Code    20  stm32f10x_tim.o(.text)
    TIM_ICStructInit                         0x08008d35   Thumb Code    18  stm32f10x_tim.o(.text)
    TIM_BDTRStructInit                       0x08008d47   Thumb Code    18  stm32f10x_tim.o(.text)
    TIM_Cmd                                  0x08008d59   Thumb Code    24  stm32f10x_tim.o(.text)
    TIM_CtrlPWMOutputs                       0x08008d71   Thumb Code    50  stm32f10x_tim.o(.text)
    TIM_ITConfig                             0x08008da3   Thumb Code    24  stm32f10x_tim.o(.text)
    TIM_GenerateEvent                        0x08008dbb   Thumb Code     4  stm32f10x_tim.o(.text)
    TIM_DMAConfig                            0x08008dbf   Thumb Code    10  stm32f10x_tim.o(.text)
    TIM_DMACmd                               0x08008dc9   Thumb Code    24  stm32f10x_tim.o(.text)
    TIM_InternalClockConfig                  0x08008de1   Thumb Code    12  stm32f10x_tim.o(.text)
    TIM_SelectInputTrigger                   0x08008ded   Thumb Code    18  stm32f10x_tim.o(.text)
    TIM_ITRxExternalClockConfig              0x08008dff   Thumb Code    24  stm32f10x_tim.o(.text)
    TIM_TIxExternalClockConfig               0x08008e17   Thumb Code    62  stm32f10x_tim.o(.text)
    TIM_ETRConfig                            0x08008e55   Thumb Code    24  stm32f10x_tim.o(.text)
    TIM_ETRClockMode1Config                  0x08008e6d   Thumb Code    54  stm32f10x_tim.o(.text)
    TIM_ETRClockMode2Config                  0x08008ea3   Thumb Code    32  stm32f10x_tim.o(.text)
    TIM_PrescalerConfig                      0x08008ec3   Thumb Code     6  stm32f10x_tim.o(.text)
    TIM_CounterModeConfig                    0x08008ec9   Thumb Code    18  stm32f10x_tim.o(.text)
    TIM_EncoderInterfaceConfig               0x08008edb   Thumb Code    62  stm32f10x_tim.o(.text)
    TIM_ForcedOC1Config                      0x08008f19   Thumb Code    18  stm32f10x_tim.o(.text)
    TIM_ForcedOC2Config                      0x08008f2b   Thumb Code    22  stm32f10x_tim.o(.text)
    TIM_ForcedOC3Config                      0x08008f41   Thumb Code    18  stm32f10x_tim.o(.text)
    TIM_ForcedOC4Config                      0x08008f53   Thumb Code    22  stm32f10x_tim.o(.text)
    TIM_ARRPreloadConfig                     0x08008f69   Thumb Code    24  stm32f10x_tim.o(.text)
    TIM_SelectCOM                            0x08008f81   Thumb Code    24  stm32f10x_tim.o(.text)
    TIM_SelectCCDMA                          0x08008f99   Thumb Code    24  stm32f10x_tim.o(.text)
    TIM_CCPreloadControl                     0x08008fb1   Thumb Code    24  stm32f10x_tim.o(.text)
    TIM_OC1PreloadConfig                     0x08008fc9   Thumb Code    18  stm32f10x_tim.o(.text)
    TIM_OC2PreloadConfig                     0x08008fdb   Thumb Code    22  stm32f10x_tim.o(.text)
    TIM_OC3PreloadConfig                     0x08008ff1   Thumb Code    18  stm32f10x_tim.o(.text)
    TIM_OC4PreloadConfig                     0x08009003   Thumb Code    22  stm32f10x_tim.o(.text)
    TIM_OC1FastConfig                        0x08009019   Thumb Code    18  stm32f10x_tim.o(.text)
    TIM_OC2FastConfig                        0x0800902b   Thumb Code    22  stm32f10x_tim.o(.text)
    TIM_OC3FastConfig                        0x08009041   Thumb Code    18  stm32f10x_tim.o(.text)
    TIM_OC4FastConfig                        0x08009053   Thumb Code    22  stm32f10x_tim.o(.text)
    TIM_ClearOC1Ref                          0x08009069   Thumb Code    18  stm32f10x_tim.o(.text)
    TIM_ClearOC2Ref                          0x0800907b   Thumb Code    20  stm32f10x_tim.o(.text)
    TIM_ClearOC3Ref                          0x0800908f   Thumb Code    18  stm32f10x_tim.o(.text)
    TIM_ClearOC4Ref                          0x080090a1   Thumb Code    20  stm32f10x_tim.o(.text)
    TIM_OC1PolarityConfig                    0x080090b5   Thumb Code    18  stm32f10x_tim.o(.text)
    TIM_OC1NPolarityConfig                   0x080090c7   Thumb Code    18  stm32f10x_tim.o(.text)
    TIM_OC2PolarityConfig                    0x080090d9   Thumb Code    22  stm32f10x_tim.o(.text)
    TIM_OC2NPolarityConfig                   0x080090ef   Thumb Code    22  stm32f10x_tim.o(.text)
    TIM_OC3PolarityConfig                    0x08009105   Thumb Code    22  stm32f10x_tim.o(.text)
    TIM_OC3NPolarityConfig                   0x0800911b   Thumb Code    22  stm32f10x_tim.o(.text)
    TIM_OC4PolarityConfig                    0x08009131   Thumb Code    22  stm32f10x_tim.o(.text)
    TIM_CCxCmd                               0x08009147   Thumb Code    34  stm32f10x_tim.o(.text)
    TIM_CCxNCmd                              0x08009169   Thumb Code    34  stm32f10x_tim.o(.text)
    TIM_SelectOCxM                           0x0800918b   Thumb Code    82  stm32f10x_tim.o(.text)
    TIM_UpdateDisableConfig                  0x080091dd   Thumb Code    24  stm32f10x_tim.o(.text)
    TIM_UpdateRequestConfig                  0x080091f5   Thumb Code    24  stm32f10x_tim.o(.text)
    TIM_SelectHallSensor                     0x0800920d   Thumb Code    24  stm32f10x_tim.o(.text)
    TIM_SelectOnePulseMode                   0x08009225   Thumb Code    18  stm32f10x_tim.o(.text)
    TIM_SelectOutputTrigger                  0x08009237   Thumb Code    18  stm32f10x_tim.o(.text)
    TIM_SelectSlaveMode                      0x08009249   Thumb Code    18  stm32f10x_tim.o(.text)
    TIM_SelectMasterSlaveMode                0x0800925b   Thumb Code    18  stm32f10x_tim.o(.text)
    TIM_SetCounter                           0x0800926d   Thumb Code     4  stm32f10x_tim.o(.text)
    TIM_SetAutoreload                        0x08009271   Thumb Code     4  stm32f10x_tim.o(.text)
    TIM_SetCompare1                          0x08009275   Thumb Code     4  stm32f10x_tim.o(.text)
    TIM_SetCompare2                          0x08009279   Thumb Code     4  stm32f10x_tim.o(.text)
    TIM_SetCompare3                          0x0800927d   Thumb Code     4  stm32f10x_tim.o(.text)
    TIM_SetCompare4                          0x08009281   Thumb Code     6  stm32f10x_tim.o(.text)
    TIM_SetClockDivision                     0x08009287   Thumb Code    18  stm32f10x_tim.o(.text)
    TIM_GetCapture1                          0x08009299   Thumb Code     6  stm32f10x_tim.o(.text)
    TIM_GetCapture2                          0x0800929f   Thumb Code     6  stm32f10x_tim.o(.text)
    TIM_GetCapture3                          0x080092a5   Thumb Code     6  stm32f10x_tim.o(.text)
    TIM_GetCapture4                          0x080092ab   Thumb Code     8  stm32f10x_tim.o(.text)
    TIM_GetCounter                           0x080092b3   Thumb Code     6  stm32f10x_tim.o(.text)
    TIM_GetPrescaler                         0x080092b9   Thumb Code     6  stm32f10x_tim.o(.text)
    TIM_GetFlagStatus                        0x080092bf   Thumb Code    18  stm32f10x_tim.o(.text)
    TIM_ClearFlag                            0x080092d1   Thumb Code     6  stm32f10x_tim.o(.text)
    TIM_GetITStatus                          0x080092d7   Thumb Code    34  stm32f10x_tim.o(.text)
    TIM_ClearITPendingBit                    0x080092f9   Thumb Code     6  stm32f10x_tim.o(.text)
    USART_DeInit                             0x08009301   Thumb Code   134  stm32f10x_usart.o(.text)
    USART_Init                               0x08009387   Thumb Code   210  stm32f10x_usart.o(.text)
    USART_StructInit                         0x08009459   Thumb Code    24  stm32f10x_usart.o(.text)
    USART_ClockInit                          0x08009471   Thumb Code    34  stm32f10x_usart.o(.text)
    USART_ClockStructInit                    0x08009493   Thumb Code    12  stm32f10x_usart.o(.text)
    USART_Cmd                                0x0800949f   Thumb Code    24  stm32f10x_usart.o(.text)
    USART_ITConfig                           0x080094b7   Thumb Code    74  stm32f10x_usart.o(.text)
    USART_DMACmd                             0x08009501   Thumb Code    24  stm32f10x_usart.o(.text)
    USART_SetAddress                         0x08009519   Thumb Code    18  stm32f10x_usart.o(.text)
    USART_WakeUpConfig                       0x0800952b   Thumb Code    18  stm32f10x_usart.o(.text)
    USART_ReceiverWakeUpCmd                  0x0800953d   Thumb Code    24  stm32f10x_usart.o(.text)
    USART_LINBreakDetectLengthConfig         0x08009555   Thumb Code    18  stm32f10x_usart.o(.text)
    USART_LINCmd                             0x08009567   Thumb Code    24  stm32f10x_usart.o(.text)
    USART_SendData                           0x0800957f   Thumb Code     8  stm32f10x_usart.o(.text)
    USART_ReceiveData                        0x08009587   Thumb Code    10  stm32f10x_usart.o(.text)
    USART_SendBreak                          0x08009591   Thumb Code    10  stm32f10x_usart.o(.text)
    USART_SetGuardTime                       0x0800959b   Thumb Code    16  stm32f10x_usart.o(.text)
    USART_SetPrescaler                       0x080095ab   Thumb Code    16  stm32f10x_usart.o(.text)
    USART_SmartCardCmd                       0x080095bb   Thumb Code    24  stm32f10x_usart.o(.text)
    USART_SmartCardNACKCmd                   0x080095d3   Thumb Code    24  stm32f10x_usart.o(.text)
    USART_HalfDuplexCmd                      0x080095eb   Thumb Code    24  stm32f10x_usart.o(.text)
    USART_OverSampling8Cmd                   0x08009603   Thumb Code    22  stm32f10x_usart.o(.text)
    USART_OneBitMethodCmd                    0x08009619   Thumb Code    24  stm32f10x_usart.o(.text)
    USART_IrDAConfig                         0x08009631   Thumb Code    18  stm32f10x_usart.o(.text)
    USART_IrDACmd                            0x08009643   Thumb Code    24  stm32f10x_usart.o(.text)
    USART_GetFlagStatus                      0x0800965b   Thumb Code    26  stm32f10x_usart.o(.text)
    USART_ClearFlag                          0x08009675   Thumb Code    18  stm32f10x_usart.o(.text)
    USART_GetITStatus                        0x08009687   Thumb Code    84  stm32f10x_usart.o(.text)
    USART_ClearITPendingBit                  0x080096db   Thumb Code    50  stm32f10x_usart.o(.text)
    SystemInit                               0x080097d5   Thumb Code    78  system_stm32f10x.o(.text)
    SystemCoreClockUpdate                    0x08009823   Thumb Code   142  system_stm32f10x.o(.text)
    timer_set                                0x080098d5   Thumb Code    16  timer.o(.text)
    timer_reset                              0x080098e5   Thumb Code    10  timer.o(.text)
    timer_restart                            0x080098ef   Thumb Code    12  timer.o(.text)
    timer_expired                            0x080098fb   Thumb Code    26  timer.o(.text)
    uip_setipid                              0x08009915   Thumb Code     6  uip.o(.text)
    uip_add32                                0x0800991b   Thumb Code   106  uip.o(.text)
    htons                                    0x080099cb   Thumb Code    12  uip.o(.text)
    uip_chksum                               0x080099d7   Thumb Code    24  uip.o(.text)
    uip_ipchksum                             0x080099ef   Thumb Code    30  uip.o(.text)
    uip_tcpchksum                            0x08009a51   Thumb Code    10  uip.o(.text)
    uip_udpchksum                            0x08009a5b   Thumb Code    10  uip.o(.text)
    uip_init                                 0x08009a65   Thumb Code   136  uip.o(.text)
    uip_connect                              0x08009aed   Thumb Code   254  uip.o(.text)
    uip_udp_new                              0x08009beb   Thumb Code   204  uip.o(.text)
    uip_unlisten                             0x08009cb7   Thumb Code    94  uip.o(.text)
    uip_listen                               0x08009d15   Thumb Code    54  uip.o(.text)
    uip_process                              0x08009d85   Thumb Code  4408  uip.o(.text)
    uip_send                                 0x0800aebd   Thumb Code    38  uip.o(.text)
    uip_arp_init                             0x0800af05   Thumb Code    46  uip_arp.o(.text)
    uip_arp_timer                            0x0800af33   Thumb Code    76  uip_arp.o(.text)
    uip_arp_arpin                            0x0800b08f   Thumb Code   216  uip_arp.o(.text)
    uip_arp_out                              0x0800b167   Thumb Code   366  uip_arp.o(.text)
    tapdev_init                              0x0800b311   Thumb Code    46  tapdev.o(.text)
    tapdev_read                              0x0800b33f   Thumb Code    16  tapdev.o(.text)
    tapdev_send                              0x0800b34f   Thumb Code    14  tapdev.o(.text)
    clock_time                               0x0800b36d   Thumb Code     6  clock-arch.o(.text)
    uip_empty_allcall                        0x0800b379   Thumb Code     2  tcp_demo.o(.text)
    myudp_send                               0x0800b37b   Thumb Code    32  tcp_demo.o(.text)
    UDP_newdata                              0x0800b39b   Thumb Code    52  tcp_demo.o(.text)
    myudp_appcall                            0x0800b3cf   Thumb Code    18  tcp_demo.o(.text)
    uip_log                                  0x0800b3e1   Thumb Code    14  tcp_demo.o(.text)
    uip_polling                              0x0800b3ef   Thumb Code   172  tcp_demo.o(.text)
    OSTmrCreate                              0x0800b51b   Thumb Code   142  os_tmr.o(.text)
    OSTmrDel                                 0x0800b621   Thumb Code   134  os_tmr.o(.text)
    OSTmrNameGet                             0x0800b6a7   Thumb Code   134  os_tmr.o(.text)
    OSTmrRemainGet                           0x0800b72d   Thumb Code   172  os_tmr.o(.text)
    OSTmrStateGet                            0x0800b7d9   Thumb Code    96  os_tmr.o(.text)
    OSTmrStart                               0x0800b89d   Thumb Code   166  os_tmr.o(.text)
    OSTmrStop                                0x0800b943   Thumb Code   190  os_tmr.o(.text)
    OSTmrSignal                              0x0800ba01   Thumb Code    16  os_tmr.o(.text)
    OSTmr_Init                               0x0800bab5   Thumb Code   172  os_tmr.o(.text)
    OS_StrLen                                0x0800bbc9   Thumb Code    20  os_core.o(.text)
    OSEventNameGet                           0x0800bbdd   Thumb Code   118  os_core.o(.text)
    OSEventNameSet                           0x0800bc53   Thumb Code   100  os_core.o(.text)
    OS_EventTaskRemoveMulti                  0x0800bcb7   Thumb Code    80  os_core.o(.text)
    OS_Sched                                 0x0800bd21   Thumb Code    88  os_core.o(.text)
    OS_EventTaskWaitMulti                    0x0800bd79   Thumb Code   144  os_core.o(.text)
    OSEventPendMulti                         0x0800be09   Thumb Code   762  os_core.o(.text)
    OS_TaskIdle                              0x0800c103   Thumb Code    34  os_core.o(.text)
    OS_MemClr                                0x0800c159   Thumb Code    18  os_core.o(.text)
    OSInit                                   0x0800c273   Thumb Code    48  os_core.o(.text)
    OSIntEnter                               0x0800c2a3   Thumb Code    28  os_core.o(.text)
    OSIntExit                                0x0800c2bf   Thumb Code   112  os_core.o(.text)
    OSSchedLock                              0x0800c32f   Thumb Code    50  os_core.o(.text)
    OSSchedUnlock                            0x0800c361   Thumb Code    82  os_core.o(.text)
    OSStart                                  0x0800c3b3   Thumb Code    48  os_core.o(.text)
    OSTimeTick                               0x0800c3e3   Thumb Code   334  os_core.o(.text)
    OSVersion                                0x0800c531   Thumb Code     6  os_core.o(.text)
    OS_Dummy                                 0x0800c537   Thumb Code     2  os_core.o(.text)
    OS_EventTaskRemove                       0x0800c539   Thumb Code    50  os_core.o(.text)
    OS_EventTaskRdy                          0x0800c56b   Thumb Code   138  os_core.o(.text)
    OS_EventTaskWait                         0x0800c5f5   Thumb Code   120  os_core.o(.text)
    OS_EventWaitListInit                     0x0800c66d   Thumb Code    28  os_core.o(.text)
    OS_MemCopy                               0x0800c689   Thumb Code    20  os_core.o(.text)
    OS_TaskStatStkChk                        0x0800c69d   Thumb Code    54  os_core.o(.text)
    OS_TCBInit                               0x0800c6d3   Thumb Code   296  os_core.o(.text)
    OSFlagAccept                             0x0800c821   Thumb Code   278  os_flag.o(.text)
    OSFlagCreate                             0x0800c937   Thumb Code    86  os_flag.o(.text)
    OS_FlagUnlink                            0x0800c98d   Thumb Code    36  os_flag.o(.text)
    OSFlagDel                                0x0800ca11   Thumb Code   224  os_flag.o(.text)
    OSFlagNameGet                            0x0800caf1   Thumb Code   100  os_flag.o(.text)
    OSFlagNameSet                            0x0800cb55   Thumb Code    82  os_flag.o(.text)
    OSFlagPend                               0x0800cc4f   Thumb Code   648  os_flag.o(.text)
    OSFlagPendGetFlagsRdy                    0x0800ced7   Thumb Code    26  os_flag.o(.text)
    OSFlagPost                               0x0800cef1   Thumb Code   334  os_flag.o(.text)
    OSFlagQuery                              0x0800d03f   Thumb Code    58  os_flag.o(.text)
    OS_FlagInit                              0x0800d079   Thumb Code    78  os_flag.o(.text)
    OSMemCreate                              0x0800d0d5   Thumb Code   164  os_mem.o(.text)
    OSMemGet                                 0x0800d179   Thumb Code    72  os_mem.o(.text)
    OSMemNameGet                             0x0800d1c1   Thumb Code    80  os_mem.o(.text)
    OSMemNameSet                             0x0800d211   Thumb Code    64  os_mem.o(.text)
    OSMemPut                                 0x0800d251   Thumb Code    66  os_mem.o(.text)
    OSMemQuery                               0x0800d293   Thumb Code    64  os_mem.o(.text)
    OS_MemInit                               0x0800d2d3   Thumb Code    74  os_mem.o(.text)
    OSQAccept                                0x0800d32d   Thumb Code    98  os_q.o(.text)
    OSQCreate                                0x0800d38f   Thumb Code   144  os_q.o(.text)
    OSQDel                                   0x0800d41f   Thumb Code   254  os_q.o(.text)
    OSQFlush                                 0x0800d51d   Thumb Code    52  os_q.o(.text)
    OSQPend                                  0x0800d551   Thumb Code   288  os_q.o(.text)
    OSQPendAbort                             0x0800d671   Thumb Code   138  os_q.o(.text)
    OSQPost                                  0x0800d6fb   Thumb Code   120  os_q.o(.text)
    OSQPostFront                             0x0800d773   Thumb Code   146  os_q.o(.text)
    OSQPostOpt                               0x0800d805   Thumb Code   188  os_q.o(.text)
    OSQQuery                                 0x0800d8c1   Thumb Code   110  os_q.o(.text)
    OS_QInit                                 0x0800d92f   Thumb Code    72  os_q.o(.text)
    OSSemAccept                              0x0800d981   Thumb Code    48  os_sem.o(.text)
    OSSemCreate                              0x0800d9b1   Thumb Code    72  os_sem.o(.text)
    OSSemDel                                 0x0800d9f9   Thumb Code   220  os_sem.o(.text)
    OSSemPend                                0x0800dad5   Thumb Code   236  os_sem.o(.text)
    OSSemPendAbort                           0x0800dbc1   Thumb Code   138  os_sem.o(.text)
    OSSemPost                                0x0800dc4b   Thumb Code    94  os_sem.o(.text)
    OSSemQuery                               0x0800dca9   Thumb Code    88  os_sem.o(.text)
    OSSemSet                                 0x0800dd01   Thumb Code    74  os_sem.o(.text)
    OSTaskChangePrio                         0x0800dd61   Thumb Code   444  os_task.o(.text)
    OSTaskCreate                             0x0800df1d   Thumb Code   156  os_task.o(.text)
    OS_TaskStkClr                            0x0800dfb9   Thumb Code    26  os_task.o(.text)
    OSTaskCreateExt                          0x0800dfd3   Thumb Code   178  os_task.o(.text)
    OSTaskDel                                0x0800e085   Thumb Code   360  os_task.o(.text)
    OSTaskDelReq                             0x0800e1ed   Thumb Code   112  os_task.o(.text)
    OSTaskNameGet                            0x0800e25d   Thumb Code   140  os_task.o(.text)
    OSTaskNameSet                            0x0800e2e9   Thumb Code   120  os_task.o(.text)
    OSTaskResume                             0x0800e361   Thumb Code   168  os_task.o(.text)
    OSTaskStkChk                             0x0800e409   Thumb Code   150  os_task.o(.text)
    OSTaskSuspend                            0x0800e49f   Thumb Code   180  os_task.o(.text)
    OSTaskQuery                              0x0800e553   Thumb Code   136  os_task.o(.text)
    OSTaskRegGet                             0x0800e5db   Thumb Code    86  os_task.o(.text)
    OSTaskRegSet                             0x0800e631   Thumb Code    84  os_task.o(.text)
    OS_TaskReturn                            0x0800e685   Thumb Code    18  os_task.o(.text)
    OSInitHookBegin                          0x0800e6a1   Thumb Code    30  os_cpu_c.o(.text)
    OSInitHookEnd                            0x0800e6bf   Thumb Code     2  os_cpu_c.o(.text)
    OSTaskCreateHook                         0x0800e6c1   Thumb Code     2  os_cpu_c.o(.text)
    OSTaskDelHook                            0x0800e6c3   Thumb Code     2  os_cpu_c.o(.text)
    OSTaskIdleHook                           0x0800e6c5   Thumb Code     2  os_cpu_c.o(.text)
    OSTaskReturnHook                         0x0800e6c7   Thumb Code     2  os_cpu_c.o(.text)
    OSTaskStatHook                           0x0800e6c9   Thumb Code     2  os_cpu_c.o(.text)
    OSTaskStkInit                            0x0800e6cb   Thumb Code   152  os_cpu_c.o(.text)
    OSTaskSwHook                             0x0800e763   Thumb Code     2  os_cpu_c.o(.text)
    OSTCBInitHook                            0x0800e765   Thumb Code     2  os_cpu_c.o(.text)
    OSTimeTickHook                           0x0800e767   Thumb Code    30  os_cpu_c.o(.text)
    OS_CPU_SysTickHandler                    0x0800e785   Thumb Code    66  os_cpu_c.o(.text)
    OS_CPU_SysTickInit                       0x0800e7c7   Thumb Code    74  os_cpu_c.o(.text)
    OS_CPU_SR_Save                           0x0800e839   Thumb Code     0  os_cpu_a.o(.text)
    OS_CPU_SR_Restore                        0x0800e841   Thumb Code     0  os_cpu_a.o(.text)
    OSStartHighRdy                           0x0800e847   Thumb Code     0  os_cpu_a.o(.text)
    OSCtxSw                                  0x0800e867   Thumb Code     0  os_cpu_a.o(.text)
    OSIntCtxSw                               0x0800e871   Thumb Code     0  os_cpu_a.o(.text)
    OS_CPU_PendSVHandler                     0x0800e87b   Thumb Code     0  os_cpu_a.o(.text)
    __I$use$semihosting                      0x0800e8dd   Thumb Code     0  use_no_semi.o(.text)
    __use_no_semihosting_swi                 0x0800e8dd   Thumb Code     2  use_no_semi.o(.text)
    __c89vsprintf                            0x0800e8e1   Thumb Code    32  c89vsprintf.o(.text)
    __2printf                                0x0800e905   Thumb Code    20  __2printf.o(.text)
    _printf_pre_padding                      0x0800e91d   Thumb Code    46  _printf_pad.o(.text)
    _printf_post_padding                     0x0800e94b   Thumb Code    36  _printf_pad.o(.text)
    _printf_str                              0x0800e96f   Thumb Code    82  _printf_str.o(.text)
    _printf_int_dec                          0x0800e9c1   Thumb Code   102  _printf_dec.o(.text)
    __printf                                 0x0800ea39   Thumb Code   390  __printf_flags_ss_wp.o(.text)
    srand                                    0x0800ebc5   Thumb Code    42  rand.o(.text)
    _rand_init                               0x0800ebef   Thumb Code     4  rand.o(.text)
    strncmp                                  0x0800ec01   Thumb Code   150  strncmp.o(.text)
    __aeabi_memcpy                           0x0800ec97   Thumb Code     0  rt_memcpy_v6.o(.text)
    __rt_memcpy                              0x0800ec97   Thumb Code   138  rt_memcpy_v6.o(.text)
    _memcpy_lastbytes                        0x0800ecfd   Thumb Code     0  rt_memcpy_v6.o(.text)
    __aeabi_memset                           0x0800ed21   Thumb Code    16  aeabi_memset.o(.text)
    __aeabi_memclr                           0x0800ed31   Thumb Code     0  rt_memclr.o(.text)
    __rt_memclr                              0x0800ed31   Thumb Code    68  rt_memclr.o(.text)
    _memset                                  0x0800ed35   Thumb Code     0  rt_memclr.o(.text)
    __aeabi_memclr4                          0x0800ed75   Thumb Code     0  rt_memclr_w.o(.text)
    __aeabi_memclr8                          0x0800ed75   Thumb Code     0  rt_memclr_w.o(.text)
    __rt_memclr_w                            0x0800ed75   Thumb Code    78  rt_memclr_w.o(.text)
    _memset_w                                0x0800ed79   Thumb Code     0  rt_memclr_w.o(.text)
    __use_two_region_memory                  0x0800edc3   Thumb Code     2  heapauxi.o(.text)
    __rt_heap_escrow$2region                 0x0800edc5   Thumb Code     2  heapauxi.o(.text)
    __rt_heap_expand$2region                 0x0800edc7   Thumb Code     2  heapauxi.o(.text)
    _printf_truncate_signed                  0x0800edc9   Thumb Code    18  _printf_truncate.o(.text)
    _printf_truncate_unsigned                0x0800eddb   Thumb Code    18  _printf_truncate.o(.text)
    _printf_int_common                       0x0800eded   Thumb Code   184  _printf_intcommon.o(.text)
    _printf_charcount                        0x0800eea5   Thumb Code    42  _printf_charcount.o(.text)
    __lib_sel_fp_printf                      0x0800eecf   Thumb Code     2  _printf_fp_dec.o(.text)
    _printf_fp_dec_real                      0x0800f07d   Thumb Code   626  _printf_fp_dec.o(.text)
    _printf_char_common                      0x0800f2fb   Thumb Code    32  _printf_char_common.o(.text)
    _sputc                                   0x0800f321   Thumb Code    10  _sputc.o(.text)
    _printf_cs_common                        0x0800f32b   Thumb Code    20  _printf_char.o(.text)
    _printf_char                             0x0800f33f   Thumb Code    16  _printf_char.o(.text)
    _printf_string                           0x0800f34f   Thumb Code     8  _printf_char.o(.text)
    _printf_char_file                        0x0800f359   Thumb Code    32  _printf_char_file.o(.text)
    _printf_wctomb                           0x0800f37d   Thumb Code   182  _printf_wctomb.o(.text)
    _printf_longlong_dec                     0x0800f439   Thumb Code   104  _printf_longlong_dec.o(.text)
    _printf_longlong_oct                     0x0800f4b1   Thumb Code    76  _printf_oct_int_ll.o(.text)
    _printf_int_oct                          0x0800f4fd   Thumb Code    24  _printf_oct_int_ll.o(.text)
    _printf_ll_oct                           0x0800f515   Thumb Code    12  _printf_oct_int_ll.o(.text)
    _printf_longlong_hex                     0x0800f529   Thumb Code    92  _printf_hex_int_ll_ptr.o(.text)
    _printf_int_hex                          0x0800f585   Thumb Code    28  _printf_hex_int_ll_ptr.o(.text)
    _printf_ll_hex                           0x0800f5a1   Thumb Code    12  _printf_hex_int_ll_ptr.o(.text)
    _printf_hex_ptr                          0x0800f5ad   Thumb Code    18  _printf_hex_int_ll_ptr.o(.text)
    __aeabi_memcpy4                          0x0800f5c5   Thumb Code     0  rt_memcpy_w.o(.text)
    __aeabi_memcpy8                          0x0800f5c5   Thumb Code     0  rt_memcpy_w.o(.text)
    __rt_memcpy_w                            0x0800f5c5   Thumb Code   100  rt_memcpy_w.o(.text)
    _memcpy_lastbytes_aligned                0x0800f60d   Thumb Code     0  rt_memcpy_w.o(.text)
    __rt_locale                              0x0800f629   Thumb Code     8  rt_locale_intlibspace.o(.text)
    _ll_udiv10                               0x0800f631   Thumb Code   138  lludiv10.o(.text)
    _printf_fp_infnan                        0x0800f6bd   Thumb Code   112  _printf_fp_infnan.o(.text)
    _printf_lcs_common                       0x0800f73d   Thumb Code    20  _printf_wchar.o(.text)
    _printf_wchar                            0x0800f751   Thumb Code    16  _printf_wchar.o(.text)
    _printf_wstring                          0x0800f761   Thumb Code     8  _printf_wchar.o(.text)
    _btod_etento                             0x0800f769   Thumb Code   222  bigflt0.o(.text)
    _wcrtomb                                 0x0800f84d   Thumb Code    64  _wcrtomb.o(.text)
    __user_libspace                          0x0800f88d   Thumb Code     8  libspace.o(.text)
    __user_perproc_libspace                  0x0800f88d   Thumb Code     0  libspace.o(.text)
    __user_perthread_libspace                0x0800f88d   Thumb Code     0  libspace.o(.text)
    __user_setup_stackheap                   0x0800f895   Thumb Code    74  sys_stackheap_outer.o(.text)
    __rt_ctype_table                         0x0800f8e1   Thumb Code    16  rt_ctype_table.o(.text)
    exit                                     0x0800f8f1   Thumb Code    12  exit.o(.text)
    strcmp                                   0x0800f8fd   Thumb Code   128  strcmpv7m.o(.text)
    __rt_fp_status_addr                      0x0800f97d   Thumb Code     8  rt_fp_status_addr_intlibspace.o(.text)
    _btod_d2e                                0x0800f985   Thumb Code    62  btod.o(CL$$btod_d2e)
    _d2e_denorm_low                          0x0800f9c3   Thumb Code    70  btod.o(CL$$btod_d2e_denorm_low)
    _d2e_norm_op1                            0x0800fa09   Thumb Code    96  btod.o(CL$$btod_d2e_norm_op1)
    __btod_div_common                        0x0800fa69   Thumb Code   696  btod.o(CL$$btod_div_common)
    _e2e                                     0x0800fda1   Thumb Code   198  btod.o(CL$$btod_e2e)
    _btod_ediv                               0x0800fe67   Thumb Code    40  btod.o(CL$$btod_ediv)
    _btod_emul                               0x0800fe8f   Thumb Code    40  btod.o(CL$$btod_emul)
    __btod_mult_common                       0x0800feb7   Thumb Code   580  btod.o(CL$$btod_mult_common)
    __ARM_fpclassify                         0x080100fb   Thumb Code    40  fpclassify.o(i.__ARM_fpclassify)
    _is_digit                                0x08010123   Thumb Code    14  __printf_wp.o(i._is_digit)
    _get_lc_numeric                          0x08010131   Thumb Code    44  lc_numeric_c.o(locale$$code)
    _get_lc_ctype                            0x0801015d   Thumb Code    44  lc_ctype_c.o(locale$$code)
    __aeabi_d2f                              0x08010189   Thumb Code     0  d2f.o(x$fpl$d2f)
    _d2f                                     0x08010189   Thumb Code    98  d2f.o(x$fpl$d2f)
    __fpl_dcmp_Inf                           0x080101eb   Thumb Code    24  dcmpi.o(x$fpl$dcmpinf)
    __aeabi_ddiv                             0x08010205   Thumb Code     0  ddiv.o(x$fpl$ddiv)
    _ddiv                                    0x08010205   Thumb Code   552  ddiv.o(x$fpl$ddiv)
    __aeabi_ui2d                             0x080104b5   Thumb Code     0  dflt_clz.o(x$fpl$dfltu)
    _dfltu                                   0x080104b5   Thumb Code    38  dflt_clz.o(x$fpl$dfltu)
    __aeabi_cdcmple                          0x080104dd   Thumb Code     0  dleqf.o(x$fpl$dleqf)
    _dcmple                                  0x080104dd   Thumb Code   120  dleqf.o(x$fpl$dleqf)
    __fpl_dcmple_InfNaN                      0x0801053f   Thumb Code     0  dleqf.o(x$fpl$dleqf)
    __aeabi_dmul                             0x08010555   Thumb Code     0  dmul.o(x$fpl$dmul)
    _dmul                                    0x08010555   Thumb Code   332  dmul.o(x$fpl$dmul)
    __fpl_dnaninf                            0x080106a9   Thumb Code   156  dnaninf.o(x$fpl$dnaninf)
    __fpl_dretinf                            0x08010745   Thumb Code    12  dretinf.o(x$fpl$dretinf)
    __aeabi_cdrcmple                         0x08010751   Thumb Code     0  drleqf.o(x$fpl$drleqf)
    _drcmple                                 0x08010751   Thumb Code   108  drleqf.o(x$fpl$drleqf)
    __aeabi_f2d                              0x080107bd   Thumb Code     0  f2d.o(x$fpl$f2d)
    _f2d                                     0x080107bd   Thumb Code    86  f2d.o(x$fpl$f2d)
    __aeabi_fdiv                             0x08010815   Thumb Code     0  fdiv.o(x$fpl$fdiv)
    _fdiv                                    0x08010815   Thumb Code   384  fdiv.o(x$fpl$fdiv)
    __aeabi_f2uiz                            0x08010999   Thumb Code     0  ffixu.o(x$fpl$ffixu)
    _ffixu                                   0x08010999   Thumb Code    62  ffixu.o(x$fpl$ffixu)
    __aeabi_i2f                              0x080109d9   Thumb Code     0  fflt_clz.o(x$fpl$fflt)
    _fflt                                    0x080109d9   Thumb Code    48  fflt_clz.o(x$fpl$fflt)
    __aeabi_ui2f                             0x08010a09   Thumb Code     0  fflt_clz.o(x$fpl$ffltu)
    _ffltu                                   0x08010a09   Thumb Code    38  fflt_clz.o(x$fpl$ffltu)
    __aeabi_fmul                             0x08010a31   Thumb Code     0  fmul.o(x$fpl$fmul)
    _fmul                                    0x08010a31   Thumb Code   258  fmul.o(x$fpl$fmul)
    __fpl_fnaninf                            0x08010b33   Thumb Code   140  fnaninf.o(x$fpl$fnaninf)
    _fp_init                                 0x08010bbf   Thumb Code    14  fpinit.o(x$fpl$fpinit)
    __fplib_config_pureend_doubles           0x08010bcb   Thumb Code     0  fpinit.o(x$fpl$fpinit)
    __fpl_fretinf                            0x08010bcd   Thumb Code    10  fretinf.o(x$fpl$fretinf)
    _printf_fp_dec                           0x08010bd7   Thumb Code     4  printf1.o(x$fpl$printf1)
    __I$use$fp                               0x08010bdb   Thumb Code     0  usenofp.o(x$fpl$usenofp)
    mymac                                    0x08010ca6   Data           6  tapdev.o(.constdata)
    OSUnMapTbl                               0x08010cac   Data         256  os_core.o(.constdata)
    Region$$Table$$Base                      0x08010e84   Number         0  anon$$obj.o(Region$$Table)
    Region$$Table$$Limit                     0x08010ea4   Number         0  anon$$obj.o(Region$$Table)
    __ctype                                  0x08010ecd   Data           0  lc_ctype_c.o(locale$$data)
    lastget                                  0x20000000   Data           1  stm32f10x_it.o(.data)
    uip_timer                                0x20000004   Data           4  stm32f10x_it.o(.data)
    DMARECE                                  0x20000008   Data           1  main.o(.data)
    pput                                     0x2000000c   Data           4  main.o(.data)
    pget                                     0x20000010   Data           4  main.o(.data)
    TYPE                                     0x20000014   Data           1  main.o(.data)
    MyEventSem                               0x20000018   Data           4  main.o(.data)
    buf_sig                                  0x2000001c   Data           1  bp_config.o(.data)
    control_sta                              0x2000001d   Data           1  bp_config.o(.data)
    backlight                                0x2000001e   Data           1  bp_config.o(.data)
    KeyPressed                               0x2000001f   Data           1  bp_config.o(.data)
    KeyYesPressed                            0x20000020   Data           1  bp_config.o(.data)
    KeyNoPressed                             0x20000021   Data           1  bp_config.o(.data)
    __stdout                                 0x20000028   Data           4  regtarge.o(.data)
    __stdin                                  0x2000002c   Data           4  regtarge.o(.data)
    GPIO_InitStructure                       0x20000030   Data           4  daad.o(.data)
    SystemCoreClock                          0x20000050   Data           4  system_stm32f10x.o(.data)
    AHBPrescTable                            0x20000054   Data          16  system_stm32f10x.o(.data)
    LPORT                                    0x20000064   Data           2  uip.o(.data)
    uip_ethaddr                              0x20000066   Data           6  uip.o(.data)
    udp_send_flag                            0x2000006c   Data           1  uip.o(.data)
    uip_hostaddr                             0x2000006e   Data           4  uip.o(.data)
    uip_draddr                               0x20000072   Data           4  uip.o(.data)
    uip_netmask                              0x20000076   Data           4  uip.o(.data)
    uip_appdata                              0x2000007c   Data           4  uip.o(.data)
    uip_sappdata                             0x20000080   Data           4  uip.o(.data)
    uip_len                                  0x20000084   Data           2  uip.o(.data)
    uip_slen                                 0x20000086   Data           2  uip.o(.data)
    uip_flags                                0x20000088   Data           1  uip.o(.data)
    uip_conn                                 0x2000008c   Data           4  uip.o(.data)
    uip_listenports                          0x20000090   Data           2  uip.o(.data)
    uip_udp_conn                             0x20000094   Data           4  uip.o(.data)
    uip_acc32                                0x200000a0   Data           4  uip.o(.data)
    OSCtxSwCtr                               0x200000c4   Data           4  os_core.o(.data)
    OSEventFreeList                          0x200000c8   Data           4  os_core.o(.data)
    OSFlagFreeList                           0x200000cc   Data           4  os_core.o(.data)
    OSIntNesting                             0x200000d0   Data           1  os_core.o(.data)
    OSLockNesting                            0x200000d1   Data           1  os_core.o(.data)
    OSPrioCur                                0x200000d2   Data           1  os_core.o(.data)
    OSPrioHighRdy                            0x200000d3   Data           1  os_core.o(.data)
    OSRdyGrp                                 0x200000d4   Data           1  os_core.o(.data)
    OSRdyTbl                                 0x200000d5   Data           8  os_core.o(.data)
    OSRunning                                0x200000dd   Data           1  os_core.o(.data)
    OSTaskCtr                                0x200000de   Data           1  os_core.o(.data)
    OSIdleCtr                                0x200000e0   Data           4  os_core.o(.data)
    OSTCBCur                                 0x200000e4   Data           4  os_core.o(.data)
    OSTCBFreeList                            0x200000e8   Data           4  os_core.o(.data)
    OSTCBHighRdy                             0x200000ec   Data           4  os_core.o(.data)
    OSTCBList                                0x200000f0   Data           4  os_core.o(.data)
    OSTickStepState                          0x200000f4   Data           1  os_core.o(.data)
    OSMemFreeList                            0x200000f8   Data           4  os_core.o(.data)
    OSQFreeList                              0x200000fc   Data           4  os_core.o(.data)
    OSTime                                   0x20000100   Data           4  os_core.o(.data)
    OSTmrFree                                0x20000104   Data           2  os_core.o(.data)
    OSTmrUsed                                0x20000106   Data           2  os_core.o(.data)
    OSTmrTime                                0x20000108   Data           4  os_core.o(.data)
    OSTmrSem                                 0x2000010c   Data           4  os_core.o(.data)
    OSTmrSemSignal                           0x20000110   Data           4  os_core.o(.data)
    OSTmrFreeList                            0x20000114   Data           4  os_core.o(.data)
    OS_CPU_ExceptStkBase                     0x20000118   Data           4  os_cpu_c.o(.data)
    USART1_BUF                               0x20001920   Data         100  main.o(.bss)
    CJDY                                     0x20001984   Data          14  main.o(.bss)
    After_filter                             0x20001992   Data          16  bp_config.o(.bss)
    uip_buf                                  0x200019a2   Data        1502  uip.o(.bss)
    uip_conns                                0x20001f80   Data          28  uip.o(.bss)
    uip_udp_conns                            0x20001f9c   Data          10  uip.o(.bss)
    uip_stat                                 0x20001fa6   Data          52  uip.o(.bss)
    AdDataBuff1                              0x20002000   Data        1024  bp_config.o(.ARM.__AT_0x20002000)
    AdDataBuff2                              0x20002400   Data        1024  bp_config.o(.ARM.__AT_0x20002400)
    AD_Value                                 0x20002800   Data         160  bp_config.o(.ARM.__AT_0x20002800)
    spiflashbuf                              0x200028a0   Data        4096  spiflash.o(.bss)
    OSEventTbl                               0x20003900   Data         240  os_core.o(.bss)
    OSFlagTbl                                0x200039f0   Data          80  os_core.o(.bss)
    OSTaskIdleStk                            0x20003a40   Data         512  os_core.o(.bss)
    OSTCBPrioTbl                             0x20003c40   Data         256  os_core.o(.bss)
    OSTCBTbl                                 0x20003d40   Data        1848  os_core.o(.bss)
    OSMemTbl                                 0x20004478   Data         120  os_core.o(.bss)
    OSQTbl                                   0x200044f0   Data          96  os_core.o(.bss)
    OSTmrTbl                                 0x20004550   Data         640  os_core.o(.bss)
    OSTmrTaskStk                             0x200047d0   Data         512  os_core.o(.bss)
    OSTmrWheelTbl                            0x200049d0   Data          64  os_core.o(.bss)
    OS_CPU_ExceptStk                         0x20004a10   Data         512  os_cpu_c.o(.bss)
    _random_number_data                      0x20004c10   Data         228  rand.o(.bss)
    __libspace_start                         0x20004cf4   Data          96  libspace.o(.bss)
    __temporary_stack_top$libspace           0x20004d54   Data           0  libspace.o(.bss)



==============================================================================

Memory Map of the image

  Image Entry point : 0x08000131

  Load Region LR_IROM1 (Base: 0x08000000, Size: 0x000110f0, Max: 0x00080000, ABSOLUTE)

    Execution Region ER_IROM1 (Base: 0x08000000, Size: 0x00010fd0, Max: 0x00080000, ABSOLUTE)

    Base Addr    Size         Type   Attr      Idx    E Section Name        Object

    0x08000000   0x00000130   Data   RO          255    RESET               startup_stm32f10x_hd.o
    0x08000130   0x00000008   Code   RO         1272  * !!!main             c_w.l(__main.o)
    0x08000138   0x00000034   Code   RO         1596    !!!scatter          c_w.l(__scatter.o)
    0x0800016c   0x0000001a   Code   RO         1598    !!handler_copy      c_w.l(__scatter_copy.o)
    0x08000186   0x00000002   PAD
    0x08000188   0x0000001c   Code   RO         1600    !!handler_zi        c_w.l(__scatter_zi.o)
    0x080001a4   0x00000000   Code   RO         1252    .ARM.Collect$$_printf_percent$$00000000  c_w.l(_printf_percent.o)
    0x080001a4   0x00000006   Code   RO         1362    .ARM.Collect$$_printf_percent$$00000001  c_w.l(_printf_n.o)
    0x080001aa   0x00000006   Code   RO         1364    .ARM.Collect$$_printf_percent$$00000002  c_w.l(_printf_p.o)
    0x080001b0   0x00000006   Code   RO         1251    .ARM.Collect$$_printf_percent$$00000003  c_w.l(_printf_f.o)
    0x080001b6   0x00000006   Code   RO         1368    .ARM.Collect$$_printf_percent$$00000004  c_w.l(_printf_e.o)
    0x080001bc   0x00000006   Code   RO         1369    .ARM.Collect$$_printf_percent$$00000005  c_w.l(_printf_g.o)
    0x080001c2   0x00000006   Code   RO         1370    .ARM.Collect$$_printf_percent$$00000006  c_w.l(_printf_a.o)
    0x080001c8   0x0000000a   Code   RO         1375    .ARM.Collect$$_printf_percent$$00000007  c_w.l(_printf_ll.o)
    0x080001d2   0x00000006   Code   RO         1366    .ARM.Collect$$_printf_percent$$00000008  c_w.l(_printf_i.o)
    0x080001d8   0x00000006   Code   RO         1250    .ARM.Collect$$_printf_percent$$00000009  c_w.l(_printf_d.o)
    0x080001de   0x00000006   Code   RO         1367    .ARM.Collect$$_printf_percent$$0000000A  c_w.l(_printf_u.o)
    0x080001e4   0x00000006   Code   RO         1365    .ARM.Collect$$_printf_percent$$0000000B  c_w.l(_printf_o.o)
    0x080001ea   0x00000006   Code   RO         1363    .ARM.Collect$$_printf_percent$$0000000C  c_w.l(_printf_x.o)
    0x080001f0   0x00000006   Code   RO         1372    .ARM.Collect$$_printf_percent$$0000000D  c_w.l(_printf_lli.o)
    0x080001f6   0x00000006   Code   RO         1373    .ARM.Collect$$_printf_percent$$0000000E  c_w.l(_printf_lld.o)
    0x080001fc   0x00000006   Code   RO         1374    .ARM.Collect$$_printf_percent$$0000000F  c_w.l(_printf_llu.o)
    0x08000202   0x00000006   Code   RO         1379    .ARM.Collect$$_printf_percent$$00000010  c_w.l(_printf_llo.o)
    0x08000208   0x00000006   Code   RO         1380    .ARM.Collect$$_printf_percent$$00000011  c_w.l(_printf_llx.o)
    0x0800020e   0x0000000a   Code   RO         1376    .ARM.Collect$$_printf_percent$$00000012  c_w.l(_printf_l.o)
    0x08000218   0x00000006   Code   RO         1361    .ARM.Collect$$_printf_percent$$00000013  c_w.l(_printf_c.o)
    0x0800021e   0x00000006   Code   RO         1249    .ARM.Collect$$_printf_percent$$00000014  c_w.l(_printf_s.o)
    0x08000224   0x00000006   Code   RO         1377    .ARM.Collect$$_printf_percent$$00000015  c_w.l(_printf_lc.o)
    0x0800022a   0x00000006   Code   RO         1378    .ARM.Collect$$_printf_percent$$00000016  c_w.l(_printf_ls.o)
    0x08000230   0x00000004   Code   RO         1371    .ARM.Collect$$_printf_percent$$00000017  c_w.l(_printf_percent_end.o)
    0x08000234   0x00000006   Code   RO         1519    .ARM.Collect$$libinit$$00000000  c_w.l(libinit.o)
    0x0800023a   0x00000000   Code   RO         1385    .ARM.Collect$$libinit$$00000006  c_w.l(libinit2.o)
    0x0800023a   0x00000000   Code   RO         1387    .ARM.Collect$$libinit$$00000008  c_w.l(libinit2.o)
    0x0800023a   0x00000004   Code   RO         1388    .ARM.Collect$$libinit$$00000009  c_w.l(libinit2.o)
    0x0800023e   0x00000000   Code   RO         1389    .ARM.Collect$$libinit$$0000000A  c_w.l(libinit2.o)
    0x0800023e   0x00000006   Code   RO         1390    .ARM.Collect$$libinit$$0000000B  c_w.l(libinit2.o)
    0x08000244   0x00000000   Code   RO         1392    .ARM.Collect$$libinit$$0000000D  c_w.l(libinit2.o)
    0x08000244   0x0000000c   Code   RO         1393    .ARM.Collect$$libinit$$0000000E  c_w.l(libinit2.o)
    0x08000250   0x00000000   Code   RO         1394    .ARM.Collect$$libinit$$0000000F  c_w.l(libinit2.o)
    0x08000250   0x00000000   Code   RO         1396    .ARM.Collect$$libinit$$00000011  c_w.l(libinit2.o)
    0x08000250   0x0000000a   Code   RO         1397    .ARM.Collect$$libinit$$00000012  c_w.l(libinit2.o)
    0x0800025a   0x00000000   Code   RO         1398    .ARM.Collect$$libinit$$00000013  c_w.l(libinit2.o)
    0x0800025a   0x00000000   Code   RO         1400    .ARM.Collect$$libinit$$00000015  c_w.l(libinit2.o)
    0x0800025a   0x00000000   Code   RO         1402    .ARM.Collect$$libinit$$00000017  c_w.l(libinit2.o)
    0x0800025a   0x00000000   Code   RO         1404    .ARM.Collect$$libinit$$00000019  c_w.l(libinit2.o)
    0x0800025a   0x00000000   Code   RO         1406    .ARM.Collect$$libinit$$0000001B  c_w.l(libinit2.o)
    0x0800025a   0x00000000   Code   RO         1408    .ARM.Collect$$libinit$$0000001D  c_w.l(libinit2.o)
    0x0800025a   0x00000000   Code   RO         1410    .ARM.Collect$$libinit$$0000001F  c_w.l(libinit2.o)
    0x0800025a   0x00000000   Code   RO         1412    .ARM.Collect$$libinit$$00000021  c_w.l(libinit2.o)
    0x0800025a   0x00000000   Code   RO         1416    .ARM.Collect$$libinit$$00000028  c_w.l(libinit2.o)
    0x0800025a   0x00000000   Code   RO         1418    .ARM.Collect$$libinit$$0000002A  c_w.l(libinit2.o)
    0x0800025a   0x00000000   Code   RO         1420    .ARM.Collect$$libinit$$0000002C  c_w.l(libinit2.o)
    0x0800025a   0x00000000   Code   RO         1422    .ARM.Collect$$libinit$$0000002E  c_w.l(libinit2.o)
    0x0800025a   0x00000002   Code   RO         1423    .ARM.Collect$$libinit$$0000002F  c_w.l(libinit2.o)
    0x0800025c   0x00000002   Code   RO         1560    .ARM.Collect$$libshutdown$$00000000  c_w.l(libshutdown.o)
    0x0800025e   0x00000000   Code   RO         1565    .ARM.Collect$$libshutdown$$00000003  c_w.l(libshutdown2.o)
    0x0800025e   0x00000000   Code   RO         1568    .ARM.Collect$$libshutdown$$00000006  c_w.l(libshutdown2.o)
    0x0800025e   0x00000000   Code   RO         1571    .ARM.Collect$$libshutdown$$00000009  c_w.l(libshutdown2.o)
    0x0800025e   0x00000000   Code   RO         1573    .ARM.Collect$$libshutdown$$0000000B  c_w.l(libshutdown2.o)
    0x0800025e   0x00000000   Code   RO         1576    .ARM.Collect$$libshutdown$$0000000E  c_w.l(libshutdown2.o)
    0x0800025e   0x00000002   Code   RO         1577    .ARM.Collect$$libshutdown$$0000000F  c_w.l(libshutdown2.o)
    0x08000260   0x00000000   Code   RO         1312    .ARM.Collect$$rtentry$$00000000  c_w.l(rtentry.o)
    0x08000260   0x00000000   Code   RO         1436    .ARM.Collect$$rtentry$$00000002  c_w.l(rtentry2.o)
    0x08000260   0x00000006   Code   RO         1448    .ARM.Collect$$rtentry$$00000004  c_w.l(rtentry4.o)
    0x08000266   0x00000000   Code   RO         1438    .ARM.Collect$$rtentry$$00000009  c_w.l(rtentry2.o)
    0x08000266   0x00000004   Code   RO         1439    .ARM.Collect$$rtentry$$0000000A  c_w.l(rtentry2.o)
    0x0800026a   0x00000000   Code   RO         1441    .ARM.Collect$$rtentry$$0000000C  c_w.l(rtentry2.o)
    0x0800026a   0x00000008   Code   RO         1442    .ARM.Collect$$rtentry$$0000000D  c_w.l(rtentry2.o)
    0x08000272   0x00000002   Code   RO         1522    .ARM.Collect$$rtexit$$00000000  c_w.l(rtexit.o)
    0x08000274   0x00000000   Code   RO         1537    .ARM.Collect$$rtexit$$00000002  c_w.l(rtexit2.o)
    0x08000274   0x00000004   Code   RO         1538    .ARM.Collect$$rtexit$$00000003  c_w.l(rtexit2.o)
    0x08000278   0x00000006   Code   RO         1539    .ARM.Collect$$rtexit$$00000004  c_w.l(rtexit2.o)
    0x0800027e   0x00000002   PAD
    0x08000280   0x00000034   Code   RO         1253    .emb_text           c_w.l(rand.o)
    0x080002b4   0x000001a0   Code   RO            1    .text               stm32f10x_it.o
    0x08000454   0x0000022c   Code   RO          237    .text               main.o
    0x08000680   0x00000040   Code   RO          256    .text               startup_stm32f10x_hd.o
    0x080006c0   0x00001418   Code   RO          261    .text               bp_config.o
    0x08001ad8   0x000000a2   Code   RO          286    .text               utility.o
    0x08001b7a   0x00000002   PAD
    0x08001b7c   0x000000fc   Code   RO          298    .text               led.o
    0x08001c78   0x00000044   Code   RO          314    .text               key.o
    0x08001cbc   0x00000708   Code   RO          329    .text               tft.o
    0x080023c4   0x00002d68   Code   RO          350    .text               ra8875.o
    0x0800512c   0x00000378   Code   RO          369    .text               iic.o
    0x080054a4   0x0000022c   Code   RO          384    .text               usart.o
    0x080056d0   0x00000036   Code   RO          399    .text               regtarge.o
    0x08005706   0x00000002   PAD
    0x08005708   0x00000250   Code   RO          421    .text               spi.o
    0x08005958   0x000003a0   Code   RO          436    .text               spiflash.o
    0x08005cf8   0x000001cc   Code   RO          454    .text               bptimer.o
    0x08005ec4   0x00000354   Code   RO          469    .text               daad.o
    0x08006218   0x000004dc   Code   RO          488    .text               enc28j60.o
    0x080066f4   0x00000450   Code   RO          505    .text               tfcard.o
    0x08006b44   0x000000dc   Code   RO          553    .text               misc.o
    0x08006c20   0x0000043c   Code   RO          565    .text               stm32f10x_adc.o
    0x0800705c   0x00000168   Code   RO          625    .text               stm32f10x_dac.o
    0x080071c4   0x00000250   Code   RO          649    .text               stm32f10x_dma.o
    0x08007414   0x0000011c   Code   RO          661    .text               stm32f10x_exti.o
    0x08007530   0x00000618   Code   RO          685    .text               stm32f10x_fsmc.o
    0x08007b48   0x00000358   Code   RO          697    .text               stm32f10x_gpio.o
    0x08007ea0   0x000003a0   Code   RO          745    .text               stm32f10x_rcc.o
    0x08008240   0x00000310   Code   RO          783    .text               stm32f10x_spi.o
    0x08008550   0x00000dae   Code   RO          795    .text               stm32f10x_tim.o
    0x080092fe   0x00000002   PAD
    0x08009300   0x0000040c   Code   RO          807    .text               stm32f10x_usart.o
    0x0800970c   0x000001c8   Code   RO          829    .text               system_stm32f10x.o
    0x080098d4   0x00000040   Code   RO          847    .text               timer.o
    0x08009914   0x000015f0   Code   RO          859    .text               uip.o
    0x0800af04   0x0000040c   Code   RO          893    .text               uip_arp.o
    0x0800b310   0x0000005c   Code   RO          909    .text               tapdev.o
    0x0800b36c   0x0000000c   Code   RO          953    .text               clock-arch.o
    0x0800b378   0x00000170   Code   RO          969    .text               tcp_demo.o
    0x0800b4e8   0x000006e0   Code   RO         1033    .text               os_tmr.o
    0x0800bbc8   0x00000c58   Code   RO         1053    .text               os_core.o
    0x0800c820   0x000008b4   Code   RO         1073    .text               os_flag.o
    0x0800d0d4   0x00000258   Code   RO         1097    .text               os_mem.o
    0x0800d32c   0x00000654   Code   RO         1121    .text               os_q.o
    0x0800d980   0x000003e0   Code   RO         1133    .text               os_sem.o
    0x0800dd60   0x00000940   Code   RO         1145    .text               os_task.o
    0x0800e6a0   0x00000198   Code   RO         1178    .text               os_cpu_c.o
    0x0800e838   0x000000a4   Code   RO         1208    .text               os_cpu_a.o
    0x0800e8dc   0x00000002   Code   RO         1213    .text               c_w.l(use_no_semi.o)
    0x0800e8de   0x00000002   PAD
    0x0800e8e0   0x00000024   Code   RO         1215    .text               c_w.l(c89vsprintf.o)
    0x0800e904   0x00000018   Code   RO         1217    .text               c_w.l(__2printf.o)
    0x0800e91c   0x00000052   Code   RO         1223    .text               c_w.l(_printf_pad.o)
    0x0800e96e   0x00000052   Code   RO         1225    .text               c_w.l(_printf_str.o)
    0x0800e9c0   0x00000078   Code   RO         1227    .text               c_w.l(_printf_dec.o)
    0x0800ea38   0x0000018c   Code   RO         1246    .text               c_w.l(__printf_flags_ss_wp.o)
    0x0800ebc4   0x0000003c   Code   RO         1254    .text               c_w.l(rand.o)
    0x0800ec00   0x00000096   Code   RO         1260    .text               c_w.l(strncmp.o)
    0x0800ec96   0x0000008a   Code   RO         1262    .text               c_w.l(rt_memcpy_v6.o)
    0x0800ed20   0x00000010   Code   RO         1264    .text               c_w.l(aeabi_memset.o)
    0x0800ed30   0x00000044   Code   RO         1266    .text               c_w.l(rt_memclr.o)
    0x0800ed74   0x0000004e   Code   RO         1268    .text               c_w.l(rt_memclr_w.o)
    0x0800edc2   0x00000006   Code   RO         1270    .text               c_w.l(heapauxi.o)
    0x0800edc8   0x00000024   Code   RO         1313    .text               c_w.l(_printf_truncate.o)
    0x0800edec   0x000000b8   Code   RO         1315    .text               c_w.l(_printf_intcommon.o)
    0x0800eea4   0x0000002a   Code   RO         1317    .text               c_w.l(_printf_charcount.o)
    0x0800eece   0x00000420   Code   RO         1319    .text               c_w.l(_printf_fp_dec.o)
    0x0800f2ee   0x00000002   PAD
    0x0800f2f0   0x00000030   Code   RO         1321    .text               c_w.l(_printf_char_common.o)
    0x0800f320   0x0000000a   Code   RO         1323    .text               c_w.l(_sputc.o)
    0x0800f32a   0x0000002c   Code   RO         1325    .text               c_w.l(_printf_char.o)
    0x0800f356   0x00000002   PAD
    0x0800f358   0x00000024   Code   RO         1327    .text               c_w.l(_printf_char_file.o)
    0x0800f37c   0x000000bc   Code   RO         1329    .text               c_w.l(_printf_wctomb.o)
    0x0800f438   0x00000078   Code   RO         1332    .text               c_w.l(_printf_longlong_dec.o)
    0x0800f4b0   0x00000078   Code   RO         1338    .text               c_w.l(_printf_oct_int_ll.o)
    0x0800f528   0x0000009c   Code   RO         1358    .text               c_w.l(_printf_hex_int_ll_ptr.o)
    0x0800f5c4   0x00000064   Code   RO         1381    .text               c_w.l(rt_memcpy_w.o)
    0x0800f628   0x00000008   Code   RO         1453    .text               c_w.l(rt_locale_intlibspace.o)
    0x0800f630   0x0000008a   Code   RO         1455    .text               c_w.l(lludiv10.o)
    0x0800f6ba   0x00000002   PAD
    0x0800f6bc   0x00000080   Code   RO         1457    .text               c_w.l(_printf_fp_infnan.o)
    0x0800f73c   0x0000002c   Code   RO         1461    .text               c_w.l(_printf_wchar.o)
    0x0800f768   0x000000e4   Code   RO         1463    .text               c_w.l(bigflt0.o)
    0x0800f84c   0x00000040   Code   RO         1488    .text               c_w.l(_wcrtomb.o)
    0x0800f88c   0x00000008   Code   RO         1499    .text               c_w.l(libspace.o)
    0x0800f894   0x0000004a   Code   RO         1502    .text               c_w.l(sys_stackheap_outer.o)
    0x0800f8de   0x00000002   PAD
    0x0800f8e0   0x00000010   Code   RO         1504    .text               c_w.l(rt_ctype_table.o)
    0x0800f8f0   0x0000000c   Code   RO         1506    .text               c_w.l(exit.o)
    0x0800f8fc   0x00000080   Code   RO         1508    .text               c_w.l(strcmpv7m.o)
    0x0800f97c   0x00000008   Code   RO         1548    .text               c_w.l(rt_fp_status_addr_intlibspace.o)
    0x0800f984   0x0000003e   Code   RO         1466    CL$$btod_d2e        c_w.l(btod.o)
    0x0800f9c2   0x00000046   Code   RO         1468    CL$$btod_d2e_denorm_low  c_w.l(btod.o)
    0x0800fa08   0x00000060   Code   RO         1467    CL$$btod_d2e_norm_op1  c_w.l(btod.o)
    0x0800fa68   0x00000338   Code   RO         1476    CL$$btod_div_common  c_w.l(btod.o)
    0x0800fda0   0x000000c6   Code   RO         1473    CL$$btod_e2e        c_w.l(btod.o)
    0x0800fe66   0x00000028   Code   RO         1470    CL$$btod_ediv       c_w.l(btod.o)
    0x0800fe8e   0x00000028   Code   RO         1469    CL$$btod_emul       c_w.l(btod.o)
    0x0800feb6   0x00000244   Code   RO         1475    CL$$btod_mult_common  c_w.l(btod.o)
    0x080100fa   0x00000028   Code   RO         1497    i.__ARM_fpclassify  m_ws.l(fpclassify.o)
    0x08010122   0x0000000e   Code   RO         1239    i._is_digit         c_w.l(__printf_wp.o)
    0x08010130   0x0000002c   Code   RO         1491    locale$$code        c_w.l(lc_numeric_c.o)
    0x0801015c   0x0000002c   Code   RO         1527    locale$$code        c_w.l(lc_ctype_c.o)
    0x08010188   0x00000062   Code   RO         1274    x$fpl$d2f           fz_ws.l(d2f.o)
    0x080101ea   0x00000018   Code   RO         1424    x$fpl$dcmpinf       fz_ws.l(dcmpi.o)
    0x08010202   0x00000002   PAD
    0x08010204   0x000002b0   Code   RO         1277    x$fpl$ddiv          fz_ws.l(ddiv.o)
    0x080104b4   0x00000026   Code   RO         1280    x$fpl$dfltu         fz_ws.l(dflt_clz.o)
    0x080104da   0x00000002   PAD
    0x080104dc   0x00000078   Code   RO         1286    x$fpl$dleqf         fz_ws.l(dleqf.o)
    0x08010554   0x00000154   Code   RO         1288    x$fpl$dmul          fz_ws.l(dmul.o)
    0x080106a8   0x0000009c   Code   RO         1426    x$fpl$dnaninf       fz_ws.l(dnaninf.o)
    0x08010744   0x0000000c   Code   RO         1428    x$fpl$dretinf       fz_ws.l(dretinf.o)
    0x08010750   0x0000006c   Code   RO         1290    x$fpl$drleqf        fz_ws.l(drleqf.o)
    0x080107bc   0x00000056   Code   RO         1292    x$fpl$f2d           fz_ws.l(f2d.o)
    0x08010812   0x00000002   PAD
    0x08010814   0x00000184   Code   RO         1295    x$fpl$fdiv          fz_ws.l(fdiv.o)
    0x08010998   0x0000003e   Code   RO         1298    x$fpl$ffixu         fz_ws.l(ffixu.o)
    0x080109d6   0x00000002   PAD
    0x080109d8   0x00000030   Code   RO         1303    x$fpl$fflt          fz_ws.l(fflt_clz.o)
    0x08010a08   0x00000026   Code   RO         1302    x$fpl$ffltu         fz_ws.l(fflt_clz.o)
    0x08010a2e   0x00000002   PAD
    0x08010a30   0x00000102   Code   RO         1308    x$fpl$fmul          fz_ws.l(fmul.o)
    0x08010b32   0x0000008c   Code   RO         1430    x$fpl$fnaninf       fz_ws.l(fnaninf.o)
    0x08010bbe   0x0000000e   Code   RO         1533    x$fpl$fpinit        fz_ws.l(fpinit.o)
    0x08010bcc   0x0000000a   Code   RO         1432    x$fpl$fretinf       fz_ws.l(fretinf.o)
    0x08010bd6   0x00000004   Code   RO         1310    x$fpl$printf1       fz_ws.l(printf1.o)
    0x08010bda   0x00000000   Code   RO         1434    x$fpl$usenofp       fz_ws.l(usenofp.o)
    0x08010bda   0x00000002   PAD
    0x08010bdc   0x000000b8   Data   RO          266    .constdata          bp_config.o
    0x08010c94   0x00000008   Data   RO          861    .constdata          uip.o
    0x08010c9c   0x0000000a   Data   RO          895    .constdata          uip_arp.o
    0x08010ca6   0x00000006   Data   RO          910    .constdata          tapdev.o
    0x08010cac   0x00000100   Data   RO         1055    .constdata          os_core.o
    0x08010dac   0x00000011   Data   RO         1247    .constdata          c_w.l(__printf_flags_ss_wp.o)
    0x08010dbd   0x00000003   PAD
    0x08010dc0   0x00000008   Data   RO         1330    .constdata          c_w.l(_printf_wctomb.o)
    0x08010dc8   0x00000028   Data   RO         1359    .constdata          c_w.l(_printf_hex_int_ll_ptr.o)
    0x08010df0   0x00000094   Data   RO         1464    .constdata          c_w.l(bigflt0.o)
    0x08010e84   0x00000020   Data   RO         1594    Region$$Table       anon$$obj.o
    0x08010ea4   0x0000001c   Data   RO         1490    locale$$data        c_w.l(lc_numeric_c.o)
    0x08010ec0   0x00000110   Data   RO         1526    locale$$data        c_w.l(lc_ctype_c.o)


    Execution Region RW_IRAM1 (Base: 0x20000000, Size: 0x00005358, Max: 0x00010000, ABSOLUTE)

    Base Addr    Size         Type   Attr      Idx    E Section Name        Object

    0x20000000   0x00000008   Data   RW            2    .data               stm32f10x_it.o
    0x20000008   0x00000014   Data   RW          239    .data               main.o
    0x2000001c   0x00000006   Data   RW          267    .data               bp_config.o
    0x20000022   0x00000004   Data   RW          330    .data               tft.o
    0x20000026   0x00000002   PAD
    0x20000028   0x00000008   Data   RW          400    .data               regtarge.o
    0x20000030   0x00000004   Data   RW          470    .data               daad.o
    0x20000034   0x00000008   Data   RW          489    .data               enc28j60.o
    0x2000003c   0x00000014   Data   RW          746    .data               stm32f10x_rcc.o
    0x20000050   0x00000014   Data   RW          830    .data               system_stm32f10x.o
    0x20000064   0x00000044   Data   RW          862    .data               uip.o
    0x200000a8   0x00000008   Data   RW          896    .data               uip_arp.o
    0x200000b0   0x00000011   Data   RW          970    .data               tcp_demo.o
    0x200000c1   0x00000003   PAD
    0x200000c4   0x00000054   Data   RW         1056    .data               os_core.o
    0x20000118   0x00000006   Data   RW         1180    .data               os_cpu_c.o
    0x2000011e   0x00000002   PAD
    0x20000120   0x00001872   Zero   RW          238    .bss                main.o
    0x20001992   0x00000010   Zero   RW          265    .bss                bp_config.o
    0x200019a2   0x00000638   Zero   RW          860    .bss                uip.o
    0x20001fda   0x00000026   PAD
    0x20002000   0x00000400   Zero   RW          262    .ARM.__AT_0x20002000  bp_config.o
    0x20002400   0x00000400   Zero   RW          263    .ARM.__AT_0x20002400  bp_config.o
    0x20002800   0x000000a0   Zero   RW          264    .ARM.__AT_0x20002800  bp_config.o
    0x200028a0   0x00001000   Zero   RW          437    .bss                spiflash.o
    0x200038a0   0x00000060   Zero   RW          894    .bss                uip_arp.o
    0x20003900   0x00001110   Zero   RW         1054    .bss                os_core.o
    0x20004a10   0x00000200   Zero   RW         1179    .bss                os_cpu_c.o
    0x20004c10   0x000000e4   Zero   RW         1255    .bss                c_w.l(rand.o)
    0x20004cf4   0x00000060   Zero   RW         1500    .bss                c_w.l(libspace.o)
    0x20004d54   0x00000004   PAD
    0x20004d58   0x00000200   Zero   RW          254    HEAP                startup_stm32f10x_hd.o
    0x20004f58   0x00000400   Zero   RW          253    STACK               startup_stm32f10x_hd.o


==============================================================================

Image component sizes


      Code (inc. data)   RO Data    RW Data    ZI Data      Debug   Object Name

      5144       1698        184          6       2224       4394   bp_config.o
       460         16          0          0          0       1492   bptimer.o
        12          6          0          0          0        801   clock-arch.o
       852         42          0          4          0       3044   daad.o
      1244         26          0          8          0       4593   enc28j60.o
       888         34          0          0          0       3463   iic.o
        68         10          0          0          0        491   key.o
       252         12          0          0          0        818   led.o
       556         80          0         20       6258       1983   main.o
       220         20          0          0          0       1761   misc.o
      3160        208        256         84       4368      18367   os_core.o
       164         32          0          0          0        284   os_cpu_a.o
       408         40          0          6        512      27024   os_cpu_c.o
      2228         44          0          0          0       7208   os_flag.o
       600         16          0          0          0       3476   os_mem.o
      1620         34          0          0          0       5989   os_q.o
       992         22          0          0          0       4138   os_sem.o
      2368         78          0          0          0       8365   os_task.o
      1760        132          0          0          0      15087   os_tmr.o
     11624         60          0          0          0      55376   ra8875.o
        54          0          0          8          0       2890   regtarge.o
       592         60          0          0          0       1714   spi.o
       928         16          0          0       4096       4202   spiflash.o
        64         26        304          0       1536        788   startup_stm32f10x_hd.o
      1084         26          0          0          0      10985   stm32f10x_adc.o
       360          6          0          0          0       3534   stm32f10x_dac.o
       592          8          0          0          0       4326   stm32f10x_dma.o
       284         10          0          0          0       2223   stm32f10x_exti.o
      1560         54          0          0          0       5335   stm32f10x_fsmc.o
       856         40          0          0          0       5693   stm32f10x_gpio.o
       416         54          0          8          0     313532   stm32f10x_it.o
       928         44          0         20          0       8856   stm32f10x_rcc.o
       784         12          0          0          0       6598   stm32f10x_spi.o
      3502         86          0          0          0      22864   stm32f10x_tim.o
      1036         20          0          0          0       8440   stm32f10x_usart.o
       456         36          0         20          0       1827   system_stm32f10x.o
        92         16          6          0          0       1466   tapdev.o
       368         78          0         17          0       1461   tcp_demo.o
      1104         10          0          0          0       5405   tfcard.o
      1800        438          0          4          0       3291   tft.o
        64          0          0          0          0       1468   timer.o
      5616        324          8         68       1592      16095   uip.o
      1036         60         10          8         96       3087   uip_arp.o
       556         20          0          0          0       2087   usart.o
       162          0          0          0          0       1779   utility.o

    ----------------------------------------------------------------------
     58920       4054        800        288      20720     608100   Object Totals
         0          0         32          0          0          0   (incl. Generated)
         6          0          0          7         38          0   (incl. Padding)

    ----------------------------------------------------------------------

      Code (inc. data)   RO Data    RW Data    ZI Data      Debug   Library Member Name

        24          4          0          0          0         84   __2printf.o
         8          0          0          0          0         68   __main.o
       396          6         17          0          0         92   __printf_flags_ss_wp.o
        14          0          0          0          0         68   __printf_wp.o
        52          8          0          0          0          0   __scatter.o
        26          0          0          0          0          0   __scatter_copy.o
        28          0          0          0          0          0   __scatter_zi.o
         6          0          0          0          0          0   _printf_a.o
         6          0          0          0          0          0   _printf_c.o
        44          0          0          0          0        108   _printf_char.o
        48          6          0          0          0         96   _printf_char_common.o
        36          4          0          0          0         80   _printf_char_file.o
        42          0          0          0          0         68   _printf_charcount.o
         6          0          0          0          0          0   _printf_d.o
       120         18          0          0          0         92   _printf_dec.o
         6          0          0          0          0          0   _printf_e.o
         6          0          0          0          0          0   _printf_f.o
      1056          0          0          0          0        216   _printf_fp_dec.o
       128         16          0          0          0         84   _printf_fp_infnan.o
         6          0          0          0          0          0   _printf_g.o
       156          6         40          0          0        160   _printf_hex_int_ll_ptr.o
         6          0          0          0          0          0   _printf_i.o
       184          0          0          0          0         88   _printf_intcommon.o
        10          0          0          0          0          0   _printf_l.o
         6          0          0          0          0          0   _printf_lc.o
        10          0          0          0          0          0   _printf_ll.o
         6          0          0          0          0          0   _printf_lld.o
         6          0          0          0          0          0   _printf_lli.o
         6          0          0          0          0          0   _printf_llo.o
         6          0          0          0          0          0   _printf_llu.o
         6          0          0          0          0          0   _printf_llx.o
       120         16          0          0          0         92   _printf_longlong_dec.o
         6          0          0          0          0          0   _printf_ls.o
         6          0          0          0          0          0   _printf_n.o
         6          0          0          0          0          0   _printf_o.o
       120          8          0          0          0        124   _printf_oct_int_ll.o
         6          0          0          0          0          0   _printf_p.o
        82          0          0          0          0        108   _printf_pad.o
         0          0          0          0          0          0   _printf_percent.o
         4          0          0          0          0          0   _printf_percent_end.o
         6          0          0          0          0          0   _printf_s.o
        82          0          0          0          0         80   _printf_str.o
        36          0          0          0          0         84   _printf_truncate.o
         6          0          0          0          0          0   _printf_u.o
        44          0          0          0          0        108   _printf_wchar.o
       188          6          8          0          0         92   _printf_wctomb.o
         6          0          0          0          0          0   _printf_x.o
        10          0          0          0          0         68   _sputc.o
        64          0          0          0          0         92   _wcrtomb.o
        16          0          0          0          0         68   aeabi_memset.o
       228          6        148          0          0         96   bigflt0.o
      1910        128          0          0          0        672   btod.o
        36          4          0          0          0         76   c89vsprintf.o
        12          0          0          0          0         72   exit.o
         6          0          0          0          0        152   heapauxi.o
        44         10        272          0          0         76   lc_ctype_c.o
        44         10         28          0          0         76   lc_numeric_c.o
         6          0          0          0          0          0   libinit.o
        34          0          0          0          0          0   libinit2.o
         2          0          0          0          0          0   libshutdown.o
         2          0          0          0          0          0   libshutdown2.o
         8          4          0          0         96         68   libspace.o
       138          0          0          0          0         80   lludiv10.o
       112         18          0          0        228        160   rand.o
        16          4          0          0          0         76   rt_ctype_table.o
         8          4          0          0          0         68   rt_fp_status_addr_intlibspace.o
         8          4          0          0          0         68   rt_locale_intlibspace.o
        68          0          0          0          0         68   rt_memclr.o
        78          0          0          0          0         80   rt_memclr_w.o
       138          0          0          0          0         68   rt_memcpy_v6.o
       100          0          0          0          0         80   rt_memcpy_w.o
         0          0          0          0          0          0   rtentry.o
        12          0          0          0          0          0   rtentry2.o
         6          0          0          0          0          0   rtentry4.o
         2          0          0          0          0          0   rtexit.o
        10          0          0          0          0          0   rtexit2.o
       128          0          0          0          0         68   strcmpv7m.o
       150          0          0          0          0         80   strncmp.o
        74          0          0          0          0         80   sys_stackheap_outer.o
         2          0          0          0          0         68   use_no_semi.o
        98          4          0          0          0         92   d2f.o
        24          0          0          0          0         68   dcmpi.o
       688        140          0          0          0        212   ddiv.o
        38          0          0          0          0         68   dflt_clz.o
       120          4          0          0          0         92   dleqf.o
       340         12          0          0          0        104   dmul.o
       156          4          0          0          0         92   dnaninf.o
        12          0          0          0          0         68   dretinf.o
       108          0          0          0          0         80   drleqf.o
        86          4          0          0          0         84   f2d.o
       388         76          0          0          0         96   fdiv.o
        62          4          0          0          0         84   ffixu.o
        86          0          0          0          0        136   fflt_clz.o
       258          4          0          0          0         84   fmul.o
       140          4          0          0          0         84   fnaninf.o
        14          0          0          0          0         76   fpinit.o
        10          0          0          0          0         68   fretinf.o
         4          0          0          0          0         68   printf1.o
         0          0          0          0          0          0   usenofp.o
        40          0          0          0          0         68   fpclassify.o

    ----------------------------------------------------------------------
      9348        546        516          0        328       6276   Library Totals
        26          0          3          0          4          0   (incl. Padding)

    ----------------------------------------------------------------------

      Code (inc. data)   RO Data    RW Data    ZI Data      Debug   Library Name

      6650        290        513          0        324       4552   c_w.l
      2632        256          0          0          0       1656   fz_ws.l
        40          0          0          0          0         68   m_ws.l

    ----------------------------------------------------------------------
      9348        546        516          0        328       6276   Library Totals

    ----------------------------------------------------------------------

==============================================================================


      Code (inc. data)   RO Data    RW Data    ZI Data      Debug   

     68268       4600       1316        288      21048     606108   Grand Totals
     68268       4600       1316        288      21048     606108   ELF Image Totals
     68268       4600       1316        288          0          0   ROM Totals

==============================================================================

    Total RO  Size (Code + RO Data)                69584 (  67.95kB)
    Total RW  Size (RW Data + ZI Data)             21336 (  20.84kB)
    Total ROM Size (Code + RO Data + RW Data)      69872 (  68.23kB)

==============================================================================

