Component: ARM Compiler 5.05 update 1 (build 106) Tool: armlink [4d0efa]

==============================================================================

Section Cross References

    stm32f10x_it.o(.text) refers to stm32f10x_exti.o(.text) for EXTI_ClearITPendingBit
    stm32f10x_it.o(.text) refers to stm32f10x_usart.o(.text) for USART_GetITStatus
    stm32f10x_it.o(.text) refers to stm32f10x_tim.o(.text) for TIM_Cmd
    stm32f10x_it.o(.text) refers to fflt_clz.o(x$fpl$fflt) for __aeabi_i2f
    stm32f10x_it.o(.text) refers to fdiv.o(x$fpl$fdiv) for __aeabi_fdiv
    stm32f10x_it.o(.text) refers to f2d.o(x$fpl$f2d) for __aeabi_f2d
    stm32f10x_it.o(.text) refers to dmul.o(x$fpl$dmul) for __aeabi_dmul
    stm32f10x_it.o(.text) refers to d2f.o(x$fpl$d2f) for __aeabi_d2f
    stm32f10x_it.o(.text) refers to ffixu.o(x$fpl$ffixu) for __aeabi_f2uiz
    stm32f10x_it.o(.text) refers to os_cpu_a.o(.text) for OS_CPU_SR_Save
    stm32f10x_it.o(.text) refers to powerlinecarrier.o(.data) for PLC_RecCtn
    stm32f10x_it.o(.text) refers to powerlinecarrier.o(.bss) for PLC_pRecBuff
    stm32f10x_it.o(.text) refers to stm32f10x_it.o(.data) for ucLoraRecCnt
    stm32f10x_it.o(.text) refers to stm32f10x_it.o(.bss) for ucLoraRecBuff
    stm32f10x_it.o(.text) refers to ui2000.o(.bss) for PM9805_pRecBuff
    stm32f10x_it.o(.text) refers to ui2000.o(.data) for PM9805_RecCtn
    stm32f10x_it.o(.text) refers to cal_test.o(.data) for g_ucTestPluseEn
    stm32f10x_it.o(.text) refers to lorac6000.o(.data) for g_ucC6000_RecLen
    stm32f10x_it.o(.text) refers to lorac6000.o(.bss) for g_ucC6000_RecBuf
    main.o(.text) refers to os_time.o(.text) for OSTimeDlyHMSM
    main.o(.text) refers to flashoperate.o(.text) for ReadPhyIdFromFlash
    main.o(.text) refers to os_mbox.o(.text) for OSMboxPend
    main.o(.text) refers to cal_test.o(.text) for CheckLoad
    main.o(.text) refers to main.o(.bss) for Cal_FloatMsg
    main.o(.text) refers to main.o(.data) for g_ucBeepMode
    main.o(.text) refers to calothertest.o(.text) for Cal_Other
    main.o(.text) refers to powerlinecarrier.o(.text) for MasterReset
    main.o(.text) refers to rtc.o(.text) for RTC_Config
    main.o(.text) refers to lorac6000.o(.text) for CheckReciveData
    main.o(.text) refers to lcd12864.o(.data) for g_ucJigLoraId
    main.o(.text) refers to rt_memclr_w.o(.text) for __aeabi_memclr4
    main.o(.text) refers to lcd12864.o(.text) for Lcd12864_string
    main.o(.text) refers to os_cpu_c.o(.text) for OS_CPU_SysTickInit
    main.o(.text) refers to utility.o(.text) for delay_ms
    main.o(.text) refers to bp_config.o(.text) for HardwareInit
    main.o(.text) refers to adc.o(.text) for Cal_ADC_Init
    main.o(.text) refers to os_core.o(.text) for OSInit
    main.o(.text) refers to os_flag.o(.text) for OSFlagCreate
    main.o(.text) refers to os_task.o(.text) for OSTaskCreate
    bp_config.o(.text) refers to stm32f10x_rcc.o(.text) for RCC_HSEConfig
    bp_config.o(.text) refers to misc.o(.text) for NVIC_PriorityGroupConfig
    bp_config.o(.text) refers to stm32f10x_gpio.o(.text) for GPIO_EXTILineConfig
    bp_config.o(.text) refers to stm32f10x_exti.o(.text) for EXTI_Init
    bp_config.o(.text) refers to cal_test.o(.text) for RelaySet
    bp_config.o(.text) refers to stm32f10x_tim.o(.text) for TIM_DeInit
    bp_config.o(.text) refers to usart.o(.text) for usart_init
    bp_config.o(.text) refers to tft.o(.text) for tft_init
    bp_config.o(.text) refers to powerlinecarrier.o(.text) for RS485_Init
    startup_stm32f10x_hd.o(STACK) refers (Special) to heapauxi.o(.text) for __use_two_region_memory
    startup_stm32f10x_hd.o(HEAP) refers (Special) to heapauxi.o(.text) for __use_two_region_memory
    startup_stm32f10x_hd.o(RESET) refers (Special) to heapauxi.o(.text) for __use_two_region_memory
    startup_stm32f10x_hd.o(RESET) refers to startup_stm32f10x_hd.o(STACK) for __initial_sp
    startup_stm32f10x_hd.o(RESET) refers to startup_stm32f10x_hd.o(.text) for Reset_Handler
    startup_stm32f10x_hd.o(RESET) refers to stm32f10x_it.o(.text) for NMI_Handler
    startup_stm32f10x_hd.o(RESET) refers to os_cpu_a.o(.text) for OS_CPU_PendSVHandler
    startup_stm32f10x_hd.o(RESET) refers to os_cpu_c.o(.text) for OS_CPU_SysTickHandler
    startup_stm32f10x_hd.o(.text) refers (Special) to heapauxi.o(.text) for __use_two_region_memory
    startup_stm32f10x_hd.o(.text) refers to system_stm32f10x.o(.text) for SystemInit
    startup_stm32f10x_hd.o(.text) refers to __main.o(!!!main) for __main
    startup_stm32f10x_hd.o(.text) refers to startup_stm32f10x_hd.o(HEAP) for Heap_Mem
    startup_stm32f10x_hd.o(.text) refers to startup_stm32f10x_hd.o(STACK) for Stack_Mem
    usart.o(.text) refers to stm32f10x_rcc.o(.text) for RCC_APB2PeriphClockCmd
    usart.o(.text) refers to stm32f10x_gpio.o(.text) for GPIO_Init
    usart.o(.text) refers to stm32f10x_usart.o(.text) for USART_Init
[...]
    draw_bigpoint                            0x08007699   Thumb Code     2  tft.o(.text)
    touch_calibration                        0x0800769b   Thumb Code   410  tft.o(.text)
    NVIC_PriorityGroupConfig                 0x08007855   Thumb Code    10  misc.o(.text)
    NVIC_Init                                0x0800785f   Thumb Code   100  misc.o(.text)
    NVIC_SetVectorTable                      0x080078c3   Thumb Code    14  misc.o(.text)
    NVIC_SystemLPConfig                      0x080078d1   Thumb Code    34  misc.o(.text)
    SysTick_CLKSourceConfig                  0x080078f3   Thumb Code    40  misc.o(.text)
    ADC_DeInit                               0x08007931   Thumb Code    78  stm32f10x_adc.o(.text)
    ADC_Init                                 0x0800797f   Thumb Code    70  stm32f10x_adc.o(.text)
    ADC_StructInit                           0x080079c5   Thumb Code    18  stm32f10x_adc.o(.text)
    ADC_Cmd                                  0x080079d7   Thumb Code    22  stm32f10x_adc.o(.text)
    ADC_DMACmd                               0x080079ed   Thumb Code    22  stm32f10x_adc.o(.text)
    ADC_ITConfig                             0x08007a03   Thumb Code    24  stm32f10x_adc.o(.text)
    ADC_ResetCalibration                     0x08007a1b   Thumb Code    10  stm32f10x_adc.o(.text)
    ADC_GetResetCalibrationStatus            0x08007a25   Thumb Code    20  stm32f10x_adc.o(.text)
    ADC_StartCalibration                     0x08007a39   Thumb Code    10  stm32f10x_adc.o(.text)
    ADC_GetCalibrationStatus                 0x08007a43   Thumb Code    20  stm32f10x_adc.o(.text)
    ADC_SoftwareStartConvCmd                 0x08007a57   Thumb Code    22  stm32f10x_adc.o(.text)
    ADC_GetSoftwareStartConvStatus           0x08007a6d   Thumb Code    20  stm32f10x_adc.o(.text)
    ADC_DiscModeChannelCountConfig           0x08007a81   Thumb Code    24  stm32f10x_adc.o(.text)
    ADC_DiscModeCmd                          0x08007a99   Thumb Code    22  stm32f10x_adc.o(.text)
    ADC_RegularChannelConfig                 0x08007aaf   Thumb Code   184  stm32f10x_adc.o(.text)
    ADC_ExternalTrigConvCmd                  0x08007b67   Thumb Code    22  stm32f10x_adc.o(.text)
    ADC_GetConversionValue                   0x08007b7d   Thumb Code     8  stm32f10x_adc.o(.text)
    ADC_GetDualModeConversionValue           0x08007b85   Thumb Code     8  stm32f10x_adc.o(.text)
    ADC_AutoInjectedConvCmd                  0x08007b8d   Thumb Code    22  stm32f10x_adc.o(.text)
    ADC_InjectedDiscModeCmd                  0x08007ba3   Thumb Code    22  stm32f10x_adc.o(.text)
    ADC_ExternalTrigInjectedConvConfig       0x08007bb9   Thumb Code    16  stm32f10x_adc.o(.text)
    ADC_ExternalTrigInjectedConvCmd          0x08007bc9   Thumb Code    22  stm32f10x_adc.o(.text)
    ADC_SoftwareStartInjectedConvCmd         0x08007bdf   Thumb Code    22  stm32f10x_adc.o(.text)
    ADC_GetSoftwareStartInjectedConvCmdStatus 0x08007bf5   Thumb Code    20  stm32f10x_adc.o(.text)
    ADC_InjectedChannelConfig                0x08007c09   Thumb Code   130  stm32f10x_adc.o(.text)
    ADC_InjectedSequencerLengthConfig        0x08007c8b   Thumb Code    24  stm32f10x_adc.o(.text)
    ADC_SetInjectedOffset                    0x08007ca3   Thumb Code    20  stm32f10x_adc.o(.text)
    ADC_GetInjectedConversionValue           0x08007cb7   Thumb Code    28  stm32f10x_adc.o(.text)
    ADC_AnalogWatchdogCmd                    0x08007cd3   Thumb Code    16  stm32f10x_adc.o(.text)
    ADC_AnalogWatchdogThresholdsConfig       0x08007ce3   Thumb Code     6  stm32f10x_adc.o(.text)
    ADC_AnalogWatchdogSingleChannelConfig    0x08007ce9   Thumb Code    16  stm32f10x_adc.o(.text)
    ADC_TempSensorVrefintCmd                 0x08007cf9   Thumb Code    64  stm32f10x_adc.o(.text)
    ADC_GetFlagStatus                        0x08007d39   Thumb Code    18  stm32f10x_adc.o(.text)
    ADC_ClearFlag                            0x08007d4b   Thumb Code     6  stm32f10x_adc.o(.text)
    ADC_GetITStatus                          0x08007d51   Thumb Code    36  stm32f10x_adc.o(.text)
    ADC_ClearITPendingBit                    0x08007d75   Thumb Code    10  stm32f10x_adc.o(.text)
    BKP_DeInit                               0x08007d81   Thumb Code    16  stm32f10x_bkp.o(.text)
    BKP_TamperPinLevelConfig                 0x08007d91   Thumb Code     6  stm32f10x_bkp.o(.text)
    BKP_TamperPinCmd                         0x08007d97   Thumb Code     8  stm32f10x_bkp.o(.text)
    BKP_ITConfig                             0x08007d9f   Thumb Code     8  stm32f10x_bkp.o(.text)
    BKP_RTCOutputConfig                      0x08007da7   Thumb Code    22  stm32f10x_bkp.o(.text)
    BKP_SetRTCCalibrationValue               0x08007dbd   Thumb Code    22  stm32f10x_bkp.o(.text)
    BKP_WriteBackupRegister                  0x08007dd3   Thumb Code    24  stm32f10x_bkp.o(.text)
    BKP_ReadBackupRegister                   0x08007deb   Thumb Code    26  stm32f10x_bkp.o(.text)
    BKP_GetFlagStatus                        0x08007e05   Thumb Code    10  stm32f10x_bkp.o(.text)
    BKP_ClearFlag                            0x08007e0f   Thumb Code    18  stm32f10x_bkp.o(.text)
    BKP_GetITStatus                          0x08007e21   Thumb Code    10  stm32f10x_bkp.o(.text)
    BKP_ClearITPendingBit                    0x08007e2b   Thumb Code    18  stm32f10x_bkp.o(.text)
    DMA_DeInit                               0x08007e45   Thumb Code   324  stm32f10x_dma.o(.text)
    DMA_Init                                 0x08007f89   Thumb Code    60  stm32f10x_dma.o(.text)
    DMA_StructInit                           0x08007fc5   Thumb Code    26  stm32f10x_dma.o(.text)
    DMA_Cmd                                  0x08007fdf   Thumb Code    24  stm32f10x_dma.o(.text)
    DMA_ITConfig                             0x08007ff7   Thumb Code    18  stm32f10x_dma.o(.text)
    DMA_SetCurrDataCounter                   0x08008009   Thumb Code     4  stm32f10x_dma.o(.text)
    DMA_GetCurrDataCounter                   0x0800800d   Thumb Code     8  stm32f10x_dma.o(.text)
    DMA_GetFlagStatus                        0x08008015   Thumb Code    40  stm32f10x_dma.o(.text)
    DMA_ClearFlag                            0x0800803d   Thumb Code    22  stm32f10x_dma.o(.text)
    DMA_GetITStatus                          0x08008053   Thumb Code    40  stm32f10x_dma.o(.text)
    DMA_ClearITPendingBit                    0x0800807b   Thumb Code    22  stm32f10x_dma.o(.text)
    EXTI_DeInit                              0x08008099   Thumb Code    28  stm32f10x_exti.o(.text)
    EXTI_Init                                0x080080b5   Thumb Code   142  stm32f10x_exti.o(.text)
    EXTI_StructInit                          0x08008143   Thumb Code    16  stm32f10x_exti.o(.text)
    EXTI_GenerateSWInterrupt                 0x08008153   Thumb Code    16  stm32f10x_exti.o(.text)
    EXTI_GetFlagStatus                       0x08008163   Thumb Code    22  stm32f10x_exti.o(.text)
    EXTI_ClearFlag                           0x08008179   Thumb Code     8  stm32f10x_exti.o(.text)
    EXTI_GetITStatus                         0x08008181   Thumb Code    34  stm32f10x_exti.o(.text)
    EXTI_ClearITPendingBit                   0x080081a3   Thumb Code     8  stm32f10x_exti.o(.text)
    FLASH_SetLatency                         0x080081b5   Thumb Code    18  stm32f10x_flash.o(.text)
    FLASH_HalfCycleAccessCmd                 0x080081c7   Thumb Code    22  stm32f10x_flash.o(.text)
    FLASH_PrefetchBufferCmd                  0x080081dd   Thumb Code    22  stm32f10x_flash.o(.text)
    FLASH_Unlock                             0x080081f3   Thumb Code    12  stm32f10x_flash.o(.text)
    FLASH_UnlockBank1                        0x080081ff   Thumb Code    12  stm32f10x_flash.o(.text)
    FLASH_Lock                               0x0800820b   Thumb Code    14  stm32f10x_flash.o(.text)
    FLASH_LockBank1                          0x08008219   Thumb Code    14  stm32f10x_flash.o(.text)
    FLASH_GetBank1Status                     0x08008227   Thumb Code    48  stm32f10x_flash.o(.text)
    FLASH_WaitForLastOperation               0x08008257   Thumb Code    38  stm32f10x_flash.o(.text)
    FLASH_ErasePage                          0x0800827d   Thumb Code    72  stm32f10x_flash.o(.text)
    FLASH_EraseAllPages                      0x080082c5   Thumb Code    68  stm32f10x_flash.o(.text)
    FLASH_WaitForLastBank1Operation          0x08008309   Thumb Code    38  stm32f10x_flash.o(.text)
    FLASH_EraseAllBank1Pages                 0x0800832f   Thumb Code    68  stm32f10x_flash.o(.text)
    FLASH_GetReadOutProtectionStatus         0x08008373   Thumb Code    20  stm32f10x_flash.o(.text)
    FLASH_EraseOptionBytes                   0x08008387   Thumb Code   150  stm32f10x_flash.o(.text)
    FLASH_ProgramWord                        0x0800841d   Thumb Code   102  stm32f10x_flash.o(.text)
    FLASH_ProgramHalfWord                    0x08008483   Thumb Code    60  stm32f10x_flash.o(.text)
    FLASH_ProgramOptionByteData              0x080084bf   Thumb Code    72  stm32f10x_flash.o(.text)
    FLASH_EnableWriteProtection              0x08008507   Thumb Code   200  stm32f10x_flash.o(.text)
    FLASH_ReadOutProtection                  0x080085cf   Thumb Code   156  stm32f10x_flash.o(.text)
    FLASH_UserOptionByteConfig               0x0800866b   Thumb Code    88  stm32f10x_flash.o(.text)
    FLASH_GetUserOptionByte                  0x080086c3   Thumb Code     8  stm32f10x_flash.o(.text)
    FLASH_GetWriteProtectionOptionByte       0x080086cb   Thumb Code     6  stm32f10x_flash.o(.text)
    FLASH_GetPrefetchBufferStatus            0x080086d1   Thumb Code    20  stm32f10x_flash.o(.text)
    FLASH_ITConfig                           0x080086e5   Thumb Code    26  stm32f10x_flash.o(.text)
    FLASH_GetFlagStatus                      0x080086ff   Thumb Code    42  stm32f10x_flash.o(.text)
    FLASH_ClearFlag                          0x08008729   Thumb Code     6  stm32f10x_flash.o(.text)
    FLASH_GetStatus                          0x0800872f   Thumb Code    48  stm32f10x_flash.o(.text)
    FSMC_NORSRAMDeInit                       0x08008771   Thumb Code    54  stm32f10x_fsmc.o(.text)
    FSMC_NANDDeInit                          0x080087a7   Thumb Code    62  stm32f10x_fsmc.o(.text)
    FSMC_PCCARDDeInit                        0x080087e5   Thumb Code    36  stm32f10x_fsmc.o(.text)
    FSMC_NORSRAMInit                         0x08008809   Thumb Code   230  stm32f10x_fsmc.o(.text)
    FSMC_NANDInit                            0x080088ef   Thumb Code   132  stm32f10x_fsmc.o(.text)
    FSMC_PCCARDInit                          0x08008973   Thumb Code   130  stm32f10x_fsmc.o(.text)
    FSMC_NORSRAMStructInit                   0x080089f5   Thumb Code   114  stm32f10x_fsmc.o(.text)
    FSMC_NANDStructInit                      0x08008a67   Thumb Code    54  stm32f10x_fsmc.o(.text)
    FSMC_PCCARDStructInit                    0x08008a9d   Thumb Code    60  stm32f10x_fsmc.o(.text)
    FSMC_NORSRAMCmd                          0x08008ad9   Thumb Code    46  stm32f10x_fsmc.o(.text)
    FSMC_NANDCmd                             0x08008b07   Thumb Code    86  stm32f10x_fsmc.o(.text)
    FSMC_PCCARDCmd                           0x08008b5d   Thumb Code    44  stm32f10x_fsmc.o(.text)
    FSMC_NANDECCCmd                          0x08008b89   Thumb Code    90  stm32f10x_fsmc.o(.text)
    FSMC_GetECC                              0x08008be3   Thumb Code    24  stm32f10x_fsmc.o(.text)
    FSMC_ITConfig                            0x08008bfb   Thumb Code   128  stm32f10x_fsmc.o(.text)
    FSMC_GetFlagStatus                       0x08008c7b   Thumb Code    54  stm32f10x_fsmc.o(.text)
    FSMC_ClearFlag                           0x08008cb1   Thumb Code    62  stm32f10x_fsmc.o(.text)
    FSMC_GetITStatus                         0x08008cef   Thumb Code    64  stm32f10x_fsmc.o(.text)
    FSMC_ClearITPendingBit                   0x08008d2f   Thumb Code    68  stm32f10x_fsmc.o(.text)
    GPIO_DeInit                              0x08008d7d   Thumb Code   172  stm32f10x_gpio.o(.text)
    GPIO_AFIODeInit                          0x08008e29   Thumb Code    20  stm32f10x_gpio.o(.text)
    GPIO_Init                                0x08008e3d   Thumb Code   278  stm32f10x_gpio.o(.text)
    GPIO_StructInit                          0x08008f53   Thumb Code    16  stm32f10x_gpio.o(.text)
    GPIO_ReadInputDataBit                    0x08008f63   Thumb Code    18  stm32f10x_gpio.o(.text)
    GPIO_ReadInputData                       0x08008f75   Thumb Code     8  stm32f10x_gpio.o(.text)
    GPIO_ReadOutputDataBit                   0x08008f7d   Thumb Code    18  stm32f10x_gpio.o(.text)
    GPIO_ReadOutputData                      0x08008f8f   Thumb Code     8  stm32f10x_gpio.o(.text)
    GPIO_SetBits                             0x08008f97   Thumb Code     4  stm32f10x_gpio.o(.text)
    GPIO_ResetBits                           0x08008f9b   Thumb Code     4  stm32f10x_gpio.o(.text)
    GPIO_WriteBit                            0x08008f9f   Thumb Code    10  stm32f10x_gpio.o(.text)
    GPIO_Write                               0x08008fa9   Thumb Code     4  stm32f10x_gpio.o(.text)
    GPIO_PinLockConfig                       0x08008fad   Thumb Code    18  stm32f10x_gpio.o(.text)
    GPIO_EventOutputConfig                   0x08008fbf   Thumb Code    26  stm32f10x_gpio.o(.text)
    GPIO_EventOutputCmd                      0x08008fd9   Thumb Code     6  stm32f10x_gpio.o(.text)
    GPIO_PinRemapConfig                      0x08008fdf   Thumb Code   138  stm32f10x_gpio.o(.text)
    GPIO_EXTILineConfig                      0x08009069   Thumb Code    66  stm32f10x_gpio.o(.text)
    GPIO_ETH_MediaInterfaceConfig            0x080090ab   Thumb Code     8  stm32f10x_gpio.o(.text)
    PWR_DeInit                               0x080090d9   Thumb Code    22  stm32f10x_pwr.o(.text)
    PWR_BackupAccessCmd                      0x080090ef   Thumb Code     6  stm32f10x_pwr.o(.text)
    PWR_PVDCmd                               0x080090f5   Thumb Code     6  stm32f10x_pwr.o(.text)
    PWR_PVDLevelConfig                       0x080090fb   Thumb Code    18  stm32f10x_pwr.o(.text)
    PWR_WakeUpPinCmd                         0x0800910d   Thumb Code     8  stm32f10x_pwr.o(.text)
    PWR_EnterSTOPMode                        0x08009115   Thumb Code    54  stm32f10x_pwr.o(.text)
    PWR_EnterSTANDBYMode                     0x0800914b   Thumb Code    42  stm32f10x_pwr.o(.text)
    PWR_GetFlagStatus                        0x08009175   Thumb Code    20  stm32f10x_pwr.o(.text)
    PWR_ClearFlag                            0x08009189   Thumb Code    14  stm32f10x_pwr.o(.text)
    RCC_DeInit                               0x080091a5   Thumb Code    64  stm32f10x_rcc.o(.text)
    RCC_HSEConfig                            0x080091e5   Thumb Code    70  stm32f10x_rcc.o(.text)
    RCC_GetFlagStatus                        0x0800922b   Thumb Code    56  stm32f10x_rcc.o(.text)
    RCC_WaitForHSEStartUp                    0x08009263   Thumb Code    56  stm32f10x_rcc.o(.text)
    RCC_AdjustHSICalibrationValue            0x0800929b   Thumb Code    20  stm32f10x_rcc.o(.text)
    RCC_HSICmd                               0x080092af   Thumb Code     6  stm32f10x_rcc.o(.text)
    RCC_PLLConfig                            0x080092b5   Thumb Code    24  stm32f10x_rcc.o(.text)
    RCC_PLLCmd                               0x080092cd   Thumb Code     6  stm32f10x_rcc.o(.text)
    RCC_SYSCLKConfig                         0x080092d3   Thumb Code    18  stm32f10x_rcc.o(.text)
    RCC_GetSYSCLKSource                      0x080092e5   Thumb Code    10  stm32f10x_rcc.o(.text)
    RCC_HCLKConfig                           0x080092ef   Thumb Code    18  stm32f10x_rcc.o(.text)
    RCC_PCLK1Config                          0x08009301   Thumb Code    18  stm32f10x_rcc.o(.text)
    RCC_PCLK2Config                          0x08009313   Thumb Code    20  stm32f10x_rcc.o(.text)
    RCC_ITConfig                             0x08009327   Thumb Code    26  stm32f10x_rcc.o(.text)
    RCC_USBCLKConfig                         0x08009341   Thumb Code     8  stm32f10x_rcc.o(.text)
    RCC_ADCCLKConfig                         0x08009349   Thumb Code    18  stm32f10x_rcc.o(.text)
    RCC_LSEConfig                            0x0800935b   Thumb Code    50  stm32f10x_rcc.o(.text)
    RCC_LSICmd                               0x0800938d   Thumb Code     6  stm32f10x_rcc.o(.text)
    RCC_RTCCLKConfig                         0x08009393   Thumb Code    12  stm32f10x_rcc.o(.text)
    RCC_RTCCLKCmd                            0x0800939f   Thumb Code     8  stm32f10x_rcc.o(.text)
    RCC_GetClocksFreq                        0x080093a7   Thumb Code   192  stm32f10x_rcc.o(.text)
    RCC_AHBPeriphClockCmd                    0x08009467   Thumb Code    26  stm32f10x_rcc.o(.text)
    RCC_APB2PeriphClockCmd                   0x08009481   Thumb Code    26  stm32f10x_rcc.o(.text)
    RCC_APB1PeriphClockCmd                   0x0800949b   Thumb Code    26  stm32f10x_rcc.o(.text)
    RCC_APB2PeriphResetCmd                   0x080094b5   Thumb Code    26  stm32f10x_rcc.o(.text)
    RCC_APB1PeriphResetCmd                   0x080094cf   Thumb Code    26  stm32f10x_rcc.o(.text)
    RCC_BackupResetCmd                       0x080094e9   Thumb Code     8  stm32f10x_rcc.o(.text)
    RCC_ClockSecuritySystemCmd               0x080094f1   Thumb Code     6  stm32f10x_rcc.o(.text)
    RCC_MCOConfig                            0x080094f7   Thumb Code     6  stm32f10x_rcc.o(.text)
    RCC_ClearFlag                            0x080094fd   Thumb Code    14  stm32f10x_rcc.o(.text)
    RCC_GetITStatus                          0x0800950b   Thumb Code    20  stm32f10x_rcc.o(.text)
    RCC_ClearITPendingBit                    0x0800951f   Thumb Code     6  stm32f10x_rcc.o(.text)
    RTC_ITConfig                             0x08009549   Thumb Code    26  stm32f10x_rtc.o(.text)
    RTC_EnterConfigMode                      0x08009563   Thumb Code    18  stm32f10x_rtc.o(.text)
    RTC_ExitConfigMode                       0x08009575   Thumb Code    20  stm32f10x_rtc.o(.text)
    RTC_GetCounter                           0x08009589   Thumb Code    18  stm32f10x_rtc.o(.text)
    RTC_SetCounter                           0x0800959b   Thumb Code    26  stm32f10x_rtc.o(.text)
    RTC_SetPrescaler                         0x080095b5   Thumb Code    28  stm32f10x_rtc.o(.text)
    RTC_SetAlarm                             0x080095d1   Thumb Code    26  stm32f10x_rtc.o(.text)
    RTC_GetDivider                           0x080095eb   Thumb Code    22  stm32f10x_rtc.o(.text)
    RTC_WaitForLastTask                      0x08009601   Thumb Code    18  stm32f10x_rtc.o(.text)
    RTC_WaitForSynchro                       0x08009613   Thumb Code    36  stm32f10x_rtc.o(.text)
    RTC_GetFlagStatus                        0x08009637   Thumb Code    22  stm32f10x_rtc.o(.text)
    RTC_ClearFlag                            0x0800964d   Thumb Code    16  stm32f10x_rtc.o(.text)
    RTC_GetITStatus                          0x0800965d   Thumb Code    32  stm32f10x_rtc.o(.text)
    RTC_ClearITPendingBit                    0x0800967d   Thumb Code    16  stm32f10x_rtc.o(.text)
    TIM_DeInit                               0x08009691   Thumb Code   424  stm32f10x_tim.o(.text)
    TIM_TimeBaseInit                         0x08009839   Thumb Code   122  stm32f10x_tim.o(.text)
    TIM_OC1Init                              0x080098b3   Thumb Code   132  stm32f10x_tim.o(.text)
    TIM_OC2Init                              0x08009937   Thumb Code   154  stm32f10x_tim.o(.text)
    TIM_OC3Init                              0x080099d1   Thumb Code   150  stm32f10x_tim.o(.text)
    TIM_OC4Init                              0x08009a67   Thumb Code   182  stm32f10x_tim.o(.text)
    TIM_SetIC4Prescaler                      0x08009b1d   Thumb Code    26  stm32f10x_tim.o(.text)
    TIM_SetIC3Prescaler                      0x08009bb9   Thumb Code    18  stm32f10x_tim.o(.text)
    TIM_SetIC2Prescaler                      0x08009c45   Thumb Code    26  stm32f10x_tim.o(.text)
    TIM_SetIC1Prescaler                      0x08009ce1   Thumb Code    18  stm32f10x_tim.o(.text)
    TIM_ICInit                               0x08009d5f   Thumb Code   150  stm32f10x_tim.o(.text)
    TIM_PWMIConfig                           0x08009df5   Thumb Code   124  stm32f10x_tim.o(.text)
    TIM_BDTRConfig                           0x08009e71   Thumb Code    32  stm32f10x_tim.o(.text)
    TIM_TimeBaseStructInit                   0x08009e91   Thumb Code    18  stm32f10x_tim.o(.text)
    TIM_OCStructInit                         0x08009ea3   Thumb Code    20  stm32f10x_tim.o(.text)
    TIM_ICStructInit                         0x08009eb7   Thumb Code    18  stm32f10x_tim.o(.text)
    TIM_BDTRStructInit                       0x08009ec9   Thumb Code    40  stm32f10x_tim.o(.text)
    TIM_Cmd                                  0x08009ef1   Thumb Code    24  stm32f10x_tim.o(.text)
    TIM_CtrlPWMOutputs                       0x08009f09   Thumb Code    30  stm32f10x_tim.o(.text)
    TIM_ITConfig                             0x08009f27   Thumb Code    18  stm32f10x_tim.o(.text)
    TIM_GenerateEvent                        0x08009f39   Thumb Code     4  stm32f10x_tim.o(.text)
    TIM_DMAConfig                            0x08009f3d   Thumb Code    10  stm32f10x_tim.o(.text)
    TIM_DMACmd                               0x08009f47   Thumb Code    18  stm32f10x_tim.o(.text)
    TIM_InternalClockConfig                  0x08009f59   Thumb Code    12  stm32f10x_tim.o(.text)
    TIM_SelectInputTrigger                   0x08009f65   Thumb Code    18  stm32f10x_tim.o(.text)
    TIM_ITRxExternalClockConfig              0x08009f77   Thumb Code    24  stm32f10x_tim.o(.text)
    TIM_TIxExternalClockConfig               0x08009f8f   Thumb Code    62  stm32f10x_tim.o(.text)
    TIM_ETRConfig                            0x08009fcd   Thumb Code    28  stm32f10x_tim.o(.text)
    TIM_ETRClockMode1Config                  0x08009fe9   Thumb Code    54  stm32f10x_tim.o(.text)
    TIM_ETRClockMode2Config                  0x0800a01f   Thumb Code    32  stm32f10x_tim.o(.text)
    TIM_PrescalerConfig                      0x0800a03f   Thumb Code     6  stm32f10x_tim.o(.text)
    TIM_CounterModeConfig                    0x0800a045   Thumb Code    18  stm32f10x_tim.o(.text)
    TIM_EncoderInterfaceConfig               0x0800a057   Thumb Code    66  stm32f10x_tim.o(.text)
    TIM_ForcedOC1Config                      0x0800a099   Thumb Code    18  stm32f10x_tim.o(.text)
    TIM_ForcedOC2Config                      0x0800a0ab   Thumb Code    26  stm32f10x_tim.o(.text)
    TIM_ForcedOC3Config                      0x0800a0c5   Thumb Code    18  stm32f10x_tim.o(.text)
    TIM_ForcedOC4Config                      0x0800a0d7   Thumb Code    26  stm32f10x_tim.o(.text)
    TIM_ARRPreloadConfig                     0x0800a0f1   Thumb Code    24  stm32f10x_tim.o(.text)
    TIM_SelectCOM                            0x0800a109   Thumb Code    24  stm32f10x_tim.o(.text)
    TIM_SelectCCDMA                          0x0800a121   Thumb Code    24  stm32f10x_tim.o(.text)
    TIM_CCPreloadControl                     0x0800a139   Thumb Code    24  stm32f10x_tim.o(.text)
    TIM_OC1PreloadConfig                     0x0800a151   Thumb Code    18  stm32f10x_tim.o(.text)
    TIM_OC2PreloadConfig                     0x0800a163   Thumb Code    26  stm32f10x_tim.o(.text)
    TIM_OC3PreloadConfig                     0x0800a17d   Thumb Code    18  stm32f10x_tim.o(.text)
    TIM_OC4PreloadConfig                     0x0800a18f   Thumb Code    26  stm32f10x_tim.o(.text)
    TIM_OC1FastConfig                        0x0800a1a9   Thumb Code    18  stm32f10x_tim.o(.text)
    TIM_OC2FastConfig                        0x0800a1bb   Thumb Code    26  stm32f10x_tim.o(.text)
    TIM_OC3FastConfig                        0x0800a1d5   Thumb Code    18  stm32f10x_tim.o(.text)
    TIM_OC4FastConfig                        0x0800a1e7   Thumb Code    26  stm32f10x_tim.o(.text)
    TIM_ClearOC1Ref                          0x0800a201   Thumb Code    18  stm32f10x_tim.o(.text)
    TIM_ClearOC2Ref                          0x0800a213   Thumb Code    24  stm32f10x_tim.o(.text)
    TIM_ClearOC3Ref                          0x0800a22b   Thumb Code    18  stm32f10x_tim.o(.text)
    TIM_ClearOC4Ref                          0x0800a23d   Thumb Code    24  stm32f10x_tim.o(.text)
    TIM_OC1PolarityConfig                    0x0800a255   Thumb Code    18  stm32f10x_tim.o(.text)
    TIM_OC1NPolarityConfig                   0x0800a267   Thumb Code    18  stm32f10x_tim.o(.text)
    TIM_OC2PolarityConfig                    0x0800a279   Thumb Code    26  stm32f10x_tim.o(.text)
    TIM_OC2NPolarityConfig                   0x0800a293   Thumb Code    26  stm32f10x_tim.o(.text)
    TIM_OC3PolarityConfig                    0x0800a2ad   Thumb Code    26  stm32f10x_tim.o(.text)
    TIM_OC3NPolarityConfig                   0x0800a2c7   Thumb Code    26  stm32f10x_tim.o(.text)
    TIM_OC4PolarityConfig                    0x0800a2e1   Thumb Code    26  stm32f10x_tim.o(.text)
    TIM_CCxCmd                               0x0800a2fb   Thumb Code    30  stm32f10x_tim.o(.text)
    TIM_CCxNCmd                              0x0800a319   Thumb Code    30  stm32f10x_tim.o(.text)
    TIM_SelectOCxM                           0x0800a337   Thumb Code    82  stm32f10x_tim.o(.text)
    TIM_UpdateDisableConfig                  0x0800a389   Thumb Code    24  stm32f10x_tim.o(.text)
    TIM_UpdateRequestConfig                  0x0800a3a1   Thumb Code    24  stm32f10x_tim.o(.text)
    TIM_SelectHallSensor                     0x0800a3b9   Thumb Code    24  stm32f10x_tim.o(.text)
    TIM_SelectOnePulseMode                   0x0800a3d1   Thumb Code    18  stm32f10x_tim.o(.text)
    TIM_SelectOutputTrigger                  0x0800a3e3   Thumb Code    18  stm32f10x_tim.o(.text)
    TIM_SelectSlaveMode                      0x0800a3f5   Thumb Code    18  stm32f10x_tim.o(.text)
    TIM_SelectMasterSlaveMode                0x0800a407   Thumb Code    18  stm32f10x_tim.o(.text)
    TIM_SetCounter                           0x0800a419   Thumb Code     4  stm32f10x_tim.o(.text)
    TIM_SetAutoreload                        0x0800a41d   Thumb Code     4  stm32f10x_tim.o(.text)
    TIM_SetCompare1                          0x0800a421   Thumb Code     4  stm32f10x_tim.o(.text)
    TIM_SetCompare2                          0x0800a425   Thumb Code     4  stm32f10x_tim.o(.text)
    TIM_SetCompare3                          0x0800a429   Thumb Code     4  stm32f10x_tim.o(.text)
    TIM_SetCompare4                          0x0800a42d   Thumb Code     6  stm32f10x_tim.o(.text)
    TIM_SetClockDivision                     0x0800a433   Thumb Code    18  stm32f10x_tim.o(.text)
    TIM_GetCapture1                          0x0800a445   Thumb Code     6  stm32f10x_tim.o(.text)
    TIM_GetCapture2                          0x0800a44b   Thumb Code     6  stm32f10x_tim.o(.text)
    TIM_GetCapture3                          0x0800a451   Thumb Code     6  stm32f10x_tim.o(.text)
    TIM_GetCapture4                          0x0800a457   Thumb Code     8  stm32f10x_tim.o(.text)
    TIM_GetCounter                           0x0800a45f   Thumb Code     6  stm32f10x_tim.o(.text)
    TIM_GetPrescaler                         0x0800a465   Thumb Code     6  stm32f10x_tim.o(.text)
    TIM_GetFlagStatus                        0x0800a46b   Thumb Code    18  stm32f10x_tim.o(.text)
    TIM_ClearFlag                            0x0800a47d   Thumb Code     6  stm32f10x_tim.o(.text)
    TIM_GetITStatus                          0x0800a483   Thumb Code    34  stm32f10x_tim.o(.text)
    TIM_ClearITPendingBit                    0x0800a4a5   Thumb Code     6  stm32f10x_tim.o(.text)
    USART_DeInit                             0x0800a4ad   Thumb Code   134  stm32f10x_usart.o(.text)
    USART_Init                               0x0800a533   Thumb Code   210  stm32f10x_usart.o(.text)
    USART_StructInit                         0x0800a605   Thumb Code    24  stm32f10x_usart.o(.text)
    USART_ClockInit                          0x0800a61d   Thumb Code    34  stm32f10x_usart.o(.text)
    USART_ClockStructInit                    0x0800a63f   Thumb Code    12  stm32f10x_usart.o(.text)
    USART_Cmd                                0x0800a64b   Thumb Code    24  stm32f10x_usart.o(.text)
    USART_ITConfig                           0x0800a663   Thumb Code    74  stm32f10x_usart.o(.text)
    USART_DMACmd                             0x0800a6ad   Thumb Code    18  stm32f10x_usart.o(.text)
    USART_SetAddress                         0x0800a6bf   Thumb Code    18  stm32f10x_usart.o(.text)
    USART_WakeUpConfig                       0x0800a6d1   Thumb Code    18  stm32f10x_usart.o(.text)
    USART_ReceiverWakeUpCmd                  0x0800a6e3   Thumb Code    24  stm32f10x_usart.o(.text)
    USART_LINBreakDetectLengthConfig         0x0800a6fb   Thumb Code    18  stm32f10x_usart.o(.text)
    USART_LINCmd                             0x0800a70d   Thumb Code    24  stm32f10x_usart.o(.text)
    USART_SendData                           0x0800a725   Thumb Code     8  stm32f10x_usart.o(.text)
    USART_ReceiveData                        0x0800a72d   Thumb Code    10  stm32f10x_usart.o(.text)
    USART_SendBreak                          0x0800a737   Thumb Code    10  stm32f10x_usart.o(.text)
    USART_SetGuardTime                       0x0800a741   Thumb Code    16  stm32f10x_usart.o(.text)
    USART_SetPrescaler                       0x0800a751   Thumb Code    16  stm32f10x_usart.o(.text)
    USART_SmartCardCmd                       0x0800a761   Thumb Code    24  stm32f10x_usart.o(.text)
    USART_SmartCardNACKCmd                   0x0800a779   Thumb Code    24  stm32f10x_usart.o(.text)
    USART_HalfDuplexCmd                      0x0800a791   Thumb Code    24  stm32f10x_usart.o(.text)
    USART_OverSampling8Cmd                   0x0800a7a9   Thumb Code    22  stm32f10x_usart.o(.text)
    USART_OneBitMethodCmd                    0x0800a7bf   Thumb Code    24  stm32f10x_usart.o(.text)
    USART_IrDAConfig                         0x0800a7d7   Thumb Code    18  stm32f10x_usart.o(.text)
    USART_IrDACmd                            0x0800a7e9   Thumb Code    24  stm32f10x_usart.o(.text)
    USART_GetFlagStatus                      0x0800a801   Thumb Code    26  stm32f10x_usart.o(.text)
    USART_ClearFlag                          0x0800a81b   Thumb Code    18  stm32f10x_usart.o(.text)
    USART_GetITStatus                        0x0800a82d   Thumb Code    84  stm32f10x_usart.o(.text)
    USART_ClearITPendingBit                  0x0800a881   Thumb Code    52  stm32f10x_usart.o(.text)
    SystemInit                               0x0800a993   Thumb Code    78  system_stm32f10x.o(.text)
    SystemCoreClockUpdate                    0x0800a9e1   Thumb Code   142  system_stm32f10x.o(.text)
    OSTmrCreate                              0x0800aac7   Thumb Code   142  os_tmr.o(.text)
    OSTmrDel                                 0x0800abcd   Thumb Code   134  os_tmr.o(.text)
    OSTmrNameGet                             0x0800ac53   Thumb Code   134  os_tmr.o(.text)
    OSTmrRemainGet                           0x0800acd9   Thumb Code   172  os_tmr.o(.text)
    OSTmrStateGet                            0x0800ad85   Thumb Code    96  os_tmr.o(.text)
    OSTmrStart                               0x0800ae49   Thumb Code   166  os_tmr.o(.text)
    OSTmrStop                                0x0800aeef   Thumb Code   190  os_tmr.o(.text)
    OSTmrSignal                              0x0800afad   Thumb Code    16  os_tmr.o(.text)
    OSTmr_Init                               0x0800b061   Thumb Code   172  os_tmr.o(.text)
    OS_StrLen                                0x0800b175   Thumb Code    20  os_core.o(.text)
    OSEventNameGet                           0x0800b189   Thumb Code   118  os_core.o(.text)
    OSEventNameSet                           0x0800b1ff   Thumb Code   100  os_core.o(.text)
    OS_EventTaskRemoveMulti                  0x0800b263   Thumb Code    58  os_core.o(.text)
    OS_Sched                                 0x0800b2b7   Thumb Code    88  os_core.o(.text)
    OS_EventTaskWaitMulti                    0x0800b30f   Thumb Code   136  os_core.o(.text)
    OSEventPendMulti                         0x0800b397   Thumb Code   760  os_core.o(.text)
    OS_TaskIdle                              0x0800b68f   Thumb Code    34  os_core.o(.text)
    OS_MemClr                                0x0800b6e5   Thumb Code    18  os_core.o(.text)
    OSInit                                   0x0800b7ff   Thumb Code    48  os_core.o(.text)
    OSIntEnter                               0x0800b82f   Thumb Code    28  os_core.o(.text)
    OSIntExit                                0x0800b84b   Thumb Code   112  os_core.o(.text)
    OSSchedLock                              0x0800b8bb   Thumb Code    50  os_core.o(.text)
    OSSchedUnlock                            0x0800b8ed   Thumb Code    82  os_core.o(.text)
    OSStart                                  0x0800b93f   Thumb Code    48  os_core.o(.text)
    OSTimeTick                               0x0800b96f   Thumb Code   326  os_core.o(.text)
    OSVersion                                0x0800bab5   Thumb Code     6  os_core.o(.text)
    OS_Dummy                                 0x0800babb   Thumb Code     2  os_core.o(.text)
    OS_EventTaskRemove                       0x0800babd   Thumb Code    42  os_core.o(.text)
    OS_EventTaskRdy                          0x0800bae7   Thumb Code   128  os_core.o(.text)
    OS_EventTaskWait                         0x0800bb67   Thumb Code   112  os_core.o(.text)
    OS_EventWaitListInit                     0x0800bbd7   Thumb Code    28  os_core.o(.text)
    OS_MemCopy                               0x0800bbf3   Thumb Code    20  os_core.o(.text)
    OS_TaskStatStkChk                        0x0800bc07   Thumb Code    54  os_core.o(.text)
    OS_TCBInit                               0x0800bc3d   Thumb Code   282  os_core.o(.text)
    OSFlagAccept                             0x0800bd7d   Thumb Code   262  os_flag.o(.text)
    OSFlagCreate                             0x0800be83   Thumb Code    86  os_flag.o(.text)
    OS_FlagUnlink                            0x0800bed9   Thumb Code    36  os_flag.o(.text)
    OSFlagDel                                0x0800bf4f   Thumb Code   224  os_flag.o(.text)
    OSFlagNameGet                            0x0800c02f   Thumb Code   100  os_flag.o(.text)
    OSFlagNameSet                            0x0800c093   Thumb Code    82  os_flag.o(.text)
    OSFlagPend                               0x0800c17d   Thumb Code   626  os_flag.o(.text)
    OSFlagPendGetFlagsRdy                    0x0800c3ef   Thumb Code    26  os_flag.o(.text)
    OSFlagPost                               0x0800c409   Thumb Code   322  os_flag.o(.text)
    OSFlagQuery                              0x0800c54b   Thumb Code    58  os_flag.o(.text)
    OS_FlagInit                              0x0800c585   Thumb Code    78  os_flag.o(.text)
    OSMboxAccept                             0x0800c5e1   Thumb Code    44  os_mbox.o(.text)
    OSMboxCreate                             0x0800c60d   Thumb Code    72  os_mbox.o(.text)
    OSMboxDel                                0x0800c655   Thumb Code   220  os_mbox.o(.text)
    OSMboxPend                               0x0800c731   Thumb Code   262  os_mbox.o(.text)
    OSMboxPendAbort                          0x0800c837   Thumb Code   138  os_mbox.o(.text)
    OSMboxPost                               0x0800c8c1   Thumb Code    92  os_mbox.o(.text)
    OSMboxPostOpt                            0x0800c91d   Thumb Code   132  os_mbox.o(.text)
    OSMboxQuery                              0x0800c9a1   Thumb Code   108  os_mbox.o(.text)
    OSMemCreate                              0x0800ca0d   Thumb Code   164  os_mem.o(.text)
    OSMemGet                                 0x0800cab1   Thumb Code    72  os_mem.o(.text)
    OSMemNameGet                             0x0800caf9   Thumb Code    80  os_mem.o(.text)
    OSMemNameSet                             0x0800cb49   Thumb Code    64  os_mem.o(.text)
    OSMemPut                                 0x0800cb89   Thumb Code    66  os_mem.o(.text)
    OSMemQuery                               0x0800cbcb   Thumb Code    64  os_mem.o(.text)
    OS_MemInit                               0x0800cc0b   Thumb Code    74  os_mem.o(.text)
    OSQAccept                                0x0800cc65   Thumb Code    98  os_q.o(.text)
    OSQCreate                                0x0800ccc7   Thumb Code   144  os_q.o(.text)
    OSQDel                                   0x0800cd57   Thumb Code   254  os_q.o(.text)
    OSQFlush                                 0x0800ce55   Thumb Code    52  os_q.o(.text)
    OSQPend                                  0x0800ce89   Thumb Code   288  os_q.o(.text)
    OSQPendAbort                             0x0800cfa9   Thumb Code   138  os_q.o(.text)
    OSQPost                                  0x0800d033   Thumb Code   120  os_q.o(.text)
    OSQPostFront                             0x0800d0ab   Thumb Code   146  os_q.o(.text)
    OSQPostOpt                               0x0800d13d   Thumb Code   188  os_q.o(.text)
    OSQQuery                                 0x0800d1f9   Thumb Code   110  os_q.o(.text)
    OS_QInit                                 0x0800d267   Thumb Code    72  os_q.o(.text)
    OSSemAccept                              0x0800d2b9   Thumb Code    48  os_sem.o(.text)
    OSSemCreate                              0x0800d2e9   Thumb Code    72  os_sem.o(.text)
    OSSemDel                                 0x0800d331   Thumb Code   220  os_sem.o(.text)
    OSSemPend                                0x0800d40d   Thumb Code   236  os_sem.o(.text)
    OSSemPendAbort                           0x0800d4f9   Thumb Code   138  os_sem.o(.text)
    OSSemPost                                0x0800d583   Thumb Code    94  os_sem.o(.text)
    OSSemQuery                               0x0800d5e1   Thumb Code    88  os_sem.o(.text)
    OSSemSet                                 0x0800d639   Thumb Code    74  os_sem.o(.text)
    OSTaskChangePrio                         0x0800d699   Thumb Code   418  os_task.o(.text)
    OSTaskCreate                             0x0800d83b   Thumb Code   156  os_task.o(.text)
    OS_TaskStkClr                            0x0800d8d7   Thumb Code    26  os_task.o(.text)
    OSTaskCreateExt                          0x0800d8f1   Thumb Code   178  os_task.o(.text)
    OSTaskDel                                0x0800d9a3   Thumb Code   354  os_task.o(.text)
    OSTaskDelReq                             0x0800db05   Thumb Code   112  os_task.o(.text)
    OSTaskNameGet                            0x0800db75   Thumb Code   140  os_task.o(.text)
    OSTaskNameSet                            0x0800dc01   Thumb Code   120  os_task.o(.text)
    OSTaskResume                             0x0800dc79   Thumb Code   162  os_task.o(.text)
    OSTaskStkChk                             0x0800dd1b   Thumb Code   150  os_task.o(.text)
    OSTaskSuspend                            0x0800ddb1   Thumb Code   172  os_task.o(.text)
    OSTaskQuery                              0x0800de5d   Thumb Code   132  os_task.o(.text)
    OSTaskRegGet                             0x0800dee1   Thumb Code    86  os_task.o(.text)
    OSTaskRegSet                             0x0800df37   Thumb Code    84  os_task.o(.text)
    OS_TaskReturn                            0x0800df8b   Thumb Code    18  os_task.o(.text)
    OSTimeDly                                0x0800dfa5   Thumb Code   100  os_time.o(.text)
    OSTimeDlyHMSM                            0x0800e009   Thumb Code   124  os_time.o(.text)
    OSTimeDlyResume                          0x0800e085   Thumb Code   168  os_time.o(.text)
    OSTimeGet                                0x0800e12d   Thumb Code    24  os_time.o(.text)
    OSTimeSet                                0x0800e145   Thumb Code    24  os_time.o(.text)
    OSInitHookBegin                          0x0800e179   Thumb Code    30  os_cpu_c.o(.text)
    OSInitHookEnd                            0x0800e197   Thumb Code     2  os_cpu_c.o(.text)
    OSTaskCreateHook                         0x0800e199   Thumb Code     2  os_cpu_c.o(.text)
    OSTaskDelHook                            0x0800e19b   Thumb Code     2  os_cpu_c.o(.text)
    OSTaskIdleHook                           0x0800e19d   Thumb Code     2  os_cpu_c.o(.text)
    OSTaskReturnHook                         0x0800e19f   Thumb Code     2  os_cpu_c.o(.text)
    OSTaskStatHook                           0x0800e1a1   Thumb Code     2  os_cpu_c.o(.text)
    OSTaskStkInit                            0x0800e1a3   Thumb Code   152  os_cpu_c.o(.text)
    OSTaskSwHook                             0x0800e23b   Thumb Code     2  os_cpu_c.o(.text)
    OSTCBInitHook                            0x0800e23d   Thumb Code     2  os_cpu_c.o(.text)
    OSTimeTickHook                           0x0800e23f   Thumb Code    30  os_cpu_c.o(.text)
    OS_CPU_SysTickHandler                    0x0800e25d   Thumb Code    34  os_cpu_c.o(.text)
    OS_CPU_SysTickInit                       0x0800e27f   Thumb Code    74  os_cpu_c.o(.text)
    OS_CPU_SR_Save                           0x0800e2ed   Thumb Code     0  os_cpu_a.o(.text)
    OS_CPU_SR_Restore                        0x0800e2f5   Thumb Code     0  os_cpu_a.o(.text)
    OSStartHighRdy                           0x0800e2fb   Thumb Code     0  os_cpu_a.o(.text)
    OSCtxSw                                  0x0800e31b   Thumb Code     0  os_cpu_a.o(.text)
    OSIntCtxSw                               0x0800e325   Thumb Code     0  os_cpu_a.o(.text)
    OS_CPU_PendSVHandler                     0x0800e32f   Thumb Code     0  os_cpu_a.o(.text)
    __I$use$semihosting                      0x0800e391   Thumb Code     0  use_no_semi.o(.text)
    __use_no_semihosting_swi                 0x0800e391   Thumb Code     2  use_no_semi.o(.text)
    __2sprintf                               0x0800e395   Thumb Code    34  noretval__2sprintf.o(.text)
    _printf_pre_padding                      0x0800e3bd   Thumb Code    44  _printf_pad.o(.text)
    _printf_post_padding                     0x0800e3e9   Thumb Code    34  _printf_pad.o(.text)
    _printf_int_dec                          0x0800e40d   Thumb Code   104  _printf_dec.o(.text)
    __printf                                 0x0800e485   Thumb Code   308  __printf_flags_wp.o(.text)
    strlen                                   0x0800e5bd   Thumb Code    62  strlen.o(.text)
    __aeabi_memcpy4                          0x0800e5fb   Thumb Code     0  rt_memcpy_w.o(.text)
    __aeabi_memcpy8                          0x0800e5fb   Thumb Code     0  rt_memcpy_w.o(.text)
    __rt_memcpy_w                            0x0800e5fb   Thumb Code   100  rt_memcpy_w.o(.text)
    _memcpy_lastbytes_aligned                0x0800e643   Thumb Code     0  rt_memcpy_w.o(.text)
    __aeabi_memclr                           0x0800e65f   Thumb Code     0  rt_memclr.o(.text)
    __rt_memclr                              0x0800e65f   Thumb Code    68  rt_memclr.o(.text)
    _memset                                  0x0800e663   Thumb Code     0  rt_memclr.o(.text)
    __aeabi_memclr4                          0x0800e6a3   Thumb Code     0  rt_memclr_w.o(.text)
    __aeabi_memclr8                          0x0800e6a3   Thumb Code     0  rt_memclr_w.o(.text)
    __rt_memclr_w                            0x0800e6a3   Thumb Code    78  rt_memclr_w.o(.text)
    _memset_w                                0x0800e6a7   Thumb Code     0  rt_memclr_w.o(.text)
    __use_two_region_memory                  0x0800e6f1   Thumb Code     2  heapauxi.o(.text)
    __rt_heap_escrow$2region                 0x0800e6f3   Thumb Code     2  heapauxi.o(.text)
    __rt_heap_expand$2region                 0x0800e6f5   Thumb Code     2  heapauxi.o(.text)
    _printf_int_common                       0x0800e6f7   Thumb Code   178  _printf_intcommon.o(.text)
    _printf_char_common                      0x0800e7b3   Thumb Code    32  _printf_char_common.o(.text)
    _sputc                                   0x0800e7d9   Thumb Code    10  _sputc.o(.text)
    __user_setup_stackheap                   0x0800e7e3   Thumb Code    74  sys_stackheap_outer.o(.text)
    exit                                     0x0800e82d   Thumb Code    12  exit.o(.text)
    __user_libspace                          0x0800e839   Thumb Code     8  libspace.o(.text)
    __user_perproc_libspace                  0x0800e839   Thumb Code     0  libspace.o(.text)
    __user_perthread_libspace                0x0800e839   Thumb Code     0  libspace.o(.text)
    _is_digit                                0x0800e841   Thumb Code    14  __printf_wp.o(i._is_digit)
    __aeabi_d2f                              0x0800e851   Thumb Code     0  d2f.o(x$fpl$d2f)
    _d2f                                     0x0800e851   Thumb Code    98  d2f.o(x$fpl$d2f)
    __fpl_dcmp_Inf                           0x0800e8b3   Thumb Code    24  dcmpi.o(x$fpl$dcmpinf)
    __aeabi_ddiv                             0x0800e8cd   Thumb Code     0  ddiv.o(x$fpl$ddiv)
    _ddiv                                    0x0800e8cd   Thumb Code   552  ddiv.o(x$fpl$ddiv)
    __aeabi_d2uiz                            0x0800eb7d   Thumb Code     0  dfixu.o(x$fpl$dfixu)
    _dfixu                                   0x0800eb7d   Thumb Code    90  dfixu.o(x$fpl$dfixu)
    __aeabi_ui2d                             0x0800ebd7   Thumb Code     0  dflt_clz.o(x$fpl$dfltu)
    _dfltu                                   0x0800ebd7   Thumb Code    38  dflt_clz.o(x$fpl$dfltu)
    __aeabi_cdcmple                          0x0800ebfd   Thumb Code     0  dleqf.o(x$fpl$dleqf)
    _dcmple                                  0x0800ebfd   Thumb Code   120  dleqf.o(x$fpl$dleqf)
    __fpl_dcmple_InfNaN                      0x0800ec5f   Thumb Code     0  dleqf.o(x$fpl$dleqf)
    __aeabi_dmul                             0x0800ec75   Thumb Code     0  dmul.o(x$fpl$dmul)
    _dmul                                    0x0800ec75   Thumb Code   332  dmul.o(x$fpl$dmul)
    __fpl_dnaninf                            0x0800edc9   Thumb Code   156  dnaninf.o(x$fpl$dnaninf)
    __fpl_dretinf                            0x0800ee65   Thumb Code    12  dretinf.o(x$fpl$dretinf)
    __aeabi_cdrcmple                         0x0800ee71   Thumb Code     0  drleqf.o(x$fpl$drleqf)
    _drcmple                                 0x0800ee71   Thumb Code   108  drleqf.o(x$fpl$drleqf)
    __aeabi_f2d                              0x0800eedd   Thumb Code     0  f2d.o(x$fpl$f2d)
    _f2d                                     0x0800eedd   Thumb Code    86  f2d.o(x$fpl$f2d)
    __aeabi_fadd                             0x0800ef35   Thumb Code     0  faddsub_clz.o(x$fpl$fadd)
    _fadd                                    0x0800ef35   Thumb Code   196  faddsub_clz.o(x$fpl$fadd)
    __fpl_fcmp_Inf                           0x0800eff9   Thumb Code    24  fcmpi.o(x$fpl$fcmpinf)
    __aeabi_fdiv                             0x0800f011   Thumb Code     0  fdiv.o(x$fpl$fdiv)
    _fdiv                                    0x0800f011   Thumb Code   384  fdiv.o(x$fpl$fdiv)
    __aeabi_f2uiz                            0x0800f195   Thumb Code     0  ffixu.o(x$fpl$ffixu)
    _ffixu                                   0x0800f195   Thumb Code    62  ffixu.o(x$fpl$ffixu)
    __aeabi_i2f                              0x0800f1d5   Thumb Code     0  fflt_clz.o(x$fpl$fflt)
    _fflt                                    0x0800f1d5   Thumb Code    48  fflt_clz.o(x$fpl$fflt)
    __aeabi_ui2f                             0x0800f205   Thumb Code     0  fflt_clz.o(x$fpl$ffltu)
    _ffltu                                   0x0800f205   Thumb Code    38  fflt_clz.o(x$fpl$ffltu)
    __aeabi_cfcmple                          0x0800f22d   Thumb Code     0  fleqf.o(x$fpl$fleqf)
    _fcmple                                  0x0800f22d   Thumb Code   104  fleqf.o(x$fpl$fleqf)
    __fpl_fcmple_InfNaN                      0x0800f27f   Thumb Code     0  fleqf.o(x$fpl$fleqf)
    __aeabi_fmul                             0x0800f295   Thumb Code     0  fmul.o(x$fpl$fmul)
    _fmul                                    0x0800f295   Thumb Code   258  fmul.o(x$fpl$fmul)
    __fpl_fnaninf                            0x0800f397   Thumb Code   140  fnaninf.o(x$fpl$fnaninf)
    __fpl_fretinf                            0x0800f423   Thumb Code    10  fretinf.o(x$fpl$fretinf)
    __aeabi_cfrcmple                         0x0800f42d   Thumb Code     0  frleqf.o(x$fpl$frleqf)
    _frcmple                                 0x0800f42d   Thumb Code    98  frleqf.o(x$fpl$frleqf)
    __aeabi_frsub                            0x0800f48f   Thumb Code     0  faddsub_clz.o(x$fpl$frsb)
    _frsb                                    0x0800f48f   Thumb Code    20  faddsub_clz.o(x$fpl$frsb)
    __aeabi_fsub                             0x0800f4a5   Thumb Code     0  faddsub_clz.o(x$fpl$fsub)
    _fsub                                    0x0800f4a5   Thumb Code   234  faddsub_clz.o(x$fpl$fsub)
    __I$use$fp                               0x0800f58e   Number         0  usenofp.o(x$fpl$usenofp)
    DIS0                                     0x0800f644   Data          17  lcd12864.o(.constdata)
    DIS1                                     0x0800f655   Data          17  lcd12864.o(.constdata)
    DIS2                                     0x0800f666   Data          17  lcd12864.o(.constdata)
    DIS3                                     0x0800f677   Data          17  lcd12864.o(.constdata)
    DIS4                                     0x0800f688   Data          17  lcd12864.o(.constdata)
    DIS5                                     0x0800f699   Data          17  lcd12864.o(.constdata)
    DIS6                                     0x0800f6aa   Data          17  lcd12864.o(.constdata)
    DIS7                                     0x0800f6bb   Data          17  lcd12864.o(.constdata)
    DIS8                                     0x0800f6cc   Data          17  lcd12864.o(.constdata)
    DIS9                                     0x0800f6dd   Data          17  lcd12864.o(.constdata)
    DIS10                                    0x0800f6ee   Data          17  lcd12864.o(.constdata)
    DIS11                                    0x0800f6ff   Data          17  lcd12864.o(.constdata)
    DIS12                                    0x0800f710   Data          17  lcd12864.o(.constdata)
    DIS13                                    0x0800f721   Data          17  lcd12864.o(.constdata)
    DIS14                                    0x0800f732   Data          17  lcd12864.o(.constdata)
    DIS15                                    0x0800f743   Data          17  lcd12864.o(.constdata)
    DIS16                                    0x0800f754   Data          17  lcd12864.o(.constdata)
    DIS17                                    0x0800f765   Data          17  lcd12864.o(.constdata)
    DIS18                                    0x0800f776   Data          17  lcd12864.o(.constdata)
    DIS19                                    0x0800f787   Data          17  lcd12864.o(.constdata)
    DIS20                                    0x0800f798   Data          17  lcd12864.o(.constdata)
    DIS21                                    0x0800f7a9   Data          17  lcd12864.o(.constdata)
    DIS22                                    0x0800f7ba   Data          17  lcd12864.o(.constdata)
    DIS23                                    0x0800f7cb   Data          17  lcd12864.o(.constdata)
    DIS24                                    0x0800f7dc   Data          17  lcd12864.o(.constdata)
    DIS25                                    0x0800f7ed   Data          17  lcd12864.o(.constdata)
    DIS26                                    0x0800f7fe   Data          17  lcd12864.o(.constdata)
    DIS27                                    0x0800f80f   Data          17  lcd12864.o(.constdata)
    DIS29                                    0x0800f820   Data          17  lcd12864.o(.constdata)
    DIS30                                    0x0800f831   Data          17  lcd12864.o(.constdata)
    DIS31                                    0x0800f842   Data          17  lcd12864.o(.constdata)
    DIS32                                    0x0800f853   Data          17  lcd12864.o(.constdata)
    DIS33                                    0x0800f864   Data          17  lcd12864.o(.constdata)
    DIS34                                    0x0800f875   Data          17  lcd12864.o(.constdata)
    DIS35                                    0x0800f886   Data          17  lcd12864.o(.constdata)
    DIS36                                    0x0800f897   Data          17  lcd12864.o(.constdata)
    DIS37                                    0x0800f8a8   Data          17  lcd12864.o(.constdata)
    DIS38                                    0x0800f8b9   Data          17  lcd12864.o(.constdata)
    DIS39                                    0x0800f8ca   Data          17  lcd12864.o(.constdata)
    DIS40                                    0x0800f8db   Data          17  lcd12864.o(.constdata)
    DIS41                                    0x0800f8ec   Data          17  lcd12864.o(.constdata)
    DIS42                                    0x0800f8fd   Data          17  lcd12864.o(.constdata)
    DIS43                                    0x0800f90e   Data          17  lcd12864.o(.constdata)
    DIS44                                    0x0800f91f   Data          17  lcd12864.o(.constdata)
    DIS48                                    0x0800f930   Data          17  lcd12864.o(.constdata)
    DIS49                                    0x0800f941   Data          17  lcd12864.o(.constdata)
    DIS50                                    0x0800f952   Data          17  lcd12864.o(.constdata)
    DIS51                                    0x0800f963   Data          17  lcd12864.o(.constdata)
    DIS52                                    0x0800f974   Data          17  lcd12864.o(.constdata)
    DIS55                                    0x0800f985   Data          17  lcd12864.o(.constdata)
    DIS56                                    0x0800f996   Data          17  lcd12864.o(.constdata)
    DIS58                                    0x0800f9a7   Data          17  lcd12864.o(.constdata)
    DIS59                                    0x0800f9b8   Data          17  lcd12864.o(.constdata)
    DIS60                                    0x0800f9c9   Data          17  lcd12864.o(.constdata)
    DIS61                                    0x0800f9da   Data          17  lcd12864.o(.constdata)
    DIS62                                    0x0800f9eb   Data          17  lcd12864.o(.constdata)
    DIS63                                    0x0800f9fc   Data          17  lcd12864.o(.constdata)
    DIS64                                    0x0800fa0d   Data          17  lcd12864.o(.constdata)
    DIS65                                    0x0800fa1e   Data          17  lcd12864.o(.constdata)
    DIS66                                    0x0800fa2f   Data          17  lcd12864.o(.constdata)
    DIS71                                    0x0800fa40   Data          17  lcd12864.o(.constdata)
    DIS72                                    0x0800fa51   Data          17  lcd12864.o(.constdata)
    DIS73                                    0x0800fa62   Data          17  lcd12864.o(.constdata)
    DIS74                                    0x0800fa73   Data          17  lcd12864.o(.constdata)
    DIS75                                    0x0800fa84   Data          17  lcd12864.o(.constdata)
    DIS76                                    0x0800fa95   Data          17  lcd12864.o(.constdata)
    DIS77                                    0x0800faa6   Data          17  lcd12864.o(.constdata)
    DIS78                                    0x0800fab7   Data          17  lcd12864.o(.constdata)
    DIS79                                    0x0800fac8   Data          17  lcd12864.o(.constdata)
    DIS80                                    0x0800fad9   Data          17  lcd12864.o(.constdata)
    DIS81                                    0x0800faea   Data          17  lcd12864.o(.constdata)
    DIS82                                    0x0800fafb   Data          17  lcd12864.o(.constdata)
    DIS83                                    0x0800fb0c   Data          17  lcd12864.o(.constdata)
    DIS84                                    0x0800fb1d   Data          17  lcd12864.o(.constdata)
    DIS85                                    0x0800fb2e   Data          17  lcd12864.o(.constdata)
    DIS86                                    0x0800fb3f   Data          17  lcd12864.o(.constdata)
    DIS88                                    0x0800fb50   Data          17  lcd12864.o(.constdata)
    ucPrintString                            0x0800fb61   Data        1600  gp9034t.o(.constdata)
    OSUnMapTbl                               0x080101a1   Data         256  os_core.o(.constdata)
    Region$$Table$$Base                      0x080102b4   Number         0  anon$$obj.o(Region$$Table)
    Region$$Table$$Limit                     0x080102d4   Number         0  anon$$obj.o(Region$$Table)
    ucLoraRecCnt                             0x20000000   Data           1  stm32f10x_it.o(.data)
    g_ucLcdLine1                             0x2000000c   Data           1  main.o(.data)
    g_ucLcdLine2                             0x2000000d   Data           1  main.o(.data)
    g_ucLcdLine3                             0x2000000e   Data           1  main.o(.data)
    g_ucLcdLine4                             0x2000000f   Data           1  main.o(.data)
    g_ulTestMode                             0x20000010   Data           4  main.o(.data)
    g_ucBeepMode                             0x20000014   Data           1  main.o(.data)
    g_ucErrorNo                              0x20000015   Data           1  main.o(.data)
    fg_ucAutoTrig                            0x20000017   Data           1  main.o(.data)
    g_ucNoteState                            0x20000018   Data           1  main.o(.data)
    g_ulPlcID                                0x2000001c   Data           4  main.o(.data)
    g_uiLoraID                               0x20000020   Data           2  main.o(.data)
    TimeCtn                                  0x20000024   Data           4  main.o(.data)
    pCal_BoxEvent                            0x20000030   Data           4  main.o(.data)
    Main_H                                   0x20000034   Data           2  main.o(.data)
    Val                                      0x20000038   Data           4  main.o(.data)
    ucData                                   0x2000003c   Data           1  main.o(.data)
    ucCnt                                    0x2000003d   Data           1  main.o(.data)
    g_ucR2                                   0x2000003e   Data           1  main.o(.data)
    GUI_TouchX                               0x20000040   Data           4  main.o(.data)
    GUI_TouchY                               0x20000044   Data           4  main.o(.data)
    PM9805_RecCtn                            0x20000058   Data           2  ui2000.o(.data)
    PLC_RecCtn                               0x2000005c   Data           2  powerlinecarrier.o(.data)
    g_ucTestPluseEn                          0x2000007e   Data           1  cal_test.o(.data)
    g_cPwm                                   0x2000007f   Data           1  cal_test.o(.data)
    g_fPwm                                   0x20000080   Data           4  cal_test.o(.data)
    g_fPwmFrequency                          0x20000084   Data           4  cal_test.o(.data)
    ucID                                     0x200000a8   Data          17  lcd12864.o(.data)
    g_ucVol                                  0x200000b9   Data          17  lcd12864.o(.data)
    g_ucCur                                  0x200000ca   Data          17  lcd12864.o(.data)
    g_ucPower                                0x200000db   Data          17  lcd12864.o(.data)
    g_ucZero2Ten                             0x200000ec   Data          17  lcd12864.o(.data)
    g_ucPwmPercent                           0x200000fd   Data          17  lcd12864.o(.data)
    g_ucBar                                  0x2000010e   Data          17  lcd12864.o(.data)
    g_ucSegNum                               0x2000011f   Data          17  lcd12864.o(.data)
    g_ucSegStart                             0x20000130   Data          17  lcd12864.o(.data)
    g_ucSegEnd                               0x20000141   Data          17  lcd12864.o(.data)
    g_ucIdNow                                0x20000152   Data          17  lcd12864.o(.data)
    g_ucJigLoraId                            0x20000163   Data          17  lcd12864.o(.data)
    pucDisTable                              0x20000174   Data         356  lcd12864.o(.data)
    g_ucC6000_RecLen                         0x200002d8   Data           1  lorac6000.o(.data)
    g_ucC6000_RcvFlag                        0x200002d9   Data           1  lorac6000.o(.data)
    SystemCoreClock                          0x200002f4   Data           4  system_stm32f10x.o(.data)
    AHBPrescTable                            0x200002f8   Data          16  system_stm32f10x.o(.data)
    OSCtxSwCtr                               0x20000308   Data           4  os_core.o(.data)
    OSEventFreeList                          0x2000030c   Data           4  os_core.o(.data)
    OSFlagFreeList                           0x20000310   Data           4  os_core.o(.data)
    OSIntNesting                             0x20000314   Data           1  os_core.o(.data)
    OSLockNesting                            0x20000315   Data           1  os_core.o(.data)
    OSPrioCur                                0x20000316   Data           1  os_core.o(.data)
    OSPrioHighRdy                            0x20000317   Data           1  os_core.o(.data)
    OSRdyGrp                                 0x20000318   Data           1  os_core.o(.data)
    OSRdyTbl                                 0x20000319   Data           8  os_core.o(.data)
    OSRunning                                0x20000321   Data           1  os_core.o(.data)
    OSTaskCtr                                0x20000322   Data           1  os_core.o(.data)
    OSIdleCtr                                0x20000324   Data           4  os_core.o(.data)
    OSTCBCur                                 0x20000328   Data           4  os_core.o(.data)
    OSTCBFreeList                            0x2000032c   Data           4  os_core.o(.data)
    OSTCBHighRdy                             0x20000330   Data           4  os_core.o(.data)
    OSTCBList                                0x20000334   Data           4  os_core.o(.data)
    OSTickStepState                          0x20000338   Data           1  os_core.o(.data)
    OSMemFreeList                            0x2000033c   Data           4  os_core.o(.data)
    OSQFreeList                              0x20000340   Data           4  os_core.o(.data)
    OSTime                                   0x20000344   Data           4  os_core.o(.data)
    OSTmrFree                                0x20000348   Data           2  os_core.o(.data)
    OSTmrUsed                                0x2000034a   Data           2  os_core.o(.data)
    OSTmrTime                                0x2000034c   Data           4  os_core.o(.data)
    OSTmrSem                                 0x20000350   Data           4  os_core.o(.data)
    OSTmrSemSignal                           0x20000354   Data           4  os_core.o(.data)
    OSTmrFreeList                            0x20000358   Data           4  os_core.o(.data)
    OS_CPU_ExceptStkBase                     0x2000035c   Data           4  os_cpu_c.o(.data)
    ucLoraRecBuff                            0x20000364   Data          50  stm32f10x_it.o(.bss)
    PM9805_pRecBuff                          0x20000396   Data         800  ui2000.o(.bss)
    PLC_pRecBuff                             0x200006b6   Data         250  powerlinecarrier.o(.bss)
    g_ucC6000_RecBuf                         0x20000894   Data          20  lorac6000.o(.bss)
    OSEventTbl                               0x200008a8   Data         240  os_core.o(.bss)
    OSFlagTbl                                0x20000998   Data          80  os_core.o(.bss)
    OSTaskIdleStk                            0x200009e8   Data         512  os_core.o(.bss)
    OSTCBPrioTbl                             0x20000be8   Data         256  os_core.o(.bss)
    OSTCBTbl                                 0x20000ce8   Data        1848  os_core.o(.bss)
    OSMemTbl                                 0x20001420   Data         120  os_core.o(.bss)
    OSQTbl                                   0x20001498   Data          96  os_core.o(.bss)
    OSTmrTbl                                 0x200014f8   Data         640  os_core.o(.bss)
    OSTmrTaskStk                             0x20001778   Data         512  os_core.o(.bss)
    OSTmrWheelTbl                            0x20001978   Data          64  os_core.o(.bss)
    OS_CPU_ExceptStk                         0x200019b8   Data         512  os_cpu_c.o(.bss)
    __libspace_start                         0x20001bb8   Data          96  libspace.o(.bss)
    __temporary_stack_top$libspace           0x20001c18   Data           0  libspace.o(.bss)
    AdDataBuff1                              0x20002000   Data        1024  bp_config.o(.ARM.__AT_0x20002000)
    AdDataBuff2                              0x20002400   Data        1024  bp_config.o(.ARM.__AT_0x20002400)
    AD_Value                                 0x20002800   Data         160  bp_config.o(.ARM.__AT_0x20002800)



==============================================================================

Memory Map of the image

  Image Entry point : 0x08000131

  Load Region LR_IROM1 (Base: 0x08000000, Size: 0x00010638, Max: 0x00080000, ABSOLUTE, COMPRESSED[0x00010468])

    Execution Region ER_IROM1 (Base: 0x08000000, Size: 0x000102d4, Max: 0x00080000, ABSOLUTE)

    Base Addr    Size         Type   Attr      Idx    E Section Name        Object

    0x08000000   0x00000130   Data   RO          433    RESET               startup_stm32f10x_hd.o
    0x08000130   0x00000008   Code   RO         1342  * !!!main             c_w.l(__main.o)
    0x08000138   0x00000034   Code   RO         1566    !!!scatter          c_w.l(__scatter.o)
    0x0800016c   0x0000005a   Code   RO         1564    !!dczerorl2         c_w.l(__dczerorl2.o)
    0x080001c6   0x00000002   PAD
    0x080001c8   0x0000001c   Code   RO         1568    !!handler_zi        c_w.l(__scatter_zi.o)
    0x080001e4   0x00000000   Code   RO         1331    .ARM.Collect$$_printf_percent$$00000000  c_w.l(_printf_percent.o)
    0x080001e4   0x00000006   Code   RO         1330    .ARM.Collect$$_printf_percent$$00000009  c_w.l(_printf_d.o)
    0x080001ea   0x00000004   Code   RO         1401    .ARM.Collect$$_printf_percent$$00000017  c_w.l(_printf_percent_end.o)
    0x080001ee   0x00000002   Code   RO         1441    .ARM.Collect$$libinit$$00000000  c_w.l(libinit.o)
    0x080001f0   0x00000000   Code   RO         1448    .ARM.Collect$$libinit$$00000002  c_w.l(libinit2.o)
    0x080001f0   0x00000000   Code   RO         1450    .ARM.Collect$$libinit$$00000004  c_w.l(libinit2.o)
    0x080001f0   0x00000000   Code   RO         1453    .ARM.Collect$$libinit$$0000000A  c_w.l(libinit2.o)
    0x080001f0   0x00000000   Code   RO         1455    .ARM.Collect$$libinit$$0000000C  c_w.l(libinit2.o)
    0x080001f0   0x00000000   Code   RO         1457    .ARM.Collect$$libinit$$0000000E  c_w.l(libinit2.o)
    0x080001f0   0x00000000   Code   RO         1460    .ARM.Collect$$libinit$$00000011  c_w.l(libinit2.o)
    0x080001f0   0x00000000   Code   RO         1462    .ARM.Collect$$libinit$$00000013  c_w.l(libinit2.o)
    0x080001f0   0x00000000   Code   RO         1464    .ARM.Collect$$libinit$$00000015  c_w.l(libinit2.o)
    0x080001f0   0x00000000   Code   RO         1466    .ARM.Collect$$libinit$$00000017  c_w.l(libinit2.o)
    0x080001f0   0x00000000   Code   RO         1468    .ARM.Collect$$libinit$$00000019  c_w.l(libinit2.o)
    0x080001f0   0x00000000   Code   RO         1470    .ARM.Collect$$libinit$$0000001B  c_w.l(libinit2.o)
    0x080001f0   0x00000000   Code   RO         1472    .ARM.Collect$$libinit$$0000001D  c_w.l(libinit2.o)
    0x080001f0   0x00000000   Code   RO         1474    .ARM.Collect$$libinit$$0000001F  c_w.l(libinit2.o)
    0x080001f0   0x00000000   Code   RO         1476    .ARM.Collect$$libinit$$00000021  c_w.l(libinit2.o)
    0x080001f0   0x00000000   Code   RO         1478    .ARM.Collect$$libinit$$00000023  c_w.l(libinit2.o)
    0x080001f0   0x00000000   Code   RO         1480    .ARM.Collect$$libinit$$00000025  c_w.l(libinit2.o)
    0x080001f0   0x00000000   Code   RO         1484    .ARM.Collect$$libinit$$0000002C  c_w.l(libinit2.o)
    0x080001f0   0x00000000   Code   RO         1486    .ARM.Collect$$libinit$$0000002E  c_w.l(libinit2.o)
    0x080001f0   0x00000000   Code   RO         1488    .ARM.Collect$$libinit$$00000030  c_w.l(libinit2.o)
    0x080001f0   0x00000000   Code   RO         1490    .ARM.Collect$$libinit$$00000032  c_w.l(libinit2.o)
    0x080001f0   0x00000002   Code   RO         1491    .ARM.Collect$$libinit$$00000033  c_w.l(libinit2.o)
    0x080001f2   0x00000002   Code   RO         1509    .ARM.Collect$$libshutdown$$00000000  c_w.l(libshutdown.o)
    0x080001f4   0x00000000   Code   RO         1520    .ARM.Collect$$libshutdown$$00000003  c_w.l(libshutdown2.o)
    0x080001f4   0x00000000   Code   RO         1523    .ARM.Collect$$libshutdown$$00000006  c_w.l(libshutdown2.o)
    0x080001f4   0x00000000   Code   RO         1526    .ARM.Collect$$libshutdown$$00000009  c_w.l(libshutdown2.o)
    0x080001f4   0x00000000   Code   RO         1528    .ARM.Collect$$libshutdown$$0000000B  c_w.l(libshutdown2.o)
    0x080001f4   0x00000000   Code   RO         1531    .ARM.Collect$$libshutdown$$0000000E  c_w.l(libshutdown2.o)
    0x080001f4   0x00000002   Code   RO         1532    .ARM.Collect$$libshutdown$$0000000F  c_w.l(libshutdown2.o)
    0x080001f6   0x00000000   Code   RO         1394    .ARM.Collect$$rtentry$$00000000  c_w.l(__rtentry.o)
    0x080001f6   0x00000000   Code   RO         1416    .ARM.Collect$$rtentry$$00000002  c_w.l(__rtentry2.o)
    0x080001f6   0x00000006   Code   RO         1428    .ARM.Collect$$rtentry$$00000004  c_w.l(__rtentry4.o)
    0x080001fc   0x00000000   Code   RO         1418    .ARM.Collect$$rtentry$$00000009  c_w.l(__rtentry2.o)
    0x080001fc   0x00000004   Code   RO         1419    .ARM.Collect$$rtentry$$0000000A  c_w.l(__rtentry2.o)
    0x08000200   0x00000000   Code   RO         1421    .ARM.Collect$$rtentry$$0000000C  c_w.l(__rtentry2.o)
    0x08000200   0x00000008   Code   RO         1422    .ARM.Collect$$rtentry$$0000000D  c_w.l(__rtentry2.o)
    0x08000208   0x00000002   Code   RO         1445    .ARM.Collect$$rtexit$$00000000  c_w.l(rtexit.o)
    0x0800020a   0x00000000   Code   RO         1493    .ARM.Collect$$rtexit$$00000002  c_w.l(rtexit2.o)
    0x0800020a   0x00000004   Code   RO         1494    .ARM.Collect$$rtexit$$00000003  c_w.l(rtexit2.o)
    0x0800020e   0x00000006   Code   RO         1495    .ARM.Collect$$rtexit$$00000004  c_w.l(rtexit2.o)
    0x08000214   0x00000360   Code   RO            1    .text               stm32f10x_it.o
    0x08000574   0x00000e74   Code   RO          271    .text               main.o
    0x080013e8   0x00000412   Code   RO          407    .text               bp_config.o
    0x080017fa   0x00000002   PAD
    0x080017fc   0x00000040   Code   RO          434    .text               startup_stm32f10x_hd.o
    0x0800183c   0x000003e4   Code   RO          439    .text               usart.o
    0x08001c20   0x00000014   Code   RO          462    .text               commonfunction.o
    0x08001c34   0x0000024c   Code   RO          474    .text               ui2000.o
    0x08001e80   0x00001f14   Code   RO          490    .text               powerlinecarrier.o
    0x08003d94   0x00000344   Code   RO          541    .text               rtc.o
    0x080040d8   0x0000255c   Code   RO          560    .text               cal_test.o
    0x08006634   0x000001ac   Code   RO          578    .text               adc.o
    0x080067e0   0x00000294   Code   RO          612    .text               calothertest.o
    0x08006a74   0x000001e0   Code   RO          627    .text               lcd12864.o
    0x08006c54   0x00000358   Code   RO          643    .text               gp9034t.o
    0x08006fac   0x000000ce   Code   RO          658    .text               flashoperate.o
    0x0800707a   0x00000002   PAD
    0x0800707c   0x00000444   Code   RO          670    .text               lorac6000.o
    0x080074c0   0x000000a2   Code   RO          687    .text               utility.o
    0x08007562   0x00000036   Code   RO          699    .text               regtarge.o
    0x08007598   0x000002bc   Code   RO          761    .text               tft.o
    0x08007854   0x000000dc   Code   RO          788    .text               misc.o
    0x08007930   0x0000044e   Code   RO          800    .text               stm32f10x_adc.o
    0x08007d7e   0x00000002   PAD
    0x08007d80   0x000000c4   Code   RO          812    .text               stm32f10x_bkp.o
    0x08007e44   0x00000254   Code   RO          884    .text               stm32f10x_dma.o
    0x08008098   0x0000011c   Code   RO          896    .text               stm32f10x_exti.o
    0x080081b4   0x000005bc   Code   RO          908    .text               stm32f10x_flash.o
    0x08008770   0x0000060c   Code   RO          920    .text               stm32f10x_fsmc.o
    0x08008d7c   0x0000035c   Code   RO          932    .text               stm32f10x_gpio.o
    0x080090d8   0x000000cc   Code   RO          968    .text               stm32f10x_pwr.o
    0x080091a4   0x000003a4   Code   RO          980    .text               stm32f10x_rcc.o
    0x08009548   0x00000148   Code   RO          994    .text               stm32f10x_rtc.o
    0x08009690   0x00000e1a   Code   RO         1030    .text               stm32f10x_tim.o
    0x0800a4aa   0x00000002   PAD
    0x0800a4ac   0x00000408   Code   RO         1042    .text               stm32f10x_usart.o
    0x0800a8b4   0x000001e0   Code   RO         1064    .text               system_stm32f10x.o
    0x0800aa94   0x000006e0   Code   RO         1082    .text               os_tmr.o
    0x0800b174   0x00000c08   Code   RO         1094    .text               os_core.o
    0x0800bd7c   0x00000864   Code   RO         1114    .text               os_flag.o
    0x0800c5e0   0x0000042c   Code   RO         1126    .text               os_mbox.o
    0x0800ca0c   0x00000258   Code   RO         1138    .text               os_mem.o
    0x0800cc64   0x00000654   Code   RO         1162    .text               os_q.o
    0x0800d2b8   0x000003e0   Code   RO         1174    .text               os_sem.o
    0x0800d698   0x0000090c   Code   RO         1186    .text               os_task.o
    0x0800dfa4   0x000001d4   Code   RO         1198    .text               os_time.o
    0x0800e178   0x00000174   Code   RO         1219    .text               os_cpu_c.o
    0x0800e2ec   0x000000a4   Code   RO         1249    .text               os_cpu_a.o
    0x0800e390   0x00000002   Code   RO         1298    .text               c_w.l(use_no_semi.o)
    0x0800e392   0x00000002   PAD
    0x0800e394   0x00000028   Code   RO         1302    .text               c_w.l(noretval__2sprintf.o)
    0x0800e3bc   0x0000004e   Code   RO         1306    .text               c_w.l(_printf_pad.o)
    0x0800e40a   0x00000002   PAD
    0x0800e40c   0x00000078   Code   RO         1308    .text               c_w.l(_printf_dec.o)
    0x0800e484   0x00000138   Code   RO         1322    .text               c_w.l(__printf_flags_wp.o)
    0x0800e5bc   0x0000003e   Code   RO         1332    .text               c_w.l(strlen.o)
    0x0800e5fa   0x00000064   Code   RO         1334    .text               c_w.l(rt_memcpy_w.o)
    0x0800e65e   0x00000044   Code   RO         1336    .text               c_w.l(rt_memclr.o)
    0x0800e6a2   0x0000004e   Code   RO         1338    .text               c_w.l(rt_memclr_w.o)
    0x0800e6f0   0x00000006   Code   RO         1340    .text               c_w.l(heapauxi.o)
    0x0800e6f6   0x000000b2   Code   RO         1395    .text               c_w.l(_printf_intcommon.o)
    0x0800e7a8   0x00000030   Code   RO         1397    .text               c_w.l(_printf_char_common.o)
    0x0800e7d8   0x0000000a   Code   RO         1399    .text               c_w.l(_sputc.o)
    0x0800e7e2   0x0000004a   Code   RO         1432    .text               c_w.l(sys_stackheap_outer.o)
    0x0800e82c   0x0000000c   Code   RO         1434    .text               c_w.l(exit.o)
    0x0800e838   0x00000008   Code   RO         1442    .text               c_w.l(libspace.o)
    0x0800e840   0x0000000e   Code   RO         1320    i._is_digit         c_w.l(__printf_wp.o)
    0x0800e84e   0x00000002   PAD
    0x0800e850   0x00000062   Code   RO         1344    x$fpl$d2f           fz_ws.l(d2f.o)
    0x0800e8b2   0x00000018   Code   RO         1402    x$fpl$dcmpinf       fz_ws.l(dcmpi.o)
    0x0800e8ca   0x00000002   PAD
    0x0800e8cc   0x000002b0   Code   RO         1347    x$fpl$ddiv          fz_ws.l(ddiv.o)
    0x0800eb7c   0x0000005a   Code   RO         1350    x$fpl$dfixu         fz_ws.l(dfixu.o)
    0x0800ebd6   0x00000026   Code   RO         1354    x$fpl$dfltu         fz_ws.l(dflt_clz.o)
    0x0800ebfc   0x00000078   Code   RO         1360    x$fpl$dleqf         fz_ws.l(dleqf.o)
    0x0800ec74   0x00000154   Code   RO         1362    x$fpl$dmul          fz_ws.l(dmul.o)
    0x0800edc8   0x0000009c   Code   RO         1404    x$fpl$dnaninf       fz_ws.l(dnaninf.o)
    0x0800ee64   0x0000000c   Code   RO         1406    x$fpl$dretinf       fz_ws.l(dretinf.o)
    0x0800ee70   0x0000006c   Code   RO         1364    x$fpl$drleqf        fz_ws.l(drleqf.o)
    0x0800eedc   0x00000056   Code   RO         1366    x$fpl$f2d           fz_ws.l(f2d.o)
    0x0800ef32   0x00000002   PAD
    0x0800ef34   0x000000c4   Code   RO         1368    x$fpl$fadd          fz_ws.l(faddsub_clz.o)
    0x0800eff8   0x00000018   Code   RO         1408    x$fpl$fcmpinf       fz_ws.l(fcmpi.o)
    0x0800f010   0x00000184   Code   RO         1375    x$fpl$fdiv          fz_ws.l(fdiv.o)
    0x0800f194   0x0000003e   Code   RO         1378    x$fpl$ffixu         fz_ws.l(ffixu.o)
    0x0800f1d2   0x00000002   PAD
    0x0800f1d4   0x00000030   Code   RO         1383    x$fpl$fflt          fz_ws.l(fflt_clz.o)
    0x0800f204   0x00000026   Code   RO         1382    x$fpl$ffltu         fz_ws.l(fflt_clz.o)
    0x0800f22a   0x00000002   PAD
    0x0800f22c   0x00000068   Code   RO         1388    x$fpl$fleqf         fz_ws.l(fleqf.o)
    0x0800f294   0x00000102   Code   RO         1390    x$fpl$fmul          fz_ws.l(fmul.o)
    0x0800f396   0x0000008c   Code   RO         1410    x$fpl$fnaninf       fz_ws.l(fnaninf.o)
    0x0800f422   0x0000000a   Code   RO         1412    x$fpl$fretinf       fz_ws.l(fretinf.o)
    0x0800f42c   0x00000062   Code   RO         1392    x$fpl$frleqf        fz_ws.l(frleqf.o)
    0x0800f48e   0x00000014   Code   RO         1369    x$fpl$frsb          fz_ws.l(faddsub_clz.o)
    0x0800f4a2   0x00000002   PAD
    0x0800f4a4   0x000000ea   Code   RO         1370    x$fpl$fsub          fz_ws.l(faddsub_clz.o)
    0x0800f58e   0x00000000   Code   RO         1414    x$fpl$usenofp       fz_ws.l(usenofp.o)
    0x0800f58e   0x00000002   PAD
    0x0800f590   0x00000044   Data   RO          492    .constdata          powerlinecarrier.o
    0x0800f5d4   0x00000018   Data   RO          543    .constdata          rtc.o
    0x0800f5ec   0x00000058   Data   RO          562    .constdata          cal_test.o
    0x0800f644   0x0000051d   Data   RO          628    .constdata          lcd12864.o
    0x0800fb61   0x00000640   Data   RO          644    .constdata          gp9034t.o
    0x080101a1   0x00000100   Data   RO         1096    .constdata          os_core.o
    0x080102a1   0x00000011   Data   RO         1323    .constdata          c_w.l(__printf_flags_wp.o)
    0x080102b2   0x00000002   PAD
    0x080102b4   0x00000020   Data   RO         1562    Region$$Table       anon$$obj.o


    Execution Region RW_IRAM1 (Base: 0x20000000, Size: 0x00005d78, Max: 0x00010000, ABSOLUTE, COMPRESSED[0x00000194])

    Base Addr    Size         Type   Attr      Idx    E Section Name        Object

    0x20000000   0x0000000b   Data   RW            3    .data               stm32f10x_it.o
    0x2000000b   0x00000001   PAD
    0x2000000c   0x0000004b   Data   RW          273    .data               main.o
    0x20000057   0x00000001   PAD
    0x20000058   0x00000002   Data   RW          476    .data               ui2000.o
    0x2000005a   0x00000002   PAD
    0x2000005c   0x00000011   Data   RW          493    .data               powerlinecarrier.o
    0x2000006d   0x00000003   PAD
    0x20000070   0x0000002e   Data   RW          563    .data               cal_test.o
    0x2000009e   0x00000002   PAD
    0x200000a0   0x00000008   Data   RW          613    .data               calothertest.o
    0x200000a8   0x00000230   Data   RW          629    .data               lcd12864.o
    0x200002d8   0x00000002   Data   RW          672    .data               lorac6000.o
    0x200002da   0x00000004   Data   RW          762    .data               tft.o
    0x200002de   0x00000014   Data   RW          981    .data               stm32f10x_rcc.o
    0x200002f2   0x00000002   PAD
    0x200002f4   0x00000014   Data   RW         1065    .data               system_stm32f10x.o
    0x20000308   0x00000054   Data   RW         1097    .data               os_core.o
    0x2000035c   0x00000006   Data   RW         1221    .data               os_cpu_c.o
    0x20000362   0x00000002   PAD
    0x20000364   0x00000032   Zero   RW            2    .bss                stm32f10x_it.o
    0x20000396   0x00000320   Zero   RW          475    .bss                ui2000.o
    0x200006b6   0x000000fa   Zero   RW          491    .bss                powerlinecarrier.o
    0x200007b0   0x00000028   Zero   RW          542    .bss                rtc.o
    0x200007d8   0x00000044   Zero   RW          561    .bss                cal_test.o
    0x2000081c   0x00000078   Zero   RW          579    .bss                adc.o
    0x20000894   0x00000014   Zero   RW          671    .bss                lorac6000.o
    0x200008a8   0x00001110   Zero   RW         1095    .bss                os_core.o
    0x200019b8   0x00000200   Zero   RW         1220    .bss                os_cpu_c.o
    0x20001bb8   0x00000060   Zero   RW         1443    .bss                c_w.l(libspace.o)
    0x20001c18   0x00000200   Zero   RW          432    HEAP                startup_stm32f10x_hd.o
    0x20001e18   0x000001e8   PAD
    0x20002000   0x00000400   Zero   RW          408    .ARM.__AT_0x20002000  bp_config.o
    0x20002400   0x00000400   Zero   RW          409    .ARM.__AT_0x20002400  bp_config.o
    0x20002800   0x000000a0   Zero   RW          410    .ARM.__AT_0x20002800  bp_config.o
    0x200028a0   0x000030d4   Zero   RW          272    .bss                main.o
    0x20005974   0x00000004   PAD
    0x20005978   0x00000400   Zero   RW          431    STACK               startup_stm32f10x_hd.o


==============================================================================

Image component sizes


      Code (inc. data)   RO Data    RW Data    ZI Data      Debug   Object Name

       428         32          0          0        120       1814   adc.o
      1042         44          0          0       2208       3813   bp_config.o
      9564        654         88         46         68      22690   cal_test.o
       660         30          0          8          0       3998   calothertest.o
        20          0          0          0          0        792   commonfunction.o
       206          0          0          0          0       1662   flashoperate.o
       856        130       1600          0          0       3194   gp9034t.o
       480         14       1309        560          0       6175   lcd12864.o
      1092         88          0          2         20       4811   lorac6000.o
      3700        280          0         75      12500      13849   main.o
       220         22          0          0          0       1861   misc.o
      3080        208        256         84       4368      18299   os_core.o
       164         32          0          0          0        348   os_cpu_a.o
       372         36          0          6        512      27272   os_cpu_c.o
      2148         44          0          0          0       6996   os_flag.o
      1068         20          0          0          0       4326   os_mbox.o
       600         16          0          0          0       3400   os_mem.o
      1620         34          0          0          0       5833   os_q.o
       992         22          0          0          0       4050   os_sem.o
      2316         76          0          0          0       8129   os_task.o
       468         28          0          0          0       1870   os_time.o
      1760        132          0          0          0       5713   os_tmr.o
      7956        184         68         17        250      24950   powerlinecarrier.o
        54          0          0          0          0       2787   regtarge.o
       836         66         24          0         40       3073   rtc.o
        64         26        304          0       1536        852   startup_stm32f10x_hd.o
      1102         26          0          0          0      10897   stm32f10x_adc.o
       196          8          0          0          0       3524   stm32f10x_bkp.o
       596          8          0          0          0       4390   stm32f10x_dma.o
       284         10          0          0          0       2299   stm32f10x_exti.o
      1468         34          0          0          0       8090   stm32f10x_flash.o
      1548         18          0          0          0       5411   stm32f10x_fsmc.o
       860         38          0          0          0       5709   stm32f10x_gpio.o
       864        106          0         11         50     315018   stm32f10x_it.o
       204         14          0          0          0       1951   stm32f10x_pwr.o
       932         36          0         20          0       8924   stm32f10x_rcc.o
       328          4          0          0          0       2702   stm32f10x_rtc.o
      3610         88          0          0          0      22196   stm32f10x_tim.o
      1032         22          0          0          0       8432   stm32f10x_usart.o
       480         38          0         20          0       1975   system_stm32f10x.o
       700         32          0          4          0       2572   tft.o
       588         18          0          2        800       3356   ui2000.o
       996         36          0          0          0      12203   usart.o
       162          0          0          0          0       1787   utility.o

    ----------------------------------------------------------------------
     57724       2754       3681        868      22964     603993   Object Totals
         0          0         32          0          0          0   (incl. Generated)
         8          0          0         13        492          0   (incl. Padding)

    ----------------------------------------------------------------------

      Code (inc. data)   RO Data    RW Data    ZI Data      Debug   Library Member Name

        90          0          0          0          0          0   __dczerorl2.o
         8          0          0          0          0         68   __main.o
       312          4         17          0          0         92   __printf_flags_wp.o
        14          0          0          0          0         68   __printf_wp.o
         0          0          0          0          0          0   __rtentry.o
        12          0          0          0          0          0   __rtentry2.o
         6          0          0          0          0          0   __rtentry4.o
        52          8          0          0          0          0   __scatter.o
        28          0          0          0          0          0   __scatter_zi.o
        48          6          0          0          0         96   _printf_char_common.o
         6          0          0          0          0          0   _printf_d.o
       120         16          0          0          0         92   _printf_dec.o
       178          0          0          0          0         88   _printf_intcommon.o
        78          0          0          0          0        108   _printf_pad.o
         0          0          0          0          0          0   _printf_percent.o
         4          0          0          0          0          0   _printf_percent_end.o
        10          0          0          0          0         68   _sputc.o
        12          0          0          0          0         72   exit.o
         6          0          0          0          0        152   heapauxi.o
         2          0          0          0          0          0   libinit.o
         2          0          0          0          0          0   libinit2.o
         2          0          0          0          0          0   libshutdown.o
         2          0          0          0          0          0   libshutdown2.o
         8          4          0          0         96         68   libspace.o
        40          6          0          0          0         84   noretval__2sprintf.o
        68          0          0          0          0         68   rt_memclr.o
        78          0          0          0          0         80   rt_memclr_w.o
       100          0          0          0          0         80   rt_memcpy_w.o
         2          0          0          0          0          0   rtexit.o
        10          0          0          0          0          0   rtexit2.o
        62          0          0          0          0         76   strlen.o
        74          0          0          0          0         80   sys_stackheap_outer.o
         2          0          0          0          0         68   use_no_semi.o
        98          4          0          0          0         92   d2f.o
        24          0          0          0          0         68   dcmpi.o
       688        140          0          0          0        208   ddiv.o
        90          4          0          0          0         92   dfixu.o
        38          0          0          0          0         68   dflt_clz.o
       120          4          0          0          0         92   dleqf.o
       340         12          0          0          0        104   dmul.o
       156          4          0          0          0         92   dnaninf.o
        12          0          0          0          0         68   dretinf.o
       108          0          0          0          0         80   drleqf.o
        86          4          0          0          0         84   f2d.o
       450          8          0          0          0        236   faddsub_clz.o
        24          0          0          0          0         68   fcmpi.o
       388         76          0          0          0         96   fdiv.o
        62          4          0          0          0         84   ffixu.o
        86          0          0          0          0        136   fflt_clz.o
       104          4          0          0          0         84   fleqf.o
       258          4          0          0          0         84   fmul.o
       140          4          0          0          0         84   fnaninf.o
        10          0          0          0          0         68   fretinf.o
        98          0          0          0          0         68   frleqf.o
         0          0          0          0          0          0   usenofp.o

    ----------------------------------------------------------------------
      4836        316         19          0         96       3564   Library Totals
        20          0          2          0          0          0   (incl. Padding)

    ----------------------------------------------------------------------

      Code (inc. data)   RO Data    RW Data    ZI Data      Debug   Library Name

      1436         44         17          0         96       1508   c_w.l
      3380        272          0          0          0       2056   fz_ws.l

    ----------------------------------------------------------------------
      4836        316         19          0         96       3564   Library Totals

    ----------------------------------------------------------------------

==============================================================================


      Code (inc. data)   RO Data    RW Data    ZI Data      Debug   

     62560       3070       3700        868      23060     601157   Grand Totals
     62560       3070       3700        404      23060     601157   ELF Image Totals (compressed)
     62560       3070       3700        404          0          0   ROM Totals

==============================================================================

    Total RO  Size (Code + RO Data)                66260 (  64.71kB)
    Total RW  Size (RW Data + ZI Data)             23928 (  23.37kB)
    Total ROM Size (Code + RO Data + RW Data)      66664 (  65.10kB)

==============================================================================

